

제목 : 22.11.26 제 87 일  토 요일   1경주;   

 1000 M   출전:12두    국6등급   ( R0~0             2세       )     출발:10:45
 별정A         일반      
  33,000,000원   13,200,000원    8,400,000원    3,000,000원    2,400,000원 
------------------------------------------------------------------------------------------------------
 마번  마   명            산지  성별 연령 중량       기수       조교사     마주              레이팅
------------------------------------------------------------------------------------------------------
   1   바덴바덴            한    암   2  52.0   (-1)김태희      강성오    박치문                   
   2   그레이스케이        한    암   2  53.0       김정준      송문길    강경운                   
   3   비트러너            한(포)암   2  53.0       김동수      이관호    황은호                   
   4   큐피드시크          한    암   2  53.0       임다빈      최용구    서순배                   
   5   파인데이            한    암   2  53.0       함완식      심승태    오종환                   
   6   골든플라잉          한    암   2  53.0       조재로      구자흥    표종순                   
   7   터치참              한    암   2  53.0       장추열      유재길    김명식                   
   8   피닉스서브          한    암   2  53.0       김용근      박병일    권경자                   
   9   에이펙스            한    암   2  53.0       이혁        박종곤    김정철                   
  10   에이스티아라        한    암   2  53.0       먼로        문병기    김광두                   
  11   밀리언파티          한(포)암   2  53.0       송재철      이준철    배은정                   
  12   걸작투어            한    암   2  51.0   (-2)김아현      박윤규    박덕희                   
------------------------------------------------------------------------------------------------------
                                                                          --총전적--      --1년전적--
 마번  마  명                  수득상금     1년수득상금  6개월수득상금  1위/2위/3위/계  1위/2위/3위/계
------------------------------------------------------------------------------------------------------
   1   바덴바덴                         0             0             0    0   0   0   0   0   0   0   0
   2   그레이스케이                     0             0             0    0   0   0   0   0   0   0   0
   3   비트러너                         0             0             0    0   0   0   0   0   0   0   0
   4   큐피드시크                       0             0             0    0   0   0   0   0   0   0   0
   5   파인데이                         0             0             0    0   0   0   0   0   0   0   0
   6   골든플라잉                       0             0             0    0   0   0   0   0   0   0   0
   7   터치참                           0             0             0    0   0   0   0   0   0   0   0
   8   피닉스서브               8,400,000     8,400,000     8,400,000    0   0   1   1   0   0   1   1
   9   에이펙스                         0             0             0    0   0   0   0   0   0   0   0
  10   에이스티아라                     0             0             0    0   0   0   0   0   0   0   0
  11   밀리언파티                       0             0             0    0   0   0   0   0   0   0   0
  12   걸작투어                         0             0             0    0   0   0   0   0   0   0   0
------------------------------------------------------------------------------------------------------


제목 : 22.11.26 제 87 일  토 요일   2경주;   

 1200 M   출전:12두    국6등급   ( R0~0             2세       )     출발:11:35
 별정A         일반      
  22,000,000원    8,800,000원    5,600,000원    2,000,000원    1,600,000원 
------------------------------------------------------------------------------------------------------
 마번  마   명            산지  성별 연령 중량       기수       조교사     마주              레이팅
------------------------------------------------------------------------------------------------------
   1   라온홀리데이        한    수   2  55.0       김정준      박종곤    손광섭                   
   2   아치러너            한    암   2  53.0       김효정      최용건    송암축산                 
   3   레몬블레이드        한    수   2  55.0       먼로        강환민    김병진                   
   4   히어로퀸            한    암   2  53.0       장추열      안해양    임재형                   
   5   압구정치타          한    암   2  53.0       박현우      안병기    조명식                   
   6   파워풀화성          한    거   2  55.0       함완식      곽영효    조중호                   
   7   선더브라보          한    수   2  55.0       송재철      홍대유    최동근                   
   8   원더풀위싱          한    암   2  53.0       이용호      임채덕    지대섭                   
   9   시크릿플레이        한    수   2  55.0       조재로      김동철    조현영                   
  10   고스트참            한    수   2  55.0       박을운      이신영    김세민                   
  11   리걸하이            한    암   2  53.0       임다빈      서인석    강균호                   
  12   서울스퍼트          한    암   2  52.0   (-1)김태희      이관호    이동좌                   
------------------------------------------------------------------------------------------------------
                                                                          --총전적--      --1년전적--
 마번  마  명                  수득상금     1년수득상금  6개월수득상금  1위/2위/3위/계  1위/2위/3위/계
------------------------------------------------------------------------------------------------------
   1   라온홀리데이                     0             0             0    0   0   0   2   0   0   0   2
   2   아치러너                         0             0             0    0   0   0   2   0   0   0   2
   3   레몬블레이드                     0             0             0    0   0   0   2   0   0   0   2
   4   히어로퀸                         0             0             0    0   0   0   1   0   0   0   1
   5   압구정치타                       0             0             0    0   0   0   2   0   0   0   2
   6   파워풀화성               5,600,000     5,600,000     5,600,000    0   0   1   4   0   0   1   4
   7   선더브라보               7,000,000     7,000,000     7,000,000    0   0   0   4   0   0   0   4
   8   원더풀위싱                       0             0             0    0   0   0   4   0   0   0   4
   9   시크릿플레이            16,800,000    16,800,000    16,800,000    0   0   2   3   0   0   2   3
  10   고스트참                 2,000,000     2,000,000     2,000,000    0   0   0   2   0   0   0   2
  11   리걸하이                 8,400,000     8,400,000     8,400,000    0   0   1   3   0   0   1   3
  12   서울스퍼트                       0             0             0    0   0   0   2   0   0   0   2
------------------------------------------------------------------------------------------------------


제목 : 22.11.26 제 87 일  토 요일   3경주;   

 1700 M   출전:12두    국6등급   ( R0~0             연령오픈  )     출발:12:55
 별정A         일반      
  13,750,000원    5,500,000원    3,500,000원    1,250,000원    1,000,000원 
------------------------------------------------------------------------------------------------------
 마번  마   명            산지  성별 연령 중량       기수       조교사     마주              레이팅
------------------------------------------------------------------------------------------------------
   1   대천챔프            한    암   3  54.0       박병윤      최봉주    김경민                   
   2   유로강자            한    거   3  56.0       임다빈      신삼영    조창규                   
   3   해피나이스          한    암   5  54.0       문정균      유재길    김영표                   
   4   바람살              한(포)암   3  54.0       방춘식      최상식    제일사료(주)             
   5   스위트카카오        한    암   4  54.0       김태훈      심승태    김용래                   
   6   챔피언함성          한    수   3  56.0       함완식      이관호    황의영                   
   7   송암레전드          한    수   3  56.0       조재로      최용구    송암축산                 
   8   하니                한    암   4  54.0       김옥성      임채덕    황혜정                   
   9   트레비트            한    수   3  52.0   (-4)이상규      손영표    노병석                   
  10   너를응원해          한(포)암   3  51.0   (-3)오수철      이준철    임동현                   
  11   마이공주            한    거   3  56.0       다비드      강성오    이기선                   
  12   제로백파이브        한    암   4  52.0   (-2)김아현      이관호    청수                     
------------------------------------------------------------------------------------------------------
                                                                          --총전적--      --1년전적--
 마번  마  명                  수득상금     1년수득상금  6개월수득상금  1위/2위/3위/계  1위/2위/3위/계
------------------------------------------------------------------------------------------------------
   1   대천챔프                 1,000,000     1,000,000     1,000,000    0   0   0   5   0   0   0   5
   2   유로강자                 6,000,000     6,000,000     1,250,000    0   0   1  10   0   0   1  10
   3   해피나이스               4,750,000     4,750,000     4,750,000    0   0   1  12   0   0   1   7
   4   바람살                   6,000,000     6,000,000     3,500,000    0   0   0  13   0   0   0  11
   5   스위트카카오             4,500,000     4,500,000     2,000,000    0   0   0  12   0   0   0  10
   6   챔피언함성                       0             0             0    0   0   0   7   0   0   0   7
   7   송암레전드               7,200,000     7,200,000             0    0   0   1   6   0   0   1   6
   8   하니                     7,750,000     5,750,000     2,250,000    0   0   1  15   0   0   1   7
   9   트레비트                 1,000,000     1,000,000     1,000,000    0   0   0   6   0   0   0   6
  10   너를응원해              19,700,000    19,700,000             0    0   1   1  10   0   1   1   9
  11   마이공주                 7,000,000     7,000,000     7,000,000    0   0   2   6   0   0   2   6
  12   제로백파이브             1,250,000     1,250,000             0    0   0   0   9   0   0   0   7
------------------------------------------------------------------------------------------------------


제목 : 22.11.26 제 87 일  토 요일   4경주;   

 1200 M   출전:11두    국5등급   ( R1~35            연령오픈  )     출발:13:45
 핸디캡        일반      
  22,000,000원    8,800,000원    5,600,000원    2,000,000원    1,600,000원 
------------------------------------------------------------------------------------------------------
 마번  마   명            산지  성별 연령 중량       기수       조교사     마주              레이팅
------------------------------------------------------------------------------------------------------
   1   옥천최강            한    수   3  53.0       함완식      곽영효    이재민                 26
   2   도끼불패            한    수   2  54.0       김용근      이준철    김형란                 30
   3   하늘아              한    암   3  51.0   (-2)김아현      김윤섭    최성룡                 27
   4   금성스피드          한    암   3  53.0       다비드      박재우    조창규                 30
   5   베스트선            한    수   2  54.5       송재철      박천서    베스트샤인조합         31
   6   비플라워            한    암   3  52.0       김옥성      조현수    정광화                 23
   7   런던퀸              한    암   4  52.5       임다빈      이희영    임현성                 29
   8   알사이먼            한    암   3  55.0       이용호      신삼영    박정배                 34
   9   천마챗              한    수   2  55.0       김동수      최봉주    조금제                 32
  10   랠리퀸              한    암   3  52.5       장추열      김동균    최동근                 29
  11   에이스플랜          한    수   3  56.0       먼로        홍대유    황봉기                 32
------------------------------------------------------------------------------------------------------
                                                                          --총전적--      --1년전적--
 마번  마  명                  수득상금     1년수득상금  6개월수득상금  1위/2위/3위/계  1위/2위/3위/계
------------------------------------------------------------------------------------------------------
   1   옥천최강                21,600,000    21,600,000    17,600,000    0   2   0   7   0   2   0   7
   2   도끼불패                33,000,000    33,000,000    33,000,000    1   0   0   1   1   0   0   1
   3   하늘아                  17,900,000    17,900,000    15,900,000    0   2   0   8   0   2   0   8
   4   금성스피드              20,600,000    20,600,000    20,600,000    1   0   1   7   1   0   1   7
   5   베스트선                33,000,000    33,000,000    33,000,000    1   0   0   1   1   0   0   1
   6   비플라워                16,300,000    16,300,000     5,100,000    0   0   3  12   0   0   3  12
   7   런던퀸                  41,570,000    16,200,000    11,600,000    1   1   2  17   0   0   1   9
   8   알사이먼                28,000,000    28,000,000    25,400,000    1   1   0   9   1   1   0   8
   9   천마챗                  21,350,000    21,350,000    21,350,000    1   0   1   6   1   0   1   6
  10   랠리퀸                  16,000,000    16,000,000    13,750,000    1   0   0  10   1   0   0   9
  11   에이스플랜              29,550,000    29,550,000    18,500,000    1   1   1  13   1   1   1  11
------------------------------------------------------------------------------------------------------


제목 : 22.11.26 제 87 일  토 요일   5경주;   

 1300 M   출전:12두    국5등급   ( R1~35            연령오픈  )     출발:14:35
 핸디캡        일반      
  22,000,000원    8,800,000원    5,600,000원    2,000,000원    1,600,000원 
------------------------------------------------------------------------------------------------------
 마번  마   명            산지  성별 연령 중량       기수       조교사     마주              레이팅
------------------------------------------------------------------------------------------------------
   1   희망챔프            한    수   3  53.0   (-3)오수철      최용건    박재범                 32
   2   뉴청파              한    수   3  55.5       함완식      최영주    김창국                 31
   3   마에스트로          한    수   4  55.0       이용호      박희철    우동희                 30
   4   타라타라타라        미    수   4  57.0       김동수      안병기    청수                   34
   5   골드윙              한    수   3  52.0   (-1)김태희      최영주    말사모                 26
   6   클래식스타          한    암   3  53.5       송재철      강환민    (주)나스카             31
   7   빛의대륙            한    암   3  54.5       김효정      배대선    미리내                 33
   8   올드스타트          한    거   3  54.5       임다빈      손영표    황경호                 29
   9   내길의별            한    수   3  54.0       이혁        홍대유    유종국                 28
  10   골든아너            한    수   3  55.0       장추열      전승규    박기태                 30
  11   원평퀸              한    암   3  51.0       김용근      유재길    김용재                 26
  12   신주류              한    수   3  52.0       김옥성      조현수    김선식                 24
------------------------------------------------------------------------------------------------------
                                                                          --총전적--      --1년전적--
 마번  마  명                  수득상금     1년수득상금  6개월수득상금  1위/2위/3위/계  1위/2위/3위/계
------------------------------------------------------------------------------------------------------
   1   희망챔프                49,000,000    49,000,000    16,000,000    1   0   2  13   1   0   2  11
   2   뉴청파                  13,750,000    13,750,000    13,750,000    1   0   0   6   1   0   0   6
   3   마에스트로              27,090,000    24,550,000     3,200,000    1   0   1  13   1   0   1   8
   4   타라타라타라             2,000,000     2,000,000     2,000,000    0   0   0   8   0   0   0   6
   5   골드윙                  15,750,000    15,750,000             0    1   0   0   9   1   0   0   7
   6   클래식스타              29,200,000    29,200,000    23,600,000    1   0   1   4   1   0   1   4
   7   빛의대륙                43,700,000    31,400,000    16,400,000    1   2   1  12   1   1   1   9
   8   올드스타트              43,800,000    10,800,000     3,200,000    1   0   1  10   0   0   1   8
   9   내길의별                19,250,000    19,250,000    17,250,000    1   0   1   9   1   0   1   9
  10   골든아너                22,900,000    22,900,000    14,100,000    0   2   1   5   0   2   1   5
  11   원평퀸                  17,600,000    17,600,000     9,100,000    0   2   0  11   0   2   0  11
  12   신주류                  15,850,000    15,850,000     5,600,000    0   1   2  13   0   1   2  10
------------------------------------------------------------------------------------------------------


제목 : 22.11.26 제 87 일  토 요일   6경주;   

 1400 M   출전:12두    국5등급   ( R1~35            연령오픈  )     출발:15:25
 핸디캡        일반      
  22,000,000원    8,800,000원    5,600,000원    2,000,000원    1,600,000원 
------------------------------------------------------------------------------------------------------
 마번  마   명            산지  성별 연령 중량       기수       조교사     마주              레이팅
------------------------------------------------------------------------------------------------------
   1   그랜드파워          한    수   3  54.0       김태훈      심승태    박정재                 28
   2   클라우터            한    거   4  52.0       문정균      배휴준    김용래                 23
   3   금아스위프트        한    거   4  53.5       함완식      이관호    금아산업(주)           27
   4   호크의영광          한    거   6  55.0       장추열      최봉주    오호극                 30
   5   에코존              한    수   3  55.5       조재로      김동철    양순희                 31
   6   골드스파이크        한    암   4  55.0       송재철      송문길    박복용                 34
   7   대마지풍            한    거   6  52.0       김옥성      박병일    강태구                 24
   8   디바인퓨처즈        한    수   3  53.5       문성혁      최용건    김정철                 27
   9   다울퀸              한    암   4  52.0       김효정      배대선    김봉겸                 21
  10   지금여기에          한    수   4  53.5       박병윤      김윤섭    최성룡                 27
  11   러너몬스터          한    수   3  52.0   (-2)김아현      최영주    손학봉                 28
  12   런던명가            한    수   3  55.0       다비드      안해양    임현성                 30
------------------------------------------------------------------------------------------------------
                                                                          --총전적--      --1년전적--
 마번  마  명                  수득상금     1년수득상금  6개월수득상금  1위/2위/3위/계  1위/2위/3위/계
------------------------------------------------------------------------------------------------------
   1   그랜드파워              24,700,000    24,700,000             0    0   3   0   9   0   3   0   8
   2   클라우터                23,700,000    23,700,000     6,600,000    0   1   2  26   0   1   2  17
   3   금아스위프트            24,200,000     8,800,000             0    0   2   2  15   0   1   0   5
   4   호크의영광              47,900,000    22,000,000     9,600,000    0   1   6  35   0   1   1  10
   5   에코존                  31,450,000    31,450,000    24,250,000    1   1   1  10   1   1   1  10
   6   골드스파이크            45,680,000    19,600,000    16,000,000    1   1   2  18   0   1   1   9
   7   대마지풍                28,880,000    13,200,000    13,200,000    1   0   2  17   0   0   2   5
   8   디바인퓨처즈            25,600,000    25,600,000    21,600,000    0   1   2  12   0   1   2  12
   9   다울퀸                  27,360,000     5,600,000     5,600,000    1   1   2  20   0   0   1  11
  10   지금여기에              38,400,000     7,600,000     7,600,000    1   1   1  23   0   0   1   9
  11   러너몬스터              15,750,000    15,750,000    15,750,000    0   2   1  13   0   2   1  12
  12   런던명가                16,950,000    16,950,000    15,350,000    1   0   0   6   1   0   0   6
------------------------------------------------------------------------------------------------------


제목 : 22.11.26 제 87 일  토 요일   7경주;   

 1600 M   출전:10두    국4등급   ( R1~50            연령오픈  )     출발:16:15
 별정B         일반      
  33,000,000원   13,200,000원    8,400,000원    3,000,000원    2,400,000원 
------------------------------------------------------------------------------------------------------
 마번  마   명            산지  성별 연령 중량       기수       조교사     마주              레이팅
------------------------------------------------------------------------------------------------------
   1   야무진왕초          한    수   3  54.0       장추열      안병기    우태율                 37
   2   메인오브킹          한    거   4  52.0   (-2)김아현      이관호    손병현                 37
   3   런보이런            한    거   3  56.0       김용근      안해양    김길중                 42
   4   킹아너              한    수   3  52.0   (-3)오수철      박윤규    희망홀스               40
   5   드림스피드          한    암   3  55.0       김태훈      리카디    남기태                 45
   6   청담탱크            한    암   5  56.0       먼로        토니      김병진                 50
   7   용호지마            한    수   3  54.0       박을운      박재우    (주)디알엠씨티         37
   8   라스트보스          한    수   4  55.0       함완식      심승태    김선식                 40
   9   좋은관계            한    거   4  57.0       김동수      신삼영    유영준                 47
  10   퀴클리런            한    암   3  55.0       다비드      강성오    씨유네트워크           47
------------------------------------------------------------------------------------------------------
                                                                          --총전적--      --1년전적--
 마번  마  명                  수득상금     1년수득상금  6개월수득상금  1위/2위/3위/계  1위/2위/3위/계
------------------------------------------------------------------------------------------------------
   1   야무진왕초              46,100,000    46,100,000    46,100,000    1   3   0  12   1   3   0  10
   2   메인오브킹              52,840,000    42,300,000    38,800,000    0   5   2  20   0   4   1  11
   3   런보이런                58,400,000    58,400,000    49,600,000    2   1   1   6   2   1   1   6
   4   킹아너                  56,750,000    56,750,000    55,150,000    2   1   2   8   2   1   2   8
   5   드림스피드              83,750,000    78,350,000    34,900,000    1   5   2  15   1   5   2  12
   6   청담탱크               129,530,000    79,200,000    54,600,000    2   5   3  21   1   1   3   9
   7   용호지마                64,600,000    51,400,000    25,000,000    0   5   0   9   0   4   0   8
   8   라스트보스              87,440,000    32,400,000    13,200,000    2   3   2  28   0   2   0  12
   9   좋은관계               124,040,000    93,600,000    41,400,000    2   2   4  20   2   0   2  10
  10   퀴클리런                83,600,000    83,600,000    26,400,000    2   3   0   5   2   3   0   5
------------------------------------------------------------------------------------------------------


제목 : 22.11.26 제 87 일  토 요일   8경주;   

 1800 M   출전:12두    혼3등급   ( R1~65            연령오픈  )     출발:17:05
 별정B         일반      
  41,250,000원   16,500,000원   10,500,000원    3,750,000원    3,000,000원 
------------------------------------------------------------------------------------------------------
 마번  마   명            산지  성별 연령 중량       기수       조교사     마주              레이팅
------------------------------------------------------------------------------------------------------
   1   열린문              한    수   5  57.0       문성혁      서인석    김재성a                61
   2   글로벌영웅          한    수   4  54.0       장추열      최상식    장재형                 51
   3   더블에지            한    수   3  54.0       다비드      안해양    (주)인펨               52
   4   드림맥스            한    암   4  53.0       김옥성      조현수    김호진                 54
   5   마이티웰            미    수   4  55.0       먼로        서홍수    조병태                 55
   6   에이피파텍          한    수   5  54.0       송재철      서범석    기무라요시아키         53
   7   스프링킹            미    거   5  58.0       박을운      최용건    (주)디알엠씨티         65
   8   트로팅라일리        한    거   4  54.0   (-4)이상규      리카디    공이공팔               65
   9   대군파워            한(포)거   6  54.0       임다빈      구자흥    표종순                 51
  10   라피도아레스        한    암   5  55.0       이용호      송문길    허장원                 62
  11   만세                한(포)거   5  53.0   (-3)오수철      문병기    김진태a                59
  12   정문에이스          미    수   5  58.0       이혁        홍대유    김재영b                63
------------------------------------------------------------------------------------------------------
                                                                          --총전적--      --1년전적--
 마번  마  명                  수득상금     1년수득상금  6개월수득상금  1위/2위/3위/계  1위/2위/3위/계
------------------------------------------------------------------------------------------------------
   1   열린문                 182,260,000    85,500,000    33,000,000    4   5   3  26   1   3   0  10
   2   글로벌영웅             112,060,000    72,900,000    29,400,000    3   3   2  19   1   2   0   8
   3   더블에지               243,100,000   156,200,000    40,800,000    1   3   3  11   0   1   3   8
   4   드림맥스               128,320,000    94,350,000    49,950,000    3   4   1  18   2   1   1   9
   5   마이티웰                78,600,000    41,100,000    19,500,000    1   2   1   8   0   2   1   4
   6   에이피파텍             160,680,000    60,150,000    24,000,000    3   5   4  26   0   3   1   8
   7   스프링킹               152,280,000    71,250,000    71,250,000    2   2   3  20   1   1   1   7
   8   트로팅라일리           133,850,000   133,850,000    98,100,000    4   1   2   8   4   1   2   8
   9   대군파워               163,260,000    15,600,000    15,600,000    3   3   4  29   0   1   0   9
  10   라피도아레스           174,520,000    74,250,000    41,250,000    5   3   1  17   2   0   0   8
  11   만세                   188,590,000   121,650,000    83,250,000    4   4   3  29   2   3   0  11
  12   정문에이스             148,750,000    74,700,000             0    2   5   3  24   1   2   0   8
------------------------------------------------------------------------------------------------------


제목 : 22.11.26 제 87 일  토 요일   9경주;   

 1200 M   출전:12두    혼4등급   ( R1~50            연령오픈  )     출발:17:35
 핸디캡        일반      
  33,000,000원   13,200,000원    8,400,000원    3,000,000원    2,400,000원 
------------------------------------------------------------------------------------------------------
 마번  마   명            산지  성별 연령 중량       기수       조교사     마주              레이팅
------------------------------------------------------------------------------------------------------
   1   도깨비              미    거   4  52.5       박을운      조현수    피닉스                 39
   2   아마존킹            한    거   3  55.5       먼로        토니      허훈                   45
   3   제이에스군황        미    수   4  52.0       김옥성      손영표    박민지                 36
   4   라온더펄            한    암   3  52.0       김정준      박종곤    손광섭                 42
   5   초토마              한(포)거   5  51.0   (-1)김태희      전승규    박남성                 37
   6   스파이스타워        미    수   4  52.0       임다빈      임채덕    황경호                 36
   7   어카운트            미    암   2  52.0       문정균      곽영효    나기두                 37
   8   다이아파워캣        한    암   3  52.0       송재철      서인석    강균호                 37
   9   질주본              한    거   4  55.0   (-3)오수철      최영주    박준배                 50
  10   당찬세력            미    거   4  52.0       다비드      강성오    김기종                 36
  11   베스트천상          한    암   4  54.0       김용근      박천서    베스트샤인조합         46
  12   용암보스            한    수   3  57.0       이혁        곽영효    김학록                 48
------------------------------------------------------------------------------------------------------
                                                                          --총전적--      --1년전적--
 마번  마  명                  수득상금     1년수득상금  6개월수득상금  1위/2위/3위/계  1위/2위/3위/계
------------------------------------------------------------------------------------------------------
   1   도깨비                  37,500,000    27,000,000    27,000,000    0   1   2  12   0   1   1   7
   2   아마존킹                68,900,000    52,700,000    47,200,000    2   2   0  11   2   1   0   8
   3   제이에스군황            16,200,000    13,800,000             0    0   0   1  15   0   0   1  10
   4   라온더펄                59,100,000    56,100,000    26,600,000    2   1   0   8   2   1   0   7
   5   초토마                  83,500,000    27,600,000     8,400,000    2   1   3  19   0   1   1  11
   6   스파이스타워             2,400,000     2,400,000     2,400,000    0   0   0   4   0   0   0   3
   7   어카운트                 3,000,000     3,000,000     3,000,000    0   0   0   3   0   0   0   3
   8   다이아파워캣            40,450,000    37,450,000    22,100,000    1   1   1   8   1   1   1   6
   9   질주본                 106,110,000    99,950,000    69,000,000    2   2   4  13   2   2   3   9
  10   당찬세력                11,540,000     3,000,000     3,000,000    0   0   0   9   0   0   0   5
  11   베스트천상              87,160,000    55,600,000     3,000,000    2   1   6  15   1   0   3   6
  12   용암보스                91,150,000    91,150,000    66,200,000    3   1   2  12   3   1   2  10
------------------------------------------------------------------------------------------------------


제목 : 22.11.26 제 87 일  토 요일  10경주;   

 1200 M   출전:12두    혼4등급   ( R1~50            연령오픈  )     출발:18:00
 핸디캡        일반      
  33,000,000원   13,200,000원    8,400,000원    3,000,000원    2,400,000원 
------------------------------------------------------------------------------------------------------
 마번  마   명            산지  성별 연령 중량       기수       조교사     마주              레이팅
------------------------------------------------------------------------------------------------------
   1   런던스피드          한    암   4  52.0       조재로      안해양    임현성                 36
   2   한강챔프            한(포)거   3  52.0       이혁        곽영효    나기두                 37
   3   더트서퍼            미    거   5  54.0       문정균      유재길    태립                   42
   4   땡큐대천            한    수   5  52.0       임다빈      정호익    강용식                 38
   5   앱설루트명작        미    암   2  51.0   (-1)김태희      김동균    나기두                 37
   6   초인강자            한    수   5  57.5       장추열      안병기    박남성                 49
   7   아침기상            한    암   4  54.0       박을운      이신영    (주)나스카             46
   8   벤칼프린세스        한    암   3  52.0       먼로        서인석    박준배                 36
   9   위너콜              미    암   2  52.0       다비드      홍대유    에스지이건설           38
  10   은혜서브            한    암   3  52.0       김정준      박병일    강태구                 38
  11   돌격앞으로          미    암   6  54.0   (-2)김아현      최봉주    민홍기                 50
  12   문학다이얼          미    수   3  51.0   (-4)이상규      김윤섭    권경자                 36
------------------------------------------------------------------------------------------------------
                                                                          --총전적--      --1년전적--
 마번  마  명                  수득상금     1년수득상금  6개월수득상금  1위/2위/3위/계  1위/2위/3위/계
------------------------------------------------------------------------------------------------------
   1   런던스피드              47,600,000    28,960,000     3,000,000    2   1   1  13   2   0   0   7
   2   한강챔프                63,400,000    50,200,000     3,000,000    1   3   0  11   1   2   0  10
   3   더트서퍼                65,600,000     5,400,000     2,400,000    2   0   0  24   0   0   0   9
   4   땡큐대천                51,600,000    11,400,000    11,400,000    2   0   1  14   0   0   1   5
   5   앱설루트명작                     0             0             0    0   0   0   2   0   0   0   2
   6   초인강자               169,550,000    22,800,000    18,000,000    2   4   1  24   0   1   0   8
   7   아침기상                56,830,000    42,310,000    33,510,000    4   1   0   7   2   1   0   4
   8   벤칼프린세스            94,300,000    94,300,000             0    1   2   1   7   1   2   1   7
   9   위너콜                           0             0             0    0   0   0   1   0   0   0   1
  10   은혜서브                60,850,000    57,850,000    34,550,000    1   2   2  12   1   2   2  11
  11   돌격앞으로             121,290,000    51,600,000    16,200,000    1   3   4  33   1   1   0   9
  12   문학다이얼                       0             0             0    0   0   0   5   0   0   0   5
------------------------------------------------------------------------------------------------------


제목 : 22.11.27 제 88 일  일 요일   1경주;   

 1000 M   출전:12두    국6등급   ( R0~0             2세       )     출발:10:45
 별정A         일반      
  33,000,000원   13,200,000원    8,400,000원    3,000,000원    2,400,000원 
------------------------------------------------------------------------------------------------------
 마번  마   명            산지  성별 연령 중량       기수       조교사     마주              레이팅
------------------------------------------------------------------------------------------------------
   1   대박삭스            한    수   2  55.0       함완식      강성오    김창식                   
   2   스트렝스            한    수   2  55.0       조재로      김동철    하늬바람                 
   3   클로버파티          한    수   2  53.0   (-2)김아현      배휴준    김용래                   
   4   섬싱로스트          한    수   2  55.0       이혁        홍대유    정춘복                   
   5   선더갤러퍼          한    수   2  55.0       문정균      최상식    변갑한                   
   6   점순이고            한    암   2  53.0       임다빈      우창구    정기환                   
   7   찬란한불꽃          한    암   2  53.0       김태훈      임채덕    진교원                   
   8   마이티쎈            한    수   2  55.0       다비드      서홍수    조병태                   
   9   바로챔피언          한    암   2  53.0       김효정      배대선    미리내                   
  10   드림투어            한    거   2  55.0       문성혁      임채덕    박덕희                   
  11   업타운위즈          한    수   2  55.0       김용근      송문길    김형실                   
  12   케이엔스타트        한    수   2  55.0       김동수      전승규    조경수                   
------------------------------------------------------------------------------------------------------
                                                                          --총전적--      --1년전적--
 마번  마  명                  수득상금     1년수득상금  6개월수득상금  1위/2위/3위/계  1위/2위/3위/계
------------------------------------------------------------------------------------------------------
   1   대박삭스                 3,000,000     3,000,000     3,000,000    0   0   0   1   0   0   0   1
   2   스트렝스                         0             0             0    0   0   0   0   0   0   0   0
   3   클로버파티                       0             0             0    0   0   0   1   0   0   0   1
   4   섬싱로스트                       0             0             0    0   0   0   0   0   0   0   0
   5   선더갤러퍼                       0             0             0    0   0   0   1   0   0   0   1
   6   점순이고                         0             0             0    0   0   0   0   0   0   0   0
   7   찬란한불꽃               8,400,000     8,400,000     8,400,000    0   0   1   1   0   0   1   1
   8   마이티쎈                         0             0             0    0   0   0   1   0   0   0   1
   9   바로챔피언               2,400,000     2,400,000     2,400,000    0   0   0   1   0   0   0   1
  10   드림투어                         0             0             0    0   0   0   0   0   0   0   0
  11   업타운위즈                       0             0             0    0   0   0   0   0   0   0   0
  12   케이엔스타트                     0             0             0    0   0   0   0   0   0   0   0
------------------------------------------------------------------------------------------------------


제목 : 22.11.27 제 88 일  일 요일   2경주;   

 1200 M   출전:12두    국6등급   ( R0~0             2세       )     출발:11:10
 별정A         일반      
  33,000,000원   13,200,000원    8,400,000원    3,000,000원    2,400,000원 
------------------------------------------------------------------------------------------------------
 마번  마   명            산지  성별 연령 중량       기수       조교사     마주              레이팅
------------------------------------------------------------------------------------------------------
   1   유쾌한사랑          한    암   2  53.0       김효정      박재우    김세권                   
   2   신풍여걸            한    암   2  53.0       박현우      박천서    윤훈현                   
   3   멸콩                한    암   2  51.0   (-2)김아현      배대선    이태인                   
   4   런던에이스          한    암   2  53.0       김정준      안해양    임현성                   
   5   위너영              한    수   2  55.0       장추열      우창구    전영범                   
   6   디바인평화          한    암   2  53.0       조재로      이관호    김평갑                   
   7   더록선샤인          한    수   2  51.0   (-4)이상규      임채덕    손칠규                   
   8   드림윈디            한    수   2  55.0       송재철      송문길    이종훈                   
   9   늘가을              한    수   2  55.0       다비드      배휴준    이종길                   
  10   금빛천하            한    수   2  55.0       김동수      신삼영    퍼플라인                 
  11   메타블레이드        한    암   2  53.0       김용근      강환민    김병진                   
  12   플랜비              한    암   2  53.0       함완식      안해양    김길중                   
------------------------------------------------------------------------------------------------------
                                                                          --총전적--      --1년전적--
 마번  마  명                  수득상금     1년수득상금  6개월수득상금  1위/2위/3위/계  1위/2위/3위/계
------------------------------------------------------------------------------------------------------
   1   유쾌한사랑              13,200,000    13,200,000    13,200,000    0   1   0   1   0   1   0   1
   2   신풍여걸                         0             0             0    0   0   0   1   0   0   0   1
   3   멸콩                             0             0             0    0   0   0   0   0   0   0   0
   4   런던에이스               8,400,000     8,400,000     8,400,000    0   0   1   2   0   0   1   2
   5   위너영                  16,200,000    16,200,000    16,200,000    0   1   0   2   0   1   0   2
   6   디바인평화                       0             0             0    0   0   0   0   0   0   0   0
   7   더록선샤인                       0             0             0    0   0   0   1   0   0   0   1
   8   드림윈디                         0             0             0    0   0   0   1   0   0   0   1
   9   늘가을                           0             0             0    0   0   0   1   0   0   0   1
  10   금빛천하                         0             0             0    0   0   0   1   0   0   0   1
  11   메타블레이드            15,900,000    15,900,000    15,900,000    0   1   0   2   0   1   0   2
  12   플랜비                           0             0             0    0   0   0   1   0   0   0   1
------------------------------------------------------------------------------------------------------


제목 : 22.11.27 제 88 일  일 요일   3경주;   

 1200 M   출전:11두    국6등급   ( R0~0             연령오픈  )     출발:11:35
 별정A         일반      
  22,000,000원    8,800,000원    5,600,000원    2,000,000원    1,600,000원 
------------------------------------------------------------------------------------------------------
 마번  마   명            산지  성별 연령 중량       기수       조교사     마주              레이팅
------------------------------------------------------------------------------------------------------
   1   슛업스파크          한(포)암   2  53.0       김옥성      조현수    정광화                   
   2   굿카보              한    거   2  52.0   (-3)오수철      박윤규    김지훈                   
   3   딘시챔프            한    암   2  52.0   (-1)김태희      배휴준    이성재                   
   4   임페리얼본          한    수   2  55.0       김태훈      최영주    박준배                   
   5   씽씽씽              한    수   2  55.0       문성혁      박재우    (주)디알엠씨티           
   6   후이넘              한    수   4  56.0       함완식      김동균    김영근                   
   7   연희사랑            한    암   3  54.0       이용호      홍대유    김인호                   
   8   황우강자            한    수   3  56.0       김동수      정호익    남춘우                   
   9   백두멋쟁이          한    암   2  53.0       김효정      박재우    이민희                   
  10   스마트삭스          한    암   2  53.0       박을운      이신영    김창식                   
  11   우청륭              한    수   3  56.0       김용근      안해양    임흥호                   
------------------------------------------------------------------------------------------------------
                                                                          --총전적--      --1년전적--
 마번  마  명                  수득상금     1년수득상금  6개월수득상금  1위/2위/3위/계  1위/2위/3위/계
------------------------------------------------------------------------------------------------------
   1   슛업스파크                       0             0             0    0   0   0   1   0   0   0   1
   2   굿카보                   2,400,000     2,400,000     2,400,000    0   0   0   3   0   0   0   3
   3   딘시챔프                         0             0             0    0   0   0   1   0   0   0   1
   4   임페리얼본                       0             0             0    0   0   0   2   0   0   0   2
   5   씽씽씽                           0             0             0    0   0   0   2   0   0   0   2
   6   후이넘                   8,530,000     6,990,000     3,850,000    0   0   0  13   0   0   0   9
   7   연희사랑                 6,100,000     6,100,000     6,100,000    0   0   0  10   0   0   0  10
   8   황우강자                 9,000,000     9,000,000     9,000,000    0   1   1   8   0   1   1   7
   9   백두멋쟁이               3,000,000     3,000,000     3,000,000    0   0   0   2   0   0   0   2
  10   스마트삭스                       0             0             0    0   0   0   2   0   0   0   2
  11   우청륭                   7,500,000     7,500,000     7,500,000    0   1   0   8   0   1   0   8
------------------------------------------------------------------------------------------------------


제목 : 22.11.27 제 88 일  일 요일   4경주;   

 1300 M   출전:12두    국6등급   ( R0~0             연령오픈  )     출발:12:55
 별정A         일반      
  13,750,000원    5,500,000원    3,500,000원    1,250,000원    1,000,000원 
------------------------------------------------------------------------------------------------------
 마번  마   명            산지  성별 연령 중량       기수       조교사     마주              레이팅
------------------------------------------------------------------------------------------------------
   1   금아위티            한    암   3  54.0       박현우      박천서    금아산업(주)             
   2   블루카이저          한    암   4  54.0       김옥성      최봉주    임동현                   
   3   티즈헌터            한    수   3  56.0       조재로      최용구    송암축산                 
   4   주얼리베스트        한    암   3  54.0       김태훈      심승태    김태성                   
   5   동방사기            한    암   3  54.0       박을운      배휴준    함평제일                 
   6   보스베이비          한    거   3  56.0       김효정      배대선    조중호                   
   7   나올킹              한    거   3  56.0       문성혁      김동철    이경호a                  
   8   스피어퀸            한    암   3  54.0       문정균      유재길    김수경                   
   9   세명캡틴            한    수   4  54.0   (-2)김아현      배휴준    이기철                   
  10   데블케이            한    수   3  56.0       송재철      강환민    강경운                   
  11   사랑다모아          한(포)암   4  54.0       빅투아르    손영표    황경호                   
  12   디자이어투윈        한    거   3  53.0   (-3)오수철      최용건    오종택                   
------------------------------------------------------------------------------------------------------
                                                                          --총전적--      --1년전적--
 마번  마  명                  수득상금     1년수득상금  6개월수득상금  1위/2위/3위/계  1위/2위/3위/계
------------------------------------------------------------------------------------------------------
   1   금아위티                 6,350,000     6,350,000     4,750,000    0   0   1   8   0   0   1   7
   2   블루카이저               2,600,000     2,600,000     2,600,000    0   0   0  13   0   0   0   8
   3   티즈헌터                         0             0             0    0   0   0   6   0   0   0   6
   4   주얼리베스트             2,000,000     2,000,000             0    0   0   0  11   0   0   0  11
   5   동방사기                 3,600,000     3,600,000     1,600,000    0   0   0   8   0   0   0   8
   6   보스베이비              16,400,000    16,400,000    16,400,000    0   1   1  11   0   1   1   9
   7   나올킹                   8,800,000     8,800,000             0    0   1   0   2   0   1   0   2
   8   스피어퀸                 9,000,000     9,000,000     9,000,000    0   1   1   8   0   1   1   8
   9   세명캡틴                12,580,000     3,000,000     1,000,000    0   1   1  18   0   0   0  10
  10   데블케이                10,350,000    10,350,000    10,350,000    0   0   2   6   0   0   2   6
  11   사랑다모아              17,700,000    10,000,000    10,000,000    0   1   1  12   0   1   0   7
  12   디자이어투윈                     0             0             0    0   0   0   2   0   0   0   2
------------------------------------------------------------------------------------------------------


제목 : 22.11.27 제 88 일  일 요일   5경주;   

 1200 M   출전:10두    국5등급   ( R1~35            연령오픈  )     출발:13:45
 핸디캡        일반      
  33,000,000원   13,200,000원    8,400,000원    3,000,000원    2,400,000원 
------------------------------------------------------------------------------------------------------
 마번  마   명            산지  성별 연령 중량       기수       조교사     마주              레이팅
------------------------------------------------------------------------------------------------------
   1   초인스파크          한    수   4  51.0   (-4)이상규      안병기    박남성                 25
   2   위즈업              한    수   3  55.0       송재철      송문길    최몽주                 29
   3   스마트별            한    암   3  52.5       김효정      조현수    김조은                 28
   4   더페이버릿          한    암   3  51.5   (-2)김아현      박재우    오종택                 30
   5   깡돌이              한    암   4  52.0       김옥성      서홍수    김영진                 26
   6   라누트              한    암   2  51.0   (-3)오수철      박윤규    임종근                 30
   7   차돌런              한(포)암   3  52.0       이용호      홍대유    전은영                 27
   8   매직러시            한    거   3  54.0       임다빈      서인석    최상기                 27
   9   런던스카이          한    수   3  56.0       조재로      안해양    임재형                 31
  10   글로벌파워          한    수   2  55.0       이혁        최상식    장재형                 31
------------------------------------------------------------------------------------------------------
                                                                          --총전적--      --1년전적--
 마번  마  명                  수득상금     1년수득상금  6개월수득상금  1위/2위/3위/계  1위/2위/3위/계
------------------------------------------------------------------------------------------------------
   1   초인스파크              24,430,000     7,600,000             0    0   2   1  16   0   0   1   7
   2   위즈업                  18,150,000    18,150,000    16,150,000    1   0   0   5   1   0   0   5
   3   스마트별                18,350,000    18,350,000    15,350,000    1   0   0  11   1   0   0  10
   4   더페이버릿              39,750,000    28,200,000    10,800,000    0   2   2  10   0   2   1   8
   5   깡돌이                  30,800,000    30,800,000     7,600,000    0   2   2  20   0   2   2  13
   6   라누트                  33,000,000    33,000,000    33,000,000    1   0   0   3   1   0   0   3
   7   차돌런                  20,950,000    20,950,000    15,350,000    1   0   1  12   1   0   1  12
   8   매직러시                32,600,000    32,600,000     4,600,000    1   0   0  10   1   0   0   9
   9   런던스카이              48,400,000    48,400,000    19,800,000    1   0   2  10   1   0   2  10
  10   글로벌파워              44,400,000    44,400,000    44,400,000    1   0   1   4   1   0   1   4
------------------------------------------------------------------------------------------------------


제목 : 22.11.27 제 88 일  일 요일   6경주;   

 1300 M   출전:12두    국5등급   ( R1~35            연령오픈  )     출발:14:35
 핸디캡        일반      
  22,000,000원    8,800,000원    5,600,000원    2,000,000원    1,600,000원 
------------------------------------------------------------------------------------------------------
 마번  마   명            산지  성별 연령 중량       기수       조교사     마주              레이팅
------------------------------------------------------------------------------------------------------
   1   신의반전            한    암   2  52.0       송재철      강환민    김진태a                28
   2   티파니블루          한    암   4  54.5       김동수      박윤규    오호극                 31
   3   라온포레스트        한    암   2  52.0       먼로        박종곤    손광섭                 28
   4   남산꽃              한    암   4  53.0   (-1)김태희      전승규    이기선                 30
   5   중추부사            한    암   4  54.5       김용근      강성오    김기종                 31
   6   라로마네            한    암   3  55.5       박병윤      박천서    박병룡                 33
   7   세명강자            한    암   5  52.5       김옥성      서홍수    이기철                 27
   8   퍼펙트타임          한    암   3  54.5       다비드      손영표    김은갑                 31
   9   이스트매직          한    암   4  53.5       박을운      박재우    김영구                 29
  10   우주의봄            한    암   3  53.0       김효정      배대선    강종우                 28
  11   희망오름            한    암   3  53.5       김정준      최영주    김근영                 29
  12   히트에이스          한    암   4  53.0       조재로      이관호    유수현                 28
------------------------------------------------------------------------------------------------------
                                                                          --총전적--      --1년전적--
 마번  마  명                  수득상금     1년수득상금  6개월수득상금  1위/2위/3위/계  1위/2위/3위/계
------------------------------------------------------------------------------------------------------
   1   신의반전                22,000,000    22,000,000    22,000,000    0   2   0   4   0   2   0   4
   2   티파니블루              28,910,000    23,850,000    17,350,000    1   1   0  11   1   1   0   6
   3   라온포레스트            30,800,000    30,800,000    30,800,000    0   2   0   4   0   2   0   4
   4   남산꽃                  23,000,000    19,500,000    17,250,000    1   0   2   6   1   0   1   5
   5   중추부사                28,800,000    20,000,000     8,800,000    2   1   0  10   1   1   0   9
   6   라로마네                38,050,000    38,050,000    30,450,000    1   1   3  10   1   1   3   7
   7   세명강자                31,580,000    16,000,000     8,800,000    0   1   4  21   0   1   1  10
   8   퍼펙트타임              24,000,000    24,000,000    24,000,000    1   1   1  11   1   1   1  11
   9   이스트매직              17,250,000    15,000,000    13,750,000    1   0   0  11   1   0   0   6
  10   우주의봄                32,400,000    32,400,000     2,000,000    1   0   1   6   1   0   1   6
  11   희망오름                15,350,000    15,350,000    15,350,000    1   0   0   5   1   0   0   5
  12   히트에이스              19,240,000     5,600,000             0    0   2   1  12   0   0   1   4
------------------------------------------------------------------------------------------------------


제목 : 22.11.27 제 88 일  일 요일   7경주;   

 1400 M   출전:12두    국4등급   ( R1~50            연령오픈  )     출발:15:25
 핸디캡        일반      
  41,250,000원   16,500,000원   10,500,000원    3,750,000원    3,000,000원 
------------------------------------------------------------------------------------------------------
 마번  마   명            산지  성별 연령 중량       기수       조교사     마주              레이팅
------------------------------------------------------------------------------------------------------
   1   한강의기상          한    수   3  52.5       이혁        곽영효    나기두                 39
   2   글로벌보배          한    수   3  58.0       김동수      최상식    장재형                 50
   3   플라이스타          한    수   5  52.0       김정준      최봉주    오종환                 37
   4   태양타고            한    암   4  52.0       박을운      김동철    최성룡                 40
   5   화씨벽              한    암   5  52.5       장추열      우창구    장수영                 43
   6   피엔에스찬스        한    암   3  52.0       문정균      박윤규    피엔에스커튼월         39
   7   스마트전사          한    거   4  54.0   (-1)김태희      송문길    김태성                 44
   8   포트스원            한    암   4  53.5       문성혁      서인석    조창규                 45
   9   원더풀샘            한    암   4  52.0       임다빈      박희철    윤훈열                 39
  10   마바위              한    수   3  54.5       김용근      박천서    김종진                 43
  11   마이티선샤인        한    수   3  54.5       김태훈      임채덕    손칠규                 43
  12   최강장산            한    거   4  52.0       이용호      토니      김호선                 36
------------------------------------------------------------------------------------------------------
                                                                          --총전적--      --1년전적--
 마번  마  명                  수득상금     1년수득상금  6개월수득상금  1위/2위/3위/계  1위/2위/3위/계
------------------------------------------------------------------------------------------------------
   1   한강의기상              55,000,000    55,000,000    55,000,000    2   0   0   2   2   0   0   2
   2   글로벌보배             125,400,000   125,400,000    99,000,000    3   1   2   8   3   1   2   8
   3   플라이스타              40,250,000    40,250,000    20,000,000    1   2   2   8   1   2   2   8
   4   태양타고                88,620,000    73,800,000    24,400,000    1   2   4  20   1   2   2  10
   5   화씨벽                 101,650,000    52,400,000    28,800,000    2   3   1  20   1   2   0  10
   6   피엔에스찬스            84,500,000    81,500,000    51,800,000    2   1   3  15   2   1   3  14
   7   스마트전사              69,000,000    58,000,000    30,400,000    1   4   2  15   1   2   2  10
   8   포트스원               115,710,000    58,200,000    16,200,000    2   3   3  21   1   2   1   9
   9   원더풀샘                47,750,000    47,750,000    32,400,000    2   1   0  13   2   1   0   9
  10   마바위                  65,600,000    65,600,000    35,200,000    1   3   1   9   1   3   1   9
  11   마이티선샤인            68,350,000    56,550,000     8,400,000    2   2   2  15   2   1   1  11
  12   최강장산                46,540,000    29,600,000    29,600,000    1   0   4  15   1   0   1   9
------------------------------------------------------------------------------------------------------


제목 : 22.11.27 제 88 일  일 요일   8경주;   

 1200 M   출전:11두    국3등급   ( R1~65            연령오픈  )     출발:16:15
 핸디캡        일반      
  41,250,000원   16,500,000원   10,500,000원    3,750,000원    3,000,000원 
------------------------------------------------------------------------------------------------------
 마번  마   명            산지  성별 연령 중량       기수       조교사     마주              레이팅
------------------------------------------------------------------------------------------------------
   1   로열로드            한    거   4  52.0       김용근      안병기    손병현                 53
   2   정상스타            한    암   6  54.5       이용호      박희철    정동진                 62
   3   라이드럭키          한    거   5  54.5       김정준      임채덕    박덕희                 58
   4   신의아들            한    수   4  53.5       먼로        강환민    김진태a                56
   5   컴플리트캡틴        한    수   5  54.0       이혁        조현수    장석영                 57
   6   세명기상            한    수   6  51.0   (-4)이상규      배휴준    이기철                 58
   7   대지의여인          한    암   5  55.0       문성혁      강성오    김세민                 63
   8   이스트임팩트        한    거   4  53.5   (-3)오수철      박재우    김영구                 62
   9   라온더제트          한    수   3  51.0   (-1)김태희      박종곤    손천수                 53
  10   화이트퀸            한    암   5  54.5       빅투아르    박재우    박정재                 62
  11   모닝힐              한    거   4  58.0       송재철      서인석    최상일                 65
------------------------------------------------------------------------------------------------------
                                                                          --총전적--      --1년전적--
 마번  마  명                  수득상금     1년수득상금  6개월수득상금  1위/2위/3위/계  1위/2위/3위/계
------------------------------------------------------------------------------------------------------
   1   로열로드               101,240,000    41,100,000    16,500,000    3   3   4  18   0   2   1   8
   2   정상스타               174,670,000             0             0    5   2   2  23   0   0   0   5
   3   라이드럭키             113,050,000    33,050,000     3,750,000    4   1   0  14   1   1   0   8
   4   신의아들               131,600,000    81,600,000    35,400,000    3   4   5  18   0   3   4   9
   5   컴플리트캡틴           170,100,000    22,500,000     3,000,000    4   1   3  17   0   1   0   7
   6   세명기상               215,340,000     9,000,000             0    4   5   1  37   0   0   0  10
   7   대지의여인             166,240,000    26,250,000    22,500,000    6   1   1  15   0   1   0   7
   8   이스트임팩트           152,760,000    74,400,000    16,500,000    5   4   1  14   1   2   1   7
   9   라온더제트             126,400,000   123,400,000    35,400,000    4   0   0   7   4   0   0   6
  10   화이트퀸               326,850,000     3,600,000     3,600,000    5   2   0  15   0   0   0   6
  11   모닝힐                 152,150,000    98,250,000    57,750,000    5   1   1  15   2   0   1   9
------------------------------------------------------------------------------------------------------


제목 : 22.11.27 제 88 일  일 요일   9경주;   

 1700 M   출전:10두    국5등급   ( R1~35            연령오픈  )     출발:17:05
 별정B         일반      
  33,000,000원   13,200,000원    8,400,000원    3,000,000원    2,400,000원 
------------------------------------------------------------------------------------------------------
 마번  마   명            산지  성별 연령 중량       기수       조교사     마주              레이팅
------------------------------------------------------------------------------------------------------
   1   원더풀캣            한    암   5  52.0       김동수      임채덕    (주)녹원목장           21
   2   남산호랑이          한    거   3  56.0       빅투아르    리카디    이기선                 31
   3   청산영웅            한    거   3  54.0   (-3)오수철      이관호    황은호                 35
   4   킹심바              한    거   4  56.0       김옥성      강성오    이관형                 29
   5   희망워리어          한    암   3  54.0       장추열      신삼영    희망홀스               30
   6   글로리케이          한    암   2  53.0       김효정      배대선    강경운                 29
   7   스마트파워          한    수   4  55.0   (-1)김태희      송문길    김은갑                 28
   8   선더호스            한    수   4  55.0       김태훈      안병기    (주)디알엠씨티         26
   9   천송이              한    암   3  53.0       김정준      최봉주    조금제                 27
  10   스위트주스바        한    수   4  57.0       박을운      이신영    정영식                 34
------------------------------------------------------------------------------------------------------
                                                                          --총전적--      --1년전적--
 마번  마  명                  수득상금     1년수득상금  6개월수득상금  1위/2위/3위/계  1위/2위/3위/계
------------------------------------------------------------------------------------------------------
   1   원더풀캣                17,870,000     5,500,000     2,000,000    0   1   2  31   0   0   1  13
   2   남산호랑이              39,600,000    37,200,000     9,600,000    1   0   1   8   1   0   1   7
   3   청산영웅                50,850,000    41,550,000    29,750,000    1   2   2  12   1   2   1   9
   4   킹심바                  28,060,000    12,000,000     1,600,000    1   1   1  15   0   1   0  10
   5   희망워리어              22,600,000    22,600,000    17,000,000    1   0   1   7   1   0   1   7
   6   글로리케이              26,400,000    26,400,000    26,400,000    0   2   0   2   0   2   0   2
   7   스마트파워              40,620,000    26,400,000    19,200,000    1   1   2  17   0   1   2  10
   8   선더호스                41,360,000    25,950,000     4,600,000    1   0   2  24   1   0   1  12
   9   천송이                  14,400,000    12,000,000    12,000,000    0   2   0  17   0   2   0  16
  10   스위트주스바            35,410,000    28,150,000    14,400,000    1   1   1   8   1   1   1   5
------------------------------------------------------------------------------------------------------


제목 : 22.11.27 제 88 일  일 요일  10경주;   

 1800 M   출전:12두    혼4등급   ( R1~50            연령오픈  )     출발:17:35
 별정B         일반      
  33,000,000원   13,200,000원    8,400,000원    3,000,000원    2,400,000원 
------------------------------------------------------------------------------------------------------
 마번  마   명            산지  성별 연령 중량       기수       조교사     마주              레이팅
------------------------------------------------------------------------------------------------------
   1   이터널메모리        한    거   5  55.0   (-2)김아현      박재우    오종택                 45
   2   킹덤스톰            미    거   4  57.0       문성혁      배대선    양순희                 45
   3   빅야크              미    거   4  55.0   (-3)오수철      강환민    강용식                 49
   4   벼락                한    수   3  54.0       김용근      안해양    공이공팔               37
   5   베링맨              미    거   4  57.0   (-1)김태희      박천서    박평양                 48
   6   천군                미    거   5  56.0       장추열      이관호    황은호                 44
   7   블루참              한    거   5  56.0       다비드      서홍수    김세민                 44
   8   티즈에너지          미    거   4  54.0       빅투아르    서인석    최상기                 36
   9   논스톱기상          한    거   4  55.0       이혁        신삼영    태립                   40
  10   타이탄삭스          한    수   3  57.0       함완식      이신영    김창식                 46
  11   문학태핏            미    수   3  56.0       김동수      박병일    권경자                 43
  12   바이킹하트          한    거   4  55.0       박을운      이신영    (주)디알엠씨티         40
------------------------------------------------------------------------------------------------------
                                                                          --총전적--      --1년전적--
 마번  마  명                  수득상금     1년수득상금  6개월수득상금  1위/2위/3위/계  1위/2위/3위/계
------------------------------------------------------------------------------------------------------
   1   이터널메모리           101,230,000    55,000,000             0    3   1   4  23   2   0   0   8
   2   킹덤스톰                30,400,000    30,400,000    30,400,000    1   0   1  13   1   0   1  10
   3   빅야크                  63,000,000    63,000,000    54,600,000    1   1   2  13   1   1   2  11
   4   벼락                    61,100,000    61,100,000    27,600,000    2   1   0  12   2   1   0  10
   5   베링맨                  67,150,000    31,350,000     6,750,000    0   3   2  20   0   1   1   9
   6   천군                    69,150,000    40,800,000    19,200,000    1   2   2  21   0   1   2  10
   7   블루참                  90,600,000    69,400,000    63,800,000    1   2   6  19   1   1   4  10
   8   티즈에너지              24,150,000    21,000,000     7,800,000    0   1   0  13   0   1   0   9
   9   논스톱기상              57,730,000    35,200,000    35,200,000    2   2   0  18   1   1   0   6
  10   타이탄삭스             104,000,000   101,600,000    38,400,000    2   1   5  12   2   1   5  11
  11   문학태핏                27,600,000    27,600,000    10,800,000    0   0   3   9   0   0   3   8
  12   바이킹하트              72,600,000    55,000,000    29,000,000    2   2   0  16   2   0   0   9
------------------------------------------------------------------------------------------------------


제목 : 22.11.27 제 88 일  일 요일  11경주;   

 1800 M   출전:12두    2등급   ( R1~80            연령오픈  )     출발:18:00
 별정B         일반      
  49,500,000원   19,800,000원   12,600,000원    4,500,000원    3,600,000원 
------------------------------------------------------------------------------------------------------
 마번  마   명            산지  성별 연령 중량       기수       조교사     마주              레이팅
------------------------------------------------------------------------------------------------------
   1   러블리케이          미    암   4  53.0       문성혁      우창구    강경운                 69
   2   레이먼드            한    수   6  54.0   (-3)오수철      이관호    박남성                 76
   3   흥록대부            미    거   4  56.0   (-2)김아현      이준철    임한용                 80
   4   센스쟁이            미    거   6  54.0       박을운      안병기    김종철                 66
   5   서울탱크            미    거   8  57.0       조재로      박희철    조병해                 75
   6   문학문              미    수   4  55.0       먼로        홍대유    권경자                 69
   7   베스트탑            한    수   5  54.0       김옥성      이희영    베스트샤인조합         68
   8   문학보스            미    거   5  54.0   (-1)김태희      박종곤    권경자                 70
   9   노던타임            미    거   4  55.0       빅투아르    서인석    최상일                 71
  10   블루키톤            미    수   5  55.0       김태훈      김동철    최병욱                 71
  11   히든삭스            미    수   5  58.0       이혁        강성오    김창식                 80
  12   돌아온뽀빠이        미    거   5  56.0       임다빈      최용구    이영해                 73
------------------------------------------------------------------------------------------------------
                                                                          --총전적--      --1년전적--
 마번  마  명                  수득상금     1년수득상금  6개월수득상금  1위/2위/3위/계  1위/2위/3위/계
------------------------------------------------------------------------------------------------------
   1   러블리케이             149,600,000    23,400,000    23,400,000    4   1   2  18   0   1   0   8
   2   레이먼드               430,600,000    31,200,000    14,100,000    5   3   9  37   0   0   1  10
   3   흥록대부               227,490,000   138,450,000     8,100,000    5   2   3  18   2   2   0   7
   4   센스쟁이               186,690,000    85,800,000             0    1   8   0  31   1   2   0   7
   5   서울탱크               294,380,000    36,000,000    23,400,000    2   9   2  65   0   1   0  10
   6   문학문                 153,820,000    59,250,000    36,750,000    2   4   3  20   0   3   0  11
   7   베스트탑               192,200,000   141,050,000    68,250,000    4   4   4  24   3   2   1  10
   8   문학보스               176,250,000    53,850,000    12,600,000    3   1   4  23   1   0   1   7
   9   노던타임               165,700,000   110,700,000    73,950,000    4   1   2  13   2   1   1   8
  10   블루키톤               246,470,000    12,600,000     4,500,000    4   3   1  25   0   0   0   9
  11   히든삭스               238,700,000   117,900,000    58,500,000    3   5   3  24   1   2   2   9
  12   돌아온뽀빠이           246,480,000   100,050,000    58,800,000    2   5   8  25   1   0   4   9
------------------------------------------------------------------------------------------------------

