

제목 : 22년12월 9일 (금)   제46차 주행심사성적  제 1경주

날    씨 : 흐림                             주로상태 : 다습 (10%)
--------------------------------------------------------------------------------
   순위  마번  마    명         산지  성  연령   부  담  기수명    조교사명
--------------------------------------------------------------------------------
     1    10   해제여걸          한   암    2    53+2.0  박현우     박천서   
     2     3   메티스선더        한   암    2    53+1.0  송재철     박종곤   
     3     8   악동아르고        미   암    2    53+1.0  다비드     안병기   
     4    11   나인이글          한   거    2    53+2.0  박을운     김동철   
     5     7   티아모            한   암    2    53      이혁      김동균   
     6     2   메니샤크          한   암    2    53+1.0  유승완     김동균   
     7     1   밴프              한   수    2    53      조재로     이관호   
     8     4   프린세스레아      한   암    2    53      이동진     리카디   
     9     5   트롤              한   거    2    53+1.0  임다빈     구자흥   
    10     6   새벽불빛          한   암    2    53      이용호     송문길   
    11     9   그랜드대로        한   암    2    53+2.0  박병윤     손영표   
--------------------------------------------------------------------------------
   순위 마번  마    명        마체중 기  록  도착차    판정 불합격사유   검사사유
--------------------------------------------------------------------------------
     1  10   해제여걸          480  1:05.0            합              주행미합(신)
     2   3   메티스선더        450  1:05.1   ½       합              주행미합(신)
     3   8   악동아르고        467  1:05.5   2½      합              주행미합(신)
     4  11   나인이글          490  1:05.6   ½       합              주행미합(신)
     5   7   티아모            480  1:05.9   2        합              주행미합(신)
     6   2   메니샤크          485  1:06.0   ½       유   출발불량   주행미합(신)
     7   1   밴프              502  1:06.4   2        불   능력미달   주행미합(신)
     8   4   프린세스레아      468  1:06.9   3        불   능력미달   주행미합(신)
     9   5   트롤              461  1:07.0   ¾       불   능력미달   주행미합(신)
    10   6   새벽불빛          487  1:08.0   6        불   능력미달   주행미합(신)
    11   9   그랜드대로        467  1:10.2   13       불   능력미달   주행미합(신)
--------------------------------------------------------------------------------
   순위  마번    G-3Ｆ    S-1F   ３코너   ４코너     G-1F  S1F-1C-2C-3C-4C-G1F
--------------------------------------------------------------------------------
     1    10     39.5   0:14.3   0:14.3   0:32.0     13.8   4-  -  - 4- 4- 1
     2     3     39.7   0:14.2   0:14.2   0:31.9     13.7   2-  -  - 2- 1- 3
     3     8     40.1   0:14.1   0:14.1   0:31.9     14.3   1-  -  - 1- 2- 2
     4    11     39.5   0:14.6   0:14.6   0:32.7     13.6   5-  -  - 5- 5- 5
     5     7     39.5   0:14.7   0:14.7   0:33.1     13.4   7-  -  - 7- 7- 7
     6     2     39.1   0:15.2   0:15.2   0:33.4     13.6  10-  -  -10- 8- 6
     7     1     40.2   0:14.6   0:14.6   0:32.8     13.9   6-  -  - 6- 6- 8
     8     4     41.5   0:14.2   0:14.2   0:32.0     15.2   3-  -  - 3- 3- 4
     9     5     39.6   0:15.1   0:15.1   0:34.4     13.0   9-  -  - 9-10- 9
    10     6     40.0   0:15.5   0:15.5   0:34.7     13.6  11-  -  -11-11-10
    11     9     43.4   0:14.9   0:14.9   0:33.5     15.5   8-  -  - 8- 9-11
--------------------------------------------------------------------------------
      4펄롱 :  0:50.9     3펄롱 :  0:39.6
--------------------------------------------------------------------------------


제목 : 22년12월 9일 (금)   제46차 주행심사성적  제 2경주

날    씨 : 흐림                             주로상태 : 다습 (10%)
--------------------------------------------------------------------------------
   순위  마번  마    명         산지  성  연령   부  담  기수명    조교사명
--------------------------------------------------------------------------------
     1     1   탐라최강자        한   수    2    53+2.0  박현우     박천서   
     2    11   페더럴프레스      한   수    2    53+2.0  유승완     김동균   
     3     8   지니어스퀸        한   암    2    53+1.0  조한별     김동균   
     4     2   체크포인트        한   거    2    53+1.0  김옥성     이신영   
     5     6   찰나질주          한   암    2    53+1.0  송재철     전승규   
     6    10   신의블루          한   암    2    53      이동진     안병기   
     7     4   에스아이코코      한   수    2    53+2.0  문성혁     서인석   
     8     3   무장              한   암    2    53      오수철     안해양   
     9     9   온더록스          한   수    2    53+1.0  임다빈     서홍수   
    92     5   유로킹덤          한   거    2    53      이혁      김동철   
    95     7   블랙이글스        한   암    2    53      문정균     유재길   
--------------------------------------------------------------------------------
   순위 마번  마    명        마체중 기  록  도착차    판정 불합격사유   검사사유
--------------------------------------------------------------------------------
     1   1   탐라최강자        433  1:03.6            합              주행미합(신)
     2  11   페더럴프레스      501  1:04.5   5        합              주행미합(신)
     3   8   지니어스퀸        451  1:04.5   목       합              주행미합(신)
     4   2   체크포인트        476  1:04.5   코       합              주행미합(신)
     5   6   찰나질주          446  1:04.7   1¼      합              주행미합(신)
     6  10   신의블루          503  1:04.8   목       합              주행미합(신)
     7   4   에스아이코코      460  1:05.0   1¾      합              주행미합(신)
     8   3   무장              460  1:05.1   ½       유   출발불량   주행미합(신)
     9   9   온더록스          450  1:05.6   3        합              주행미합(신)
    92   5   유로킹덤          512           주행중지 불   진입불량   주행미합(신)
    95   7   블랙이글스          0           출전취소 출   마체이상   주행미합(신)
--------------------------------------------------------------------------------
   순위  마번    G-3Ｆ    S-1F   ３코너   ４코너     G-1F  S1F-1C-2C-3C-4C-G1F
--------------------------------------------------------------------------------
     1     1     38.3   0:14.2   0:14.2   0:31.6     13.3   3-  -  - 3- 1- 1
     2    11     37.9   0:14.8   0:14.8   0:33.0     12.9   7-  -  - 7- 7- 6
     3     8     39.2   0:13.9   0:13.9   0:31.9     13.4   2-  -  - 2- 3- 3
     4     2     37.6   0:15.3   0:15.3   0:33.6     12.8   8-  -  - 8- 9- 7
     5     6     39.6   0:13.9   0:13.9   0:31.7     14.0   1-  -  - 1- 2- 2
     6    10     39.2   0:14.2   0:14.2   0:32.2     13.6   4-  -  - 4- 4- 4
     7     4     39.0   0:14.3   0:14.3   0:32.4     13.7   5-  -  - 5- 5- 5
     8     3     38.6   0:15.3   0:15.3   0:33.0     13.3   9-  -  - 9- 6- 8
     9     9     39.3   0:14.4   0:14.4   0:33.1     13.1   6-  -  - 6- 8- 9
    92     5                                               10-  -  -10-10-10
    95     7                                                 -  -  -  -  -  
--------------------------------------------------------------------------------
      4펄롱 :  0:49.7     3펄롱 :  0:38.5
--------------------------------------------------------------------------------


제목 : 22년12월 9일 (금)   제46차 주행심사성적  제 3경주

날    씨 : 흐림                             주로상태 : 다습 (10%)
--------------------------------------------------------------------------------
   순위  마번  마    명         산지  성  연령   부  담  기수명    조교사명
--------------------------------------------------------------------------------
     1    10   남산주몽          미   거    4    57      이동진     토니    
     2     8   늘가을            한   수    2    53      조재로     배휴준   
     3     5   화이트다이아      한   암    2    53      정정희     리카디   
     4     9   위너콜            미   암    2    53      오수철     홍대유   
     5     4   엠제이대로        한   암    2    53+1.0  김정준     송문길   
     6     3   제이와이코코      한   암    2    53+1.0  조상범     심승태   
     7     7   제트비전          한   수    2    53+1.0  송재철     전승규   
     8     2   해랑여왕          한   암    2    53+2.0  박현우     박천서   
    92     1   실버퍼지          한   암    2    53+1.0  조한별     김동균   
    93    11   한가위선물        한   암    3    54      다비드     안병기   
    95     6   빛나는금성        한   암    2    53      하정훈     신삼영   
--------------------------------------------------------------------------------
   순위 마번  마    명        마체중 기  록  도착차    판정 불합격사유   검사사유
--------------------------------------------------------------------------------
     1  10   남산주몽          453  1:03.6            합              장기휴양도래(재)
     2   8   늘가을            477  1:04.1   3        합              주행지정(재)
     3   5   화이트다이아      421  1:04.6   3        합              주행미합(신)
     4   9   위너콜            460  1:04.9   1½      합              주행지정(재)
     5   4   엠제이대로        443  1:05.1   1½      합              주행미합(신)
     6   3   제이와이코코      460  1:05.3   1        유   진입불량   주행미합(신)
     7   7   제트비전          516  1:05.9   3        합              주행미합(신)
     8   2   해랑여왕          412  1:06.3   2½      불   능력미달   주행미합(신)
    92   1   실버퍼지          488           주행중지 불   출발불량   주행미합(신)
    93  11   한가위선물        491           심사제외 불   진입불량   장기휴양(재)
    95   6   빛나는금성          0           출전취소 출   조교불충분 주행미합(신)
--------------------------------------------------------------------------------
   순위  마번    G-3Ｆ    S-1F   ３코너   ４코너     G-1F  S1F-1C-2C-3C-4C-G1F
--------------------------------------------------------------------------------
     1    10     37.5   0:14.5   0:14.5   0:32.7     12.5   4-  -  - 4- 4- 1
     2     8     37.6   0:14.8   0:14.8   0:33.0     12.3   6-  -  - 6- 6- 4
     3     5     38.8   0:14.2   0:14.2   0:32.3     13.4   1-  -  - 1- 1- 2
     4     9     39.0   0:14.3   0:14.3   0:32.4     13.3   2-  -  - 2- 2- 3
     5     4     38.9   0:14.5   0:14.5   0:32.9     13.0   5-  -  - 5- 5- 5
     6     3     38.1   0:15.4   0:15.4   0:33.8     12.7   8-  -  - 8- 8- 8
     7     7     39.3   0:14.8   0:14.8   0:33.1     13.6   7-  -  - 7- 7- 6
     8     2     40.2   0:14.5   0:14.5   0:32.7     14.0   3-  -  - 3- 3- 7
    92     1                                                9-  -  - 9- 9- 9
    93    11                                                 -  -  -  -  -  
    95     6                                                 -  -  -  -  -  
--------------------------------------------------------------------------------
      4펄롱 :  0:49.4     3펄롱 :  0:37.8
--------------------------------------------------------------------------------


제목 : 22년12월 9일 (금)   제46차 주행심사성적  제 4경주

날    씨 : 흐림                             주로상태 : 다습 (10%)
--------------------------------------------------------------------------------
   순위  마번  마    명         산지  성  연령   부  담  기수명    조교사명
--------------------------------------------------------------------------------
     1    11   청춘비바          미   거    4    57      이동진     토니    
     2     8   드림스카이        한   암    2    53+1.0  송재철     임채덕   
     3     2   폴인러브          한   암    2    53      조재로     강환민   
     4     3   네이비크롬        한   암    2    53      박태종     정호익   
     5     1   남산바이트        한   수    3    55+1.0  문성혁     서인석   
     6     7   청계기상          한   수    2    53+1.0  김정준     이신영   
     7     4   선샤인케이        한   암    3    54      오수철     안해양   
     8     9   문학이든          한   암    2    53+1.0  임다빈     홍대유   
     9     6   행복한버미        한   수    3    55      김옥성     서홍수   
    10     5   비호번개          한   수    3    55+1.0  박현우     박천서   
    93    10   하이파크          한   암    3    54      조상범     문병기   
--------------------------------------------------------------------------------
   순위 마번  마    명        마체중 기  록  도착차    판정 불합격사유   검사사유
--------------------------------------------------------------------------------
     1  11   청춘비바          466  1:02.8            연              연습주행    
     2   8   드림스카이        477  1:02.9   1        합              주행지정(재)
     3   2   폴인러브          479  1:03.2   1¼      합              장기휴양(재)
     4   3   네이비크롬        490  1:03.5   2        합              장기휴양(재)
     5   1   남산바이트        508  1:04.8   8        유   출발자세불량 장기휴양(재)
     6   7   청계기상          524  1:05.5   4        합              주행지정(재)
     7   4   선샤인케이        504  1:06.2   4        불   능력미달   장기휴양(재)
     8   9   문학이든          462  1:06.2   목       불   출발자세불량 주행지정(재)
     9   6   행복한버미        430  1:06.9   4        불   능력미달   장기휴양(재)
    10   5   비호번개          502  1:07.2   1¾      불   능력미달   장기휴양(재)
    93  10   하이파크          458           심사제외 불   출발자세불량 주행지정(재)
--------------------------------------------------------------------------------
   순위  마번    G-3Ｆ    S-1F   ３코너   ４코너     G-1F  S1F-1C-2C-3C-4C-G1F
--------------------------------------------------------------------------------
     1    11     38.4   0:13.7   0:13.7   0:30.7     13.7   2-  -  - 2- 1- 1
     2     8     38.4   0:13.7   0:13.7   0:30.8     13.4   1-  -  - 1- 2- 2
     3     2     37.8   0:14.3   0:14.3   0:31.7     13.1   6-  -  - 6- 6- 4
     4     3     38.6   0:14.0   0:14.0   0:31.2     13.7   5-  -  - 5- 4- 3
     5     1     38.8   0:14.8   0:14.8   0:32.0     14.4   9-  -  - 9- 7- 5
     6     7     39.4   0:14.4   0:14.4   0:32.6     13.5   7-  -  - 7- 9- 8
     7     4     39.6   0:14.9   0:14.9   0:33.2     14.0  10-  -  -10-10- 9
     8     9     41.2   0:13.9   0:13.9   0:31.3     15.1   4-  -  - 4- 5- 6
     9     6     41.1   0:14.5   0:14.5   0:32.3     14.6   8-  -  - 8- 8-10
    10     5     42.7   0:13.7   0:13.7   0:30.9     16.1   3-  -  - 3- 3- 7
    93    10                                                 -  -  -  -  -  
--------------------------------------------------------------------------------
      4펄롱 :  0:49.1     3펄롱 :  0:38.4
--------------------------------------------------------------------------------


제목 : 22년12월 9일 (금)   제46차 주행심사성적  제 5경주

날    씨 : 흐림                             주로상태 : 다습 (10%)
--------------------------------------------------------------------------------
   순위  마번  마    명         산지  성  연령   부  담  기수명    조교사명
--------------------------------------------------------------------------------
     1    11   더검푸            미   거    5    57      문성혁     토니    
     2    10   샤크짱            미   수    5    57      김옥성     이희영   
     3     2   선더블루          한   수    2    53      문정균     최상식   
     4     3   언패럴렐드        한   거    5    57      박태종     최봉주   
     5     6   엠제이파워        미   거    6    57      송재철     문병기   
     6     9   그린불패          한   암    2    53      조재로     구자흥   
     7     4   금성맨            한   수    3    55+1.0  박병윤     김윤섭   
     8     5   미스샤프          미   암    2    53      오수철     홍대유   
     9     7   보스베이비        한   거    3    55      김효정     배대선   
    10     1   천둥오름          한   암    3    54      김태희     전승규   
    95     8   장산포에버        미   거    5    57      정정희     리카디   
--------------------------------------------------------------------------------
   순위 마번  마    명        마체중 기  록  도착차    판정 불합격사유   검사사유
--------------------------------------------------------------------------------
     1  11   더검푸            474  1:01.5            연              연습주행    
     2  10   샤크짱            506  1:02.4   5        합              주행불량(연속)(1/3)
     3   2   선더블루          481  1:03.4   5        합              장기휴양(재)
     4   3   언패럴렐드        482  1:03.5   ½       합              장기휴양(재)
     5   6   엠제이파워        519  1:04.0   3        합              장기휴양도래(재)
     6   9   그린불패          439  1:04.5   3        합              주행지정(재)
     7   4   금성맨            492  1:04.5   머리     합              장기휴양(재)
     8   5   미스샤프          461  1:04.5   코       합              장기휴양도래(재)
     9   7   보스베이비        452  1:04.6   ¾       합              주행지정(재)
    10   1   천둥오름          426  1:04.8   1¼      합              장기휴양(재)
    95   8   장산포에버          0           출전취소 출   조교불충분 주행지정(재)
--------------------------------------------------------------------------------
   순위  마번    G-3Ｆ    S-1F   ３코너   ４코너     G-1F  S1F-1C-2C-3C-4C-G1F
--------------------------------------------------------------------------------
     1    11     36.3   0:14.1   0:14.1   0:31.3     12.4   3-  -  - 3- 4- 1
     2    10     37.2   0:14.3   0:14.3   0:31.2     13.0   4-  -  - 4- 1- 2
     3     2     38.3   0:14.0   0:14.0   0:31.2     13.6   1-  -  - 1- 2- 4
     4     3     38.3   0:14.1   0:14.1   0:31.3     13.8   2-  -  - 2- 3- 3
     5     6     37.6   0:14.6   0:14.6   0:32.7     13.0   7-  -  - 7- 7- 6
     6     9     37.9   0:14.9   0:14.9   0:33.0     13.0  10-  -  -10-10- 9
     7     4     38.0   0:14.7   0:14.7   0:32.9     13.4   8-  -  - 8- 9- 7
     8     5     38.7   0:14.4   0:14.4   0:32.1     13.5   5-  -  - 5- 5- 5
     9     7     38.1   0:14.8   0:14.8   0:32.8     13.0   9-  -  - 9- 8-10
    10     1     38.5   0:14.5   0:14.5   0:32.6     13.5   6-  -  - 6- 6- 8
    95     8                                                 -  -  -  -  -  
--------------------------------------------------------------------------------
      4펄롱 :  0:47.5     3펄롱 :  0:36.4
--------------------------------------------------------------------------------
