출전마진료및장구사용

경주일: 2022.11.18   1 경주
─────────────────────────────────────────────────────────  
 No  마명                보조장구               폐출혈            진료사항                  
─────────────────────────────────────────────────────────  
  1  리멤버미             JR러깅재갈                        2022.10.28진정(장제)          
                          망사눈가면                                                      
  2  슈퍼카넬             Triabit러깅재갈                   2022.10.23우각막찰과상        
                          망사가면                          2022.09.17요배통              
  3  해랑더원             귀가면(예시&출장                  2022.11.16운동기인성 피로회복(수액처치)
                          망사가면                          2022.11.07좌각막찰과상        
  4  로드투드림           반가지큰고리재갈                  2022.10.17좌각막찰과상        
                                                            2022.09.13담마진              
  5  타우루스킹           계란형큰고리재갈                  2022.10.09우각막찰과상        
                          귀가면(예시&출장                                                
  6  러닝파워             Triabit러깅재갈                   2022.11.06양각막염            
                          귀가면(예시&출장                  2022.10.30양후지 근육통       
  7  퍼스트메니           꼬리받침                          2022.11.16운동기인성 피로회복(수액처치)
                          망사가면                          2022.10.28운동기인성 피로회복 
  8  승리매직킹           계란형큰고리재갈                  2022.11.08양후지 근육통       
                          망사가면                          2022.09.26정치,발치           
  9  고포잇               망사눈가면                        2022.10.29운동기인성 피로회복 
                          반가지큰고리재갈                  2022.10.24좌후지 부종         
 10  플라잉아론           BlueBond편자                      2022.08.30좌전답창            
                          망사가면                                                        
 11  평정시대             계란형큰고리재갈                  2022.11.03양후지 부종         
                          망사가면                          2022.08.27우각막찰과상        
 12  런투킹               계란형큰고리재갈                                                
                          귀가면(예시&출장                                                

경주일: 2022.11.18   2 경주
─────────────────────────────────────────────────────────  
 No  마명                보조장구               폐출혈            진료사항                  
─────────────────────────────────────────────────────────  
  1  마더마운틴           Triabit러깅재갈                   2022.10.26양제3중수골골막염   
                          망사가면                          2022.10.23좌각막찰과상        
  2  닥터샤크             계란형큰고리재갈                  2022.10.29좌각막찰과상        
                          망사가면                          2022.10.23운동기인성 피로회복(수액처치)
  3  새비지걸             양털뺨굴레                        2022.11.08좌각막찰과상        
                          계란형큰고리재갈                  2022.09.29진정(보정)          
  4  록스                 망사가면                          2022.10.16우각막찰과상        
                          반가지큰고리재갈                  2022.10.02좌각막찰과상        
  5  원더풀어필           망사가면                          2022.10.24양제3중수골골막염   
                          계란형큰고리재갈                  2022.10.23운동기인성 피로회복 
  6  팬스타               혀보정끈                          2022.09.29담마진              
                          망사가면                          2022.09.03우각막찰과상        
  7  페가콘               망사가면                          2022.10.22좌전지교돌상        
                          반가지큰고리재갈                                                
  8  서던조이             계란형큰고리재갈                  2022.10.30좌전지교돌상        
                          귀가면(예시&출장                                                
  9  투투플라잉           Triabit러깅재갈                   2022.09.30좌각막찰과상        
                          망사가면                          2022.09.04우각막찰과상        
 10  톱프렌드             Triabit러깅재갈                   2022.08.31정치,낭치           
                          망사가면                                                        
 11  하늘제왕             계란형큰고리재갈                  2022.11.01좌각막찰과상        
                          귀가면(예시&출장                                                

경주일: 2022.11.18   3 경주
─────────────────────────────────────────────────────────  
 No  마명                보조장구               폐출혈            진료사항                  
─────────────────────────────────────────────────────────  
  1  영성프린스           망사가면                          2022.11.01우후지 부종         
                          계란형큰고리재갈                  2022.10.25좌각막찰과상        
  2  풍운조화             Triabit러깅재갈                   2022.11.04우각막찰과상        
                          망사가면                          2022.10.23좌각막찰과상        
  3  골든매직             계란형큰고리재갈                  2022.09.16좌전지 부종         
                          망사가면                          2022.09.06좌주두점액낭염(좌주종)
  4  시티위크             귀가면(예시&출장                  2022.11.08양후지 근육통       
                          망사가면                          2022.11.07물리치료(쇽웨이브)  
  5  러너                 망사가면                          2022.11.05운동기인성 피로회복 
                                                            2022.10.02정치,진정(보정)     
  6  스카이아치           Triabit러깅재갈                   2022.10.22우전지교돌상        
                          망사눈가면                        2022.10.21우전지 부종         
  7  영광의라이더         망사눈가면                        2022.11.04좌각막찰과상        
                          반가지큰고리재갈                                                
  8  골든캠프             계란형큰고리재갈                  2022.10.14우각막찰과상        
                          망사눈가면                                                      
  9  금아스타리           눈가리개                          2022.10.31양전구절염          
                          망사가면                          2022.10.28좌전지교돌상        
 10  퀸로맨스             망사눈가면                        2022.08.23우후제저타박상      
                          반가지큰고리재갈                                                
 11  태양으뜸             JR러깅재갈                        2022.10.08좌각막찰과상        
                          양털코굴레                                                      
 12  루시드               Triabit러깅재갈                   2022.10.29좌각막찰과상        
                          눈가리개                                                        

경주일: 2022.11.18   4 경주
─────────────────────────────────────────────────────────  
 No  마명                보조장구               폐출혈            진료사항                  
─────────────────────────────────────────────────────────  
  1  아델호랑이           계란형큰고리재갈                  2022.11.07양전지 근육통       
                          망사가면                          2022.10.22좌전지교돌상        
  2  하비스트댄서         귀가면(예시&출장                  2022.11.03경련산              
                          반가지큰고리재갈                  2022.10.09정치                
  3  원더풀앤도버         망사가면                          2022.11.03정치                
                          반가지큰고리재갈                  2022.10.01진정(장제)          
  4  모닝뮤즈             Triabit러깅재갈                   2022.11.06양후지 근육통       
                                                            2022.10.31좌각막찰과상        
  5  그래핀퀸             계란형큰고리재갈                  2022.11.14운동기인성 피로회복(수액처치)
                          귀가면(예시&출장                  2022.11.07운동기인성 피로회복 
  6  쿠케난               망사가면                          2022.10.28우각막찰과상        
                                                            2022.10.26운동기인성 피로회복(수액처치)
  7  킥앤드러시           망사눈가면                        2022.10.08술후처치            
                                                            2022.09.23진정(보정)          
  8  비케이헌터           Triabit러깅재갈                   2022.11.06우각막찰과상        
                          망사가면                          2022.10.25좌전지파행          
  9  파이트패밀리         계란형큰고리재갈                                                
                          망사가면                                                        
 10  위대한선택           Triabit러깅재갈                   2022.11.07좌각막찰과상        
                          망사가면                          2022.09.28정치                
 11  마이럴러바이         망사가면                          2022.10.07정치                
                          JR러깅재갈                                                      
 12  와이즈보이           망사눈가면                        2022.10.23좌각막찰과상        
                          반가지큰고리재갈                  2022.10.14정치                

경주일: 2022.11.18   5 경주
─────────────────────────────────────────────────────────  
 No  마명                보조장구               폐출혈            진료사항                  
─────────────────────────────────────────────────────────  
  1  서부퀸               혀보정재갈                        2022.11.05우전지교돌상        
                          망사가면                          2022.10.22좌후지교돌상        
  2  탐라하늘             반가지큰고리재갈                  2022.11.02운동기인성 피로회복(수액처치)
                                                            2022.10.21좌각막찰과상        
  3  갤럽보이             Triabit러깅재갈                   2022.11.07좌각막찰과상        
                          망사가면                                                        
  4  머니백               망사눈가면                        2022.10.31진정(보정)          
                                                            2022.10.22정치                
  5  주말보배             BlueBond편자                      2022.10.13좌전지 부종         
                          귀가면(예시&출장                  2022.10.03우각막찰과상        
  6  하바나제인                                             2022.11.07좌각막찰과상        
                                                            2022.10.13양후지 근육통       
  7  빌드업               혀보정끈                          2022.11.06정치,발치           
                          반가지큰고리재갈                  2022.10.31좌후 구절부 찰과상  
  8  이글스타             눈가리개                          2022.10.16좌각막찰과상        
                          귀가면(예시&출장                  2022.09.15운동기인성 피로회복(수액처치)
  9  인세이셔블           계란형큰고리재갈                  2022.10.23좌전지교돌상        
                          망사눈가면                        2022.10.21운동기인성 피로회복(수액처치)
 10  메인브리지           구각자극판                        2022.11.13운동기인성 피로회복(수액처치)
                          반가지큰고리재갈                  2022.11.09정치                
 11  승리의불길           망사눈가면                        2022.09.16우각막찰과상        
                          반가지큰고리재갈                                                
 12  화랑에이스           망사눈가면                        2022.10.28좌각막찰과상        
                          계란형큰고리재갈                                                

경주일: 2022.11.18   6 경주
─────────────────────────────────────────────────────────  
 No  마명                보조장구               폐출혈            진료사항                  
─────────────────────────────────────────────────────────  
  1  에이원스             망사가면                          2022.10.21좌각막찰과상        
                          반가지큰고리재갈                  2022.10.08우전지 부종         
  2  조셉핀퀸             귀가면(예시&출장                  2022.11.07양후지 근육통,요배통
                          계란형큰고리재갈                  2022.10.26양전구절염,요배통   
  3  닥터콩순이           망사가면                          2022.10.29좌각막찰과상        
                          계란형큰고리재갈                  2022.10.08우후지교돌상        
  4  서귀축제             계란형큰고리재갈                  2022.11.06정치,발치           
                          망사가면                          2022.10.18좌각막찰과상        
  5  퍼플망고             망사눈가면                        2022.10.04요배통              
                                                            2022.09.27우전지파행          
  6  운주싹쓸이           계란형큰고리재갈                  2022.10.16우각막찰과상        
                          망사눈가면                        2022.09.25운동기인성 피로회복(수액처치)
  7  해피째즈             망사눈가면                        2022.10.21좌전지교돌상        
                          JR러깅재갈                                                      
  8  컬러윈드             계란형큰고리재갈                  2022.10.22좌각막찰과상        
                          망사가면                          2022.10.09양각막찰과상        
  9  블루카슨             망사가면                          2022.11.04요배통              
                          계란형큰고리재갈                  2022.11.01좌후지교돌상        
 10  아무르               계란형큰고리재갈                  2022.10.22좌전지교돌상        
                                                            2022.10.19운동기인성 피로회복(수액처치)
 11  뷰티힐               망사눈가면                        2022.10.09좌전지교돌상        
                          계란형큰고리재갈                  2022.09.04양각막염            
 12  투투라임             계란형큰고리재갈                  2022.11.04좌각막찰과상        
                          망사가면                          2022.10.15우중족부찰과상      

경주일: 2022.11.18   7 경주
─────────────────────────────────────────────────────────  
 No  마명                보조장구               폐출혈            진료사항                  
─────────────────────────────────────────────────────────  
  1  하늘질주             혀보정끈                          2022.09.29운동기인성 피로회복(수액처치)
                          망사눈가면                                                      
  2  판타스틱러브         망사가면                          2022.10.19우각막찰과상        
                          반가지큰고리재갈                  2022.10.14운동기인성 피로회복(수액처치)
  3  케이에프원           계란형큰고리재갈                  2022.11.16운동기인성 피로회복(수액처치)
                          망사가면                          2022.11.14정치                
  4  아트켈리             귀가면(예시&출장                  2022.10.29좌후계부찰과상      
                          반가지큰고리재갈                  2022.09.25좌후지파행          
  5  금아패셔너트         귀가면(예시&출장                  2022.11.12운동기인성 피로회복(수액처치)
                          BlueBond편자                      2022.11.08양후지 근육통       
  6  일념천하             망사눈가면                        2022.10.16우각막찰과상        
                          Triabit러깅재갈                                                 
  7  켄드릭               혀보정끈                          2022.10.29우각막찰과상        
                          귀가면(예시&출장                  2022.10.23운동기인성 피로회복(수액처치)
  8  잣나무길             Triabit러깅재갈                   2022.10.20요배통              
                          망사가면                          2022.10.19좌각막찰과상        

경주일: 2022.11.18   8 경주
─────────────────────────────────────────────────────────  
 No  마명                보조장구               폐출혈            진료사항                  
─────────────────────────────────────────────────────────  
  1  더에어               망사눈가면                        2022.11.06좌후지교돌상        
                          계란형큰고리재갈                  2022.09.05좌제3중수골골막염   
  2  라온더파이팅         구각자극판                        2022.11.06좌각막찰과상        
                          Triabit러깅재갈                   2022.10.28요배통              
  3  라이트스토리         귀가면(예시&출장                  2022.10.25양각막염            
                          계란형큰고리재갈                  2022.10.02양전지 근육통       
  4  위대한함안           BlueBond편자                      2022.11.08양후지 근육통       
                          Triabit러깅재갈                   2022.10.19양전구절염          
  5  얼라이브스타         망사가면                          2022.11.03진드기성외이염      
                          혀보정끈                          2022.10.27우비절부 찰과상     
  6  나이스최강           꼬리받침                          2022.10.31운동기인성 피로회복 
                          Triabit러깅재갈                   2022.10.28좌후지교돌상        
  7  트리플질주           반가지큰고리재갈                  2022.10.17좌전구절염,요배통   
                          망사가면                          2022.10.08정치                
  8  월드보이             계란형큰고리재갈                  2022.11.05좌각막찰과상        
                          귀가면(예시&출장                  2022.08.25발치                
  9  디먼스파이           귀가면(예시&출장                  2022.11.15운동기인성 피로회복(수액처치)
                          망사가면                          2022.11.09정치                
 10  랩베르사             꼬리받침                          2022.11.02정치,진드기성외이염 
                          BlueBond편자                      2022.10.31좌각막찰과상        
 11  네임드               혀보정끈                          2022.10.23좌후지교돌상        
                          귀가면(예시&출장                  2022.09.25좌전지교돌상        
 12  스파이스엑톤         망사눈가면                        2022.10.03우전지파행          
                          계란형큰고리재갈                  2022.10.02좌각막찰과상        

경주일: 2022.11.18   9 경주
─────────────────────────────────────────────────────────  
 No  마명                보조장구               폐출혈            진료사항                  
─────────────────────────────────────────────────────────  
  1  얼라이브캡틴         BlueBond편자                      2022.10.21좌각막찰과상        
                          혀보정끈                          2022.10.02운동기인성 피로회복(수액처치)
  2  맨오브톱             귀가면(예시&출장                  2022.10.25우후지교돌상        
                          계란형큰고리재갈                  2022.10.13양후지 근육통       
  3  스카이모어           반가지큰고리재갈                  2022.10.03우전지교돌상        
                          망사가면                          2022.10.02좌전지교돌상        
  4  제시의꿈             양털코굴레                        2022.11.06진정(장제)          
                                                            2022.10.25우전지파행          
  5  위너스타             망사가면                          2022.11.08양후지 근육통       
                          계란형큰고리재갈                  2022.11.01좌각막찰과상        
  6  월드톱               계란형큰고리재갈                  2022.10.25좌각막찰과상        
                          귀가면(예시&출장                  2022.08.25운동기인성 피로회복(수액처치)
  7  클리어               망사가면                          2022.11.04물리치료(쇽웨이브)  
                          계란형큰고리재갈                  2022.10.08우전지파행          
  8  닥터테이크           계란형큰고리재갈                  2022.10.23우전지교돌상        
                          망사눈가면                        2022.10.07양전지교돌상        
  9  소머치고             망사가면                          2022.11.09정치                
                          반가지큰고리재갈                  2022.11.08양후지 근육통       
 10  리턴오브섭서디       JR러깅재갈                        2022.11.04우후지교돌상        
                          망사가면                          2022.10.23우전지교돌상        

경주일: 2022.11.20   1 경주
─────────────────────────────────────────────────────────  
 No  마명                보조장구               폐출혈            진료사항                  
─────────────────────────────────────────────────────────  
  1  리벤지쿠로           계란형큰고리재갈                  2022.11.05진정(장제)          
                          망사가면                          2022.10.23좌각막찰과상        
  2  월드포인트           반가지큰고리재갈                  2022.10.22정치                
                                                            2022.10.11좌제3중수골골막염   
  3  록앤드롤             혀보정끈                          2022.10.29마체검사            
                          계란형큰고리재갈                  2022.09.26감기                
  4  오케이스타           계란형큰고리재갈                  2022.11.02우각막찰과상        
                          귀가면(예시&출장                                                
  5  위드선               계란형큰고리재갈                  2022.10.26물리치료(쇽웨이브)  
                          귀가면(예시&출장                  2022.08.31술후처치(거세술)    
  6  글로벌스카이                                           2022.10.23좌각막찰과상        
                                                            2022.09.30양전지 근육통       
  7  성실킹               귀가면(예시&출장                  2022.11.02진정(보정)          
                          BlueBond편자                      2022.10.08양후지파행          
  8  켈리퀸               꼬리받침                          2022.10.23좌각막찰과상        
                          계란형큰고리재갈                  2022.10.04감기                
  9  불의축제             Triabit러깅재갈                   2022.11.06좌각막찰과상        
                          망사가면                          2022.10.22우각막찰과상        
 10  커널플라잉           계란형큰고리재갈                  2022.10.18좌각막찰과상        
                          망사가면                          2022.09.18양각막찰과상        
 11  다이아보스           Triabit러깅재갈                   2022.11.10양후지 근육통       
                          망사가면                          2022.09.18우중수부찰과상      
 12  파워플레인           망사가면                          2022.11.06진정(장제)          
                          반가지큰고리재갈                  2022.10.15양전지 근육통       

경주일: 2022.11.20   2 경주
─────────────────────────────────────────────────────────  
 No  마명                보조장구               폐출혈            진료사항                  
─────────────────────────────────────────────────────────  
  1  동부스타             망사눈가면                        2022.10.22우각막찰과상        
                          Triabit러깅재갈                                                 
  2  마이스타             망사눈가면         2022.02.11 2회 2022.10.21정치                
                          반가지큰고리재갈   2020.12.19 1회 2022.10.18우각막찰과상        
  3  아델스텔라           망사눈가면                        2022.11.01좌각막찰과상        
                          계란형큰고리재갈                  2022.09.22정치                
  4  최강두드림           귀가면(예시&출장                  2022.11.14정치                
                          망사가면                          2022.11.06우각막찰과상        
  5  노던라이츠           계란형큰고리재갈   2022.01.21 2회 2022.11.16운동기인성 피로회복(수액처치)
                          망사눈가면         2021.05.02 1회 2022.10.24양전구절염          
  6  원더풀오션           망사눈가면                        2022.10.29운동기인성 피로회복 
                          반가지큰고리재갈                                                
  7  스타티세             눈가면                            2022.11.05우전지교돌상        
                          계란형큰고리재갈                  2022.10.23양각막염            
  8  슈퍼크랙             눈가리개                          2022.10.15좌각막찰과상,정치   
                          망사눈가면                        2022.09.20좌각막찰과상        
  9  선더퓨리             귀가면(예시&출장                  2022.11.04양전구절염          
                          망사눈가면                        2022.11.01요배통              
 10  특급캠프             꼬리받침                          2022.11.07좌각막찰과상        
                          귀가면(예시&출장                                                

경주일: 2022.11.20   3 경주
─────────────────────────────────────────────────────────  
 No  마명                보조장구               폐출혈            진료사항                  
─────────────────────────────────────────────────────────  
  1  컴온퍼스트           망사눈가면                        2022.11.07구내염              
                          귀가면(예시&출장                  2022.11.04정치                
  2  에이스질주           Triabit러깅재갈    2021.05.08 1회 2022.11.06좌각막찰과상        
                                                            2022.11.04운동기인성 피로회복(수액처치)
  3  스파이스인디         꼬리받침                          2022.11.04좌각막찰과상        
                          Triabit러깅재갈                   2022.09.01우각막찰과상        
  4  당대블루             꼬리받침                          2022.10.20정치                
                          눈가리개                                                        
  5  아델스마트           망사가면                          2022.09.13술후처치            
                                                            2022.08.29전흉부 열창         
  6  노블카우보이         망사눈가면                        2022.11.06우각막찰과상        
                          Triabit러깅재갈                   2022.09.25좌각막찰과상        
  7  배다리아이콘         BlueBond편자                      2022.11.08우전지교돌상        
                          망사눈가면                        2022.10.17우후지교돌상        
  8  함안봉화산           귀가면(예시&출장                  2022.11.07양후지 근육통       
                          망사가면                          2022.11.06우후 구절부 찰과상  
  9  스타마타             망사가면                          2022.11.09진정(장제)          
                          반가지큰고리재갈                  2022.11.03양제3중수골골막염   

경주일: 2022.11.20   4 경주
─────────────────────────────────────────────────────────  
 No  마명                보조장구               폐출혈            진료사항                  
─────────────────────────────────────────────────────────  
  1  크라운킹스타         혀보정끈                          2022.10.17우각막찰과상        
                          망사가면                                                        
  2  로열골드             망사눈가면                        2022.10.11좌각막찰과상        
                          반가지큰고리재갈                  2022.09.18우전지교돌상        
  3  성실시화             귀가면(예시&출장                  2022.11.04정치,발치           
                          망사가면                          2022.10.17요배통              
  4  윈드크로스           반가지큰고리재갈                  2022.11.05좌각막찰과상        
                          망사가면                          2022.10.19우전지파행          
  5  런파이터             눈가리개                          2022.10.21정치                
                          귀가면(예시&출장                  2022.10.11양각막찰과상        
  6  아이윌비프리         귀가면(예시&출장                  2022.10.16좌후지교돌상        
                          Triabit러깅재갈                   2022.09.27좌전지교돌상        
  7  원더풀월드           귀가면(예시&출장                  2022.10.23우각막찰과상        
                          망사가면                          2022.09.22운동기인성 피로회복(수액처치)
  8  퍼스트스타           계란형큰고리재갈                  2022.11.08좌각막찰과상        
                          망사가면                          2022.10.17양전구절염          
  9  선마운틴             계란형큰고리재갈                  2022.10.24좌각막찰과상        
                          망사가면                          2022.09.17진정(장제)          
 10  몽땅                 망사가면                          2022.11.10양후지 근육통       
                          계란형큰고리재갈                  2022.10.04양전구절염          
 11  화이트갤로퍼         귀가면(예시&출장                  2022.11.12정치                
                          Triabit러깅재갈                   2022.11.09우각막찰과상        
 12  화랑의챔피언         혀보정끈                          2022.10.15우후 구절부 찰과상  
                          계란형큰고리재갈                                                

경주일: 2022.11.20   5 경주
─────────────────────────────────────────────────────────  
 No  마명                보조장구               폐출혈            진료사항                  
─────────────────────────────────────────────────────────  
  1  윈드하이             눈가면                            2022.11.13운동기인성 피로회복(수액처치)
                          BlueBond편자                      2022.11.08양후지 근육통,호흡기질환기타
  2  불의검               망사눈가면                        2022.10.07좌각막찰과상        
                          Triabit러깅재갈                   2022.09.25요배통              
  3  은성영웅             망사눈가면                        2022.11.10좌각막찰과상        
                          혀보정끈                          2022.09.25우각막찰과상        
  4  체인지백             JR러깅재갈                        2022.11.01양전구절염          
                          망사가면                          2022.10.28양각막찰과상        
  5  맨오브더월드         계란형큰고리재갈                  2022.11.13운동기인성 피로회복(수액처치)
                          귀가면(예시&출장                  2022.11.10좌각막찰과상        
  6  미스터밸러           망사눈가면                        2022.10.28우전지교돌상        
                          JR러깅재갈                        2022.10.07좌전지교돌상        
  7  낭만전사             양털코굴레         2022.05.15 1회 2022.10.15양전구절염          
                          반가지큰고리재갈                  2022.10.09우각막찰과상        
  8  기적의적토마         귀가면(예시&출장                  2022.11.13운동기인성 피로회복(수액처치)
                          계란형큰고리재갈                  2022.11.10좌각막찰과상        
  9  선더킹               Triabit러깅재갈                                                 
                          망사가면                                                        
 10  운주히어로           꼬리받침                          2022.11.13운동기인성 피로회복(수액처치)
                          혀보정끈                          2022.11.10양후지 근육통       
 11  케이케이원           구각자극판                        2022.11.09좌각막찰과상        
                          Triabit러깅재갈                   2022.10.14우전지교돌상        
 12  아델크라운           귀가면(예시&출장                  2022.11.08좌중수부 찰과상     
                          계란형큰고리재갈                  2022.10.17우각막찰과상        

경주일: 2022.11.20   6 경주
─────────────────────────────────────────────────────────  
 No  마명                보조장구               폐출혈            진료사항                  
─────────────────────────────────────────────────────────  
  1  알파토르             Triabit러깅재갈                   2022.11.10좌각막찰과상        
                          망사가면                          2022.09.23우각막찰과상        
  2  아틀라스             귀가면(예시&출장                  2022.11.14운동기인성 피로회복(수액처치)
                          망사가면                          2022.11.10양후지 근육통,물리치료(쇽웨이브)
  3  원더풀바우           계란형큰고리재갈                  2022.11.10양후지 근육통       
                          귀가면(예시&출장                  2022.11.07감기                
  4  한센코드걸           Triabit러깅재갈                   2022.11.10운동기인성 피로회복 
                          망사가면                          2022.11.05요배통              
  5  드림오브퀸           Triabit러깅재갈                   2022.10.25제질환기타          
                          망사가면                          2022.10.21좌후지교돌상        
  6  로키블리스           망사가면                          2022.11.10우각막찰과상        
                          반가지큰고리재갈                  2022.11.06운동기인성 피로회복 
  7  강서자이언트         망사가면                          2022.11.10운동기인성 피로회복 
                          계란형큰고리재갈                  2022.11.06좌후지교돌상        
  8  매직클래스           귀가면(예시&출장                  2022.11.14운동기인성 피로회복(수액처치)
                          망사눈가면                        2022.11.10우각막찰과상        
  9  바벨선샤인           꼬리받침                          2022.11.10좌각막찰과상        
                          눈가리개                          2022.11.06운동기인성 피로회복 
 10  피플파워             망사눈가면                        2022.11.10좌각막찰과상        
                          Triabit러깅재갈                   2022.11.06우각막찰과상        
 11  카르페바벨           망사가면                          2022.10.28진정(장제)          
                          반가지큰고리재갈                  2022.10.24운동기인성 피로회복(수액처치)
 12  라카르타             혀보정끈                          2022.10.28복대상              
                          JR러깅재갈                                                      
 13  그레이트미스         귀가면(예시&출장                  2022.11.10물리치료(쇽웨이브)  
                          망사가면                          2022.10.26우각막찰과상        
 14  닥터오스카           계란형큰고리재갈                  2022.11.08양전지 근육통       
                          망사가면                          2022.11.03우중수부찰과상      

