2022.12.22 갤럭시로드        24 마리동물병원 양전구절염,요배통                                                                                   
2022.12.22 금아인피니티      19 마리동물병원 우후지파행                                                                                          
2022.12.22 딕시밴드          08 마리동물병원 인푸렌자예방접종,선역예방접종                                                                       
2022.12.22 럭키스트걸        19 마리동물병원 우대퇴부찰과상                                                                                      
2022.12.22 레이더            19 마리동물병원 요배통                                                                                              
2022.12.22 레전드넘버원      19 마리동물병원 양후지파행                                                                                          
2022.12.22 마군              19 마리동물병원 양후지 근육통                                                                                       
2022.12.22 스타마타          24 마리동물병원 좌전지교돌상                                                                                        
2022.12.22 시크릿레이디      18 마리동물병원 기관지염,우전지 근육통                                                                              
2022.12.22 에이스굿잡        08 마리동물병원 감기                                                                                                
2022.12.22 에이스스타        18 마리동물병원 좌전지 부종                                                                                         
2022.12.22 원더풀앤도버      08 마리동물병원 감기                                                                                                
2022.12.22 위대한함안        27 마리동물병원 좌전제저타박상                                                                                      
2022.12.22 으뜸이            08 마리동물병원 인푸렌자예방접종,선역예방접종                                                                       
2022.12.22 캡틴골드          24 마리동물병원 우전지교돌상                                                                                        
2022.12.22 파워플레인        08 마리동물병원 인푸렌자예방접종,선역예방접종                                                                       
2022.12.22 패션포스원        10 마리동물병원 정치,발치                                                                                           
2022.12.22 페가콘            08 마리동물병원 인푸렌자예방접종,선역예방접종                                                                       
2022.12.22 플레이더인디      08 마리동물병원 인푸렌자예방접종,선역예방접종                                                                       
2022.12.22 한센코드걸        19 마리동물병원 양후지 근육통                                                                                       
2022.12.22 허니드래건        08 마리동물병원 인푸렌자예방접종,선역예방접종                                                                       
2022.12.22 닥터팡팡          01 부산부속동물 술후처치(관절경이용술)                                                                              
2022.12.22 플렉스신화        12 부산부속동물 잠복고환절제술(편측성),편측성 잠복고환                                                              
2022.12.22 하먼              30 부산부속동물 술후처치(개복술)                                                                                    
2022.12.22 그레이트킹        17 스마일 동물  양전지파행                                                                                          
2022.12.22 그린스피드        31 스마일 동물  좌후지 근육통                                                                                       
2022.12.22 넥스트마린        20 스마일 동물  우각막찰과상                                                                                        
2022.12.22 닥터쿠쿠          01 스마일 동물  인푸렌자예방접종,선역예방접종                                                                       
2022.12.22 닥터티파니        01 스마일 동물  좌각막찰과상                                                                                        
2022.12.22 동부월드          02 스마일 동물  인푸렌자예방접종,선역예방접종                                                                       
2022.12.22 라온더할리        15 스마일 동물  진정(보정)                                                                                          
2022.12.22 록파이어          02 스마일 동물  경련산                                                                                              
2022.12.22 루비스톰          24 스마일 동물  요배통                                                                                              
2022.12.22 머니허거          26 스마일 동물  좌중족부찰과상                                                                                      
2022.12.22 버닝파티          20 스마일 동물  좌각막찰과상                                                                                        
2022.12.22 버디버디          01 스마일 동물  인푸렌자예방접종,선역예방접종                                                                       
2022.12.22 벨로시랩터        20 스마일 동물  우각막찰과상                                                                                        
2022.12.22 선더퓨리          04 스마일 동물  양전지파행                                                                                          
2022.12.22 선마운틴          14 스마일 동물  요배통                                                                                              
2022.12.22 스페셜터치        06 스마일 동물  우전지파행                                                                                          
2022.12.22 아나스타시아      24 스마일 동물  정치,발치                                                                                           
2022.12.22 아임킹이지        31 스마일 동물  좌전지파행                                                                                          
2022.12.22 용비칸            31 스마일 동물  비출혈                                                                                              
2022.12.22 운주불패          21 스마일 동물  양후지파행                                                                                          
2022.12.22 월드베스트캣      21 스마일 동물  우중족부찰과상                                                                                      
2022.12.22 인디매직          31 스마일 동물  감기                                                                                                
2022.12.22 자코바이트        31 스마일 동물  감기                                                                                                
2022.12.22 켈리퀸            09 스마일 동물  우각막찰과상                                                                                        
2022.12.22 퀸할리            20 스마일 동물  우각막찰과상                                                                                        
2022.12.22 투투코인          02 스마일 동물  감기                                                                                                
2022.12.22 판타스틱매직      04 스마일 동물  좌전구절만성증식성활막염                                                                            
2022.12.22 한솔브레인        28 스마일 동물  진정(장제)                                                                                          
2022.12.22 해랑강자          28 스마일 동물  우각막찰과상                                                                                        
2022.12.22 해랑영웅          28 스마일 동물  좌각막찰과상                                                                                        
2022.12.22 해랑장군          28 스마일 동물  물리치료(쇽웨이브)                                                                                  
2022.12.22 행복한길          24 스마일 동물  정치,발치                                                                                           
2022.12.23 갤럭시로드        24 마리동물병원 양전구절염,요배통                                                                                   
2022.12.23 그레이트굿        08 마리동물병원 인푸렌자예방접종,선역예방접종                                                                       
2022.12.23 그레이트굿        08 마리동물병원 우전지교돌상                                                                                        
2022.12.23 금아마이아        19 마리동물병원 정치                                                                                                
2022.12.23 금아스타리        19 마리동물병원 정치                                                                                                
2022.12.23 금아인피니티      19 마리동물병원 우후지파행                                                                                          
2022.12.23 남도퀸            27 마리동물병원 우전지교돌상                                                                                        
2022.12.23 럭키스트걸        19 마리동물병원 우대퇴부찰과상                                                                                      
2022.12.23 레이더            19 마리동물병원 요배통                                                                                              
2022.12.23 레전드넘버원      19 마리동물병원 양후지파행                                                                                          
2022.12.23 마군              19 마리동물병원 양후지 근육통                                                                                       
2022.12.23 마이럴러바이      30 마리동물병원 우전지교돌상                                                                                        
2022.12.23 마이티스톰        10 마리동물병원 운동기인성 피로회복(수액처치)                                                                       
2022.12.23 무비모어          08 마리동물병원 우전지교돌상                                                                                        
2022.12.23 뮤직박스          08 마리동물병원 좌전지교돌상                                                                                        
2022.12.23 미라쿨룸          30 마리동물병원 인푸렌자예방접종,선역예방접종                                                                       
2022.12.23 바운티헌터        30 마리동물병원 좌전지교돌상                                                                                        
2022.12.23 배다리아이콘      12 마리동물병원 우후지교돌상                                                                                        
2022.12.23 배다리아이콘      12 마리동물병원 인푸렌자예방접종,선역예방접종                                                                       
2022.12.23 브레이브캡틴      27 마리동물병원 좌전지교돌상                                                                                        
2022.12.23 블랙맘바          19 마리동물병원 정치                                                                                                
2022.12.23 서부퀸            08 마리동물병원 인푸렌자예방접종,선역예방접종                                                                       
2022.12.23 서부퀸            08 마리동물병원 우후지교돌상                                                                                        
2022.12.23 서부크리스탈      08 마리동물병원 양전지 근육통                                                                                       
2022.12.23 선더클라우드      30 마리동물병원 우후지교돌상                                                                                        
2022.12.23 스타티세          12 마리동물병원 우전지교돌상                                                                                        
2022.12.23 시크릿레이디      18 마리동물병원 기관지염,우전지 근육통                                                                              
2022.12.23 아무르            27 마리동물병원 좌후지교돌상                                                                                        
2022.12.23 애니라인          10 마리동물병원 정치                                                                                                
2022.12.23 애니카걸          27 마리동물병원 좌전지교돌상                                                                                        
2022.12.23 어게인터치        19 마리동물병원 우전지교돌상                                                                                        
2022.12.23 어게인터치        19 마리동물병원 인푸렌자예방접종,선역예방접종                                                                       
2022.12.23 에이스굿잡        08 마리동물병원 감기                                                                                                
2022.12.23 엑톤파워          12 마리동물병원 인푸렌자예방접종,선역예방접종                                                                       
2022.12.23 원더풀시크릿      27 마리동물병원 우후지교돌상                                                                                        
2022.12.23 원더풀앤도버      08 마리동물병원 감기,진정(장제)                                                                                     
2022.12.23 원더풀어필        08 마리동물병원 우전제저타박상                                                                                      
2022.12.23 원더풀파일        19 마리동물병원 정치                                                                                                
2022.12.23 월드파이브        19 마리동물병원 좌전지교돌상                                                                                        
2022.12.23 위대한함안        27 마리동물병원 좌전제저타박상                                                                                      
2022.12.23 윈드매직          27 마리동물병원 우전지교돌상                                                                                        
2022.12.23 윈드토커          30 마리동물병원 우중족부 열창                                                                                       
2022.12.23 천하넘버원        23 마리동물병원 우전지교돌상                                                                                        
2022.12.23 청마영웅          12 마리동물병원 좌후지교돌상                                                                                        
2022.12.23 카론투데이        19 마리동물병원 인푸렌자예방접종,선역예방접종                                                                       
2022.12.23 크레이지콘티      10 마리동물병원 운동기인성 피로회복(수액처치)                                                                       
2022.12.23 클리어            30 마리동물병원 물리치료(쇽웨이브)                                                                                  
2022.12.23 판타스틱데이      08 마리동물병원 인푸렌자예방접종,선역예방접종                                                                       
2022.12.23 판타스틱우먼      12 마리동물병원 좌전지교돌상                                                                                        
2022.12.23 판타스틱우먼      12 마리동물병원 인푸렌자예방접종,선역예방접종                                                                       
2022.12.23 패스트건          12 마리동물병원 우전구절찰과상                                                                                      
2022.12.23 패트리엇          30 마리동물병원 좌후지교돌상                                                                                        
2022.12.23 패트리엇          30 마리동물병원 인푸렌자예방접종,선역예방접종                                                                       
2022.12.23 퍼스트파크        27 마리동물병원 마비성근색소뇨증                                                                                    
2022.12.23 퍼팩트위너        23 마리동물병원 좌전지교돌상                                                                                        
2022.12.23 한라누리          08 마리동물병원 마비성근색소뇨증                                                                                    
2022.12.23 한센코드걸        19 마리동물병원 양후지 근육통                                                                                       
2022.12.23 할리우드파티      19 마리동물병원 정치                                                                                                
2022.12.23 해피블루          30 마리동물병원 우중수부찰과상                                                                                      
2022.12.23 닥터팡팡          01 부산부속동물 술후처치(관절경이용술)                                                                              
2022.12.23 윈드토커          30 부산부속동물 우중족부 열창                                                                                       
2022.12.23 특급캠프          21 부산부속동물 마체검사                                                                                            
2022.12.23 하먼              30 부산부속동물 술후처치(개복술)                                                                                    
2022.12.23 가디언엔젤        04 스마일 동물  좌각막찰과상                                                                                        
2022.12.23 게미진            03 스마일 동물  좌전제저타박상                                                                                      
2022.12.23 고블린            32 스마일 동물  운동기인성 피로회복(수액처치)                                                                       
2022.12.23 고블린            32 스마일 동물  운동기인성 피로회복(수액처치)                                                                       
2022.12.23 굿탱크            04 스마일 동물  우각막찰과상                                                                                        
2022.12.23 그레이트킹        17 스마일 동물  양전지파행                                                                                          
2022.12.23 넥스트마린        20 스마일 동물  우각막찰과상                                                                                        
2022.12.23 노던라이츠        18 스마일 동물  좌각막찰과상                                                                                        
2022.12.23 닥터오스카        01 스마일 동물  우각막찰과상                                                                                        
2022.12.23 닥터칼리파        01 스마일 동물  좌각막찰과상                                                                                        
2022.12.23 닥터티파니        01 스마일 동물  좌각막찰과상                                                                                        
2022.12.23 닥터펜타곤        01 스마일 동물  좌각막찰과상                                                                                        
2022.12.23 달에홀린광대      24 스마일 동물  좌각막찰과상                                                                                        
2022.12.23 디러블리퀸        04 스마일 동물  좌각막찰과상                                                                                        
2022.12.23 라온더어게인      15 스마일 동물  정치,낭치                                                                                           
2022.12.23 라온더플래시      33 스마일 동물  좌각막찰과상                                                                                        
2022.12.23 로드투글로리      18 스마일 동물  좌각막찰과상                                                                                        
2022.12.23 루비스톰          24 스마일 동물  요배통                                                                                              
2022.12.23 릴리즈에디션      04 스마일 동물  우각막찰과상                                                                                        
2022.12.23 마하원더          33 스마일 동물  양각막찰과상                                                                                        
2022.12.23 모닝플로우        18 스마일 동물  경련산                                                                                              
2022.12.23 버닝파티          20 스마일 동물  좌각막찰과상                                                                                        
2022.12.23 베텔게우스        01 스마일 동물  좌각막찰과상                                                                                        
2022.12.23 벨로시랩터        20 스마일 동물  우각막찰과상                                                                                        
2022.12.23 불의여신          02 스마일 동물  좌각막찰과상                                                                                        
2022.12.23 불의여신          02 스마일 동물  인푸렌자예방접종,선역예방접종                                                                       
2022.12.23 불의축제          02 스마일 동물  요배통                                                                                              
2022.12.23 비케이하나        02 스마일 동물  우각막찰과상                                                                                        
2022.12.23 사키사키          28 스마일 동물  운동기인성 피로회복(수액처치)                                                                       
2022.12.23 사키사키          28 스마일 동물  운동기인성 피로회복(수액처치)                                                                       
2022.12.23 상상그이상        01 스마일 동물  좌각막찰과상                                                                                        
2022.12.23 서부빅스텝        33 스마일 동물  좌각막찰과상                                                                                        
2022.12.23 서부특급          33 스마일 동물  좌각막찰과상                                                                                        
2022.12.23 석세스풀          11 스마일 동물  좌각막찰과상                                                                                        
2022.12.23 선더퓨리          04 스마일 동물  양전지파행                                                                                          
2022.12.23 선마운틴          14 스마일 동물  요배통                                                                                              
2022.12.23 스카이모닝        15 스마일 동물  인푸렌자예방접종,선역예방접종                                                                       
2022.12.23 스카이샷          04 스마일 동물  좌각막찰과상                                                                                        
2022.12.23 스타드래건        32 스마일 동물  좌각막찰과상                                                                                        
2022.12.23 스파이스인디      02 스마일 동물  좌각막찰과상                                                                                        
2022.12.23 승리매직퀸        31 스마일 동물  좌각막찰과상                                                                                        
2022.12.23 아나스타시아      24 스마일 동물  운동기인성 피로회복                                                                                 
2022.12.23 아델앨리스        01 스마일 동물  정치                                                                                                
2022.12.23 아라산            31 스마일 동물  좌전지파행                                                                                          
2022.12.23 아르크투루스      01 스마일 동물  우각막찰과상                                                                                        
2022.12.23 아임킹이지        31 스마일 동물  좌전지파행                                                                                          
2022.12.23 아쿠아매직        04 스마일 동물  좌각막찰과상                                                                                        
2022.12.23 아틀라스          22 스마일 동물  좌각막찰과상                                                                                        
2022.12.23 알렉킹이지        31 스마일 동물  좌각막찰과상                                                                                        
2022.12.23 여수파이터        33 스마일 동물  좌각막찰과상                                                                                        
2022.12.23 영광의레전드      04 스마일 동물  정치,발치                                                                                           
2022.12.23 영광의파워        04 스마일 동물  정치                                                                                                
2022.12.23 오케이드림        14 스마일 동물  양제3중수골골막염                                                                                   
2022.12.23 오케이드림        14 스마일 동물  인푸렌자예방접종,선역예방접종                                                                       
2022.12.23 오케이선더        14 스마일 동물  인푸렌자예방접종,선역예방접종                                                                       
2022.12.23 올오어낫싱        03 스마일 동물  물리치료(쇽웨이브)                                                                                  
2022.12.23 올크라운          15 스마일 동물  좌각막찰과상                                                                                        
2022.12.23 용비칸            31 스마일 동물  비출혈                                                                                              
2022.12.23 용상운기          02 스마일 동물  좌각막찰과상                                                                                        
2022.12.23 운주불패          21 스마일 동물  양후지파행                                                                                          
2022.12.23 운주스타          03 스마일 동물  좌전계부찰과상                                                                                      
2022.12.23 월드로열캣        14 스마일 동물  인푸렌자예방접종,선역예방접종                                                                       
2022.12.23 은성위너          33 스마일 동물  좌각막찰과상                                                                                        
2022.12.23 인디매직          31 스마일 동물  감기                                                                                                
2022.12.23 자코바이트        31 스마일 동물  감기                                                                                                
2022.12.23 저스트비해피      03 스마일 동물  우전지파행                                                                                          
2022.12.23 정문코빗          31 스마일 동물  우각막찰과상                                                                                        
2022.12.23 조이준마          22 스마일 동물  운동기인성 피로회복(수액처치)                                                                       
2022.12.23 조이준마          22 스마일 동물  운동기인성 피로회복(수액처치)                                                                       
2022.12.23 짜릿한이순간      03 스마일 동물  좌각막찰과상                                                                                        
2022.12.23 창창대로          14 스마일 동물  좌각막찰과상                                                                                        
2022.12.23 컬러풀윈드        28 스마일 동물  좌후 구절부 찰과상                                                                                  
2022.12.23 퀸오브스피릿      04 스마일 동물  우각막찰과상                                                                                        
2022.12.23 퀸할리            20 스마일 동물  우각막찰과상                                                                                        
2022.12.23 투오브어스        26 스마일 동물  좌후계부찰과상                                                                                      
2022.12.23 파이널프런트      21 스마일 동물  우각막찰과상                                                                                        
2022.12.23 판타스틱데이      08 스마일 동물  좌각막찰과상                                                                                        
2022.12.23 판타스틱매직      04 스마일 동물  좌전구절만성증식성활막염                                                                            
2022.12.23 판타스틱타임      08 스마일 동물  좌각막찰과상                                                                                        
2022.12.23 패스트퓨리        15 스마일 동물  정치                                                                                                
2022.12.23 퍼스트메니        06 스마일 동물  운동기인성 피로회복(수액처치)                                                                       
2022.12.23 퍼스트메니        06 스마일 동물  운동기인성 피로회복(수액처치)                                                                       
2022.12.23 퍼플라인          33 스마일 동물  우각막찰과상                                                                                        
2022.12.23 퍼플망고          31 스마일 동물  좌각막찰과상                                                                                        
2022.12.23 플라잉아론        15 스마일 동물  인푸렌자예방접종,선역예방접종                                                                       
2022.12.23 한빛영광          11 스마일 동물  좌각막찰과상                                                                                        
2022.12.23 함안백이산        18 스마일 동물  물리치료(쇽웨이브)                                                                                  
2022.12.23 해랑강자          28 스마일 동물  우각막찰과상                                                                                        
2022.12.23 해랑영웅          28 스마일 동물  좌각막찰과상                                                                                        
2022.12.23 해랑장군          28 스마일 동물  양제3중수골골막염                                                                                   
2022.12.23 핼러윈시티        02 스마일 동물  좌각막찰과상                                                                                        
2022.12.23 히든찰리          02 스마일 동물  좌각막찰과상                                                                                        
2022.12.24 그레이트굿        08 마리동물병원 우전지교돌상                                                                                        
2022.12.24 글로벌레전드      23 마리동물병원 좌후지파행                                                                                          
2022.12.24 나래              18 마리동물병원 양제3중수골골막염                                                                                   
2022.12.24 남도퀸            27 마리동물병원 우전지교돌상                                                                                        
2022.12.24 네임드            07 마리동물병원 좌전지교돌상                                                                                        
2022.12.24 니콜라스지        10 마리동물병원 마체검사                                                                                            
2022.12.24 두승산캠프        12 마리동물병원 양후지 근육통                                                                                       
2022.12.24 러닝워리어        33 마리동물병원 양후지교돌상                                                                                        
2022.12.24 럭키브레이크      07 마리동물병원 우전지교돌상                                                                                        
2022.12.24 럭키스트걸        19 마리동물병원 우대퇴부찰과상                                                                                      
2022.12.24 무비모어          08 마리동물병원 우전지교돌상                                                                                        
2022.12.24 뮤직박스          08 마리동물병원 좌전지교돌상                                                                                        
2022.12.24 바람바람          19 마리동물병원 양후지교돌상                                                                                        
2022.12.24 바벨드리머        08 마리동물병원 좌전지교돌상                                                                                        
2022.12.24 배다리아이콘      12 마리동물병원 우후지교돌상                                                                                        
2022.12.24 브레이브캡틴      27 마리동물병원 좌전지교돌상                                                                                        
2022.12.24 샤인몬스터        10 마리동물병원 인푸렌자예방접종,선역예방접종                                                                       
2022.12.24 샤인몬스터        10 마리동물병원 우전지교돌상                                                                                        
2022.12.24 서부퀸            08 마리동물병원 우후지교돌상                                                                                        
2022.12.24 서부크리스탈      08 마리동물병원 양전지 근육통                                                                                       
2022.12.24 수소파워          23 마리동물병원 양후지 근육통                                                                                       
2022.12.24 스타티세          12 마리동물병원 우전지교돌상                                                                                        
2022.12.24 시크릿레이디      18 마리동물병원 기관지염                                                                                            
2022.12.24 신해망치          10 마리동물병원 인푸렌자예방접종,선역예방접종                                                                       
2022.12.24 신해망치          10 마리동물병원 정치,발치                                                                                           
2022.12.24 아무르            27 마리동물병원 좌후지교돌상                                                                                        
2022.12.24 애니카걸          27 마리동물병원 좌전지교돌상                                                                                        
2022.12.24 어게인터치        19 마리동물병원 우완관절염                                                                                          
2022.12.24 언브레이크        07 마리동물병원 좌후지교돌상                                                                                        
2022.12.24 에이스굿잡        08 마리동물병원 감기                                                                                                
2022.12.24 원더풀바우        23 마리동물병원 좌전구절염                                                                                          
2022.12.24 원더풀시크릿      27 마리동물병원 우후지교돌상                                                                                        
2022.12.24 원더풀앤도버      08 마리동물병원 감기                                                                                                
2022.12.24 원더풀어필        08 마리동물병원 우전제저타박상                                                                                      
2022.12.24 원더풀큐티        23 마리동물병원 양후지 근육통                                                                                       
2022.12.24 월드파이브        19 마리동물병원 좌전지교돌상                                                                                        
2022.12.24 윈드매직          27 마리동물병원 우전지교돌상                                                                                        
2022.12.24 윈드토커          30 마리동물병원 우중족부 열창                                                                                       
2022.12.24 일망블루          12 마리동물병원 좌전지파행                                                                                          
2022.12.24 조셉핀퀸          23 마리동물병원 양전구절염                                                                                          
2022.12.24 천하넘버원        23 마리동물병원 우전지교돌상                                                                                        
2022.12.24 청마영웅          12 마리동물병원 좌후지교돌상                                                                                        
2022.12.24 클리어            30 마리동물병원 좌중수부계인대염,우중수부계인대염                                                                   
2022.12.24 판타스틱우먼      12 마리동물병원 좌전지교돌상                                                                                        
2022.12.24 퍼팩트위너        23 마리동물병원 좌전지교돌상                                                                                        
2022.12.24 플렉스신화        12 마리동물병원 술후처치                                                                                            
2022.12.24 한강세이버        10 마리동물병원 인푸렌자예방접종,선역예방접종                                                                       
2022.12.24 한강세이버        10 마리동물병원 좌후지교돌상                                                                                        
2022.12.24 할리우드파티      19 마리동물병원 좌중족부찰과상                                                                                      
2022.12.24 해피블루          30 마리동물병원 우중수부찰과상                                                                                      
2022.12.24 헌치              30 마리동물병원 양전지 부종                                                                                         
2022.12.24 닥터팡팡          01 부산부속동물 술후처치(관절경이용술)                                                                              
2022.12.24 오렌지개라지      20 부산부속동물 관절경수술(골편제거),우요골원위단골편골절                                                           
2022.12.24 하먼              30 부산부속동물 술후처치(개복술)                                                                                    
2022.12.24 가디언엔젤        04 스마일 동물  좌각막찰과상                                                                                        
2022.12.24 게미진            03 스마일 동물  좌전제저타박상                                                                                      
2022.12.24 골든선더볼트      21 스마일 동물  우각막찰과상                                                                                        
2022.12.24 굿탱크            04 스마일 동물  우각막찰과상                                                                                        
2022.12.24 그레이트미스      20 스마일 동물  진정(장제)                                                                                          
2022.12.24 그레이트킹        17 스마일 동물  인푸렌자예방접종,선역예방접종                                                                       
2022.12.24 글로벌히트        26 스마일 동물  운동기인성 피로회복                                                                                 
2022.12.24 금빛여장군        14 스마일 동물  진정(장제)                                                                                          
2022.12.24 나르캣            14 스마일 동물  진정(장제)                                                                                          
2022.12.24 낭만대로          17 스마일 동물  좌각막찰과상,마체검사                                                                               
2022.12.24 다이나믹위너      17 스마일 동물  우각막찰과상                                                                                        
2022.12.24 닥터오스카        01 스마일 동물  우각막찰과상                                                                                        
2022.12.24 닥터칼리파        01 스마일 동물  좌각막찰과상                                                                                        
2022.12.24 닥터펜타곤        01 스마일 동물  좌각막찰과상                                                                                        
2022.12.24 달에홀린광대      24 스마일 동물  인푸렌자예방접종,선역예방접종                                                                       
2022.12.24 달에홀린광대      24 스마일 동물  좌각막찰과상                                                                                        
2022.12.24 데이바이데이      26 스마일 동물  좌각막찰과상                                                                                        
2022.12.24 디러블리퀸        04 스마일 동물  좌각막찰과상                                                                                        
2022.12.24 딴봉퀸            17 스마일 동물  좌각막찰과상                                                                                        
2022.12.24 뜨거운만남        17 스마일 동물  우각막찰과상                                                                                        
2022.12.24 뜨거운만남        17 스마일 동물  인푸렌자예방접종,선역예방접종                                                                       
2022.12.24 라온탑포인트      15 스마일 동물  우전지 근육통                                                                                       
2022.12.24 런파이터          17 스마일 동물  좌각막찰과상                                                                                        
2022.12.24 로드투선더        17 스마일 동물  좌각막찰과상                                                                                        
2022.12.24 릴리즈에디션      04 스마일 동물  우각막찰과상                                                                                        
2022.12.24 매직클래스        17 스마일 동물  인푸렌자예방접종,선역예방접종                                                                       
2022.12.24 매직클래스        17 스마일 동물  좌각막찰과상                                                                                        
2022.12.24 메인브리지        22 스마일 동물  양전지파행                                                                                          
2022.12.24 바베어리언        26 스마일 동물  물리치료(쇽웨이브)                                                                                  
2022.12.24 바벨퀸            06 스마일 동물  좌각막찰과상                                                                                        
2022.12.24 베르다            15 스마일 동물  인푸렌자예방접종,선역예방접종                                                                       
2022.12.24 베르다            15 스마일 동물  요배통                                                                                              
2022.12.24 베스트윈드        06 스마일 동물  우각막찰과상                                                                                        
2022.12.24 브레드히트        17 스마일 동물  정치,발치                                                                                           
2022.12.24 상상그이상        01 스마일 동물  좌각막찰과상                                                                                        
2022.12.24 서귀플러스        22 스마일 동물  좌각막찰과상                                                                                        
2022.12.24 서부특급          33 스마일 동물  좌각막찰과상                                                                                        
2022.12.24 석세스풀          11 스마일 동물  좌각막찰과상                                                                                        
2022.12.24 석세스플라잉      11 스마일 동물  좌각막찰과상                                                                                        
2022.12.24 선더퓨리          04 스마일 동물  양전지파행                                                                                          
2022.12.24 성실양구          17 스마일 동물  좌각막찰과상                                                                                        
2022.12.24 송도갈매기        20 스마일 동물  인푸렌자예방접종,선역예방접종                                                                       
2022.12.24 순천여왕          11 스마일 동물  운동기인성 피로회복                                                                                 
2022.12.24 슈넬블리츠        24 스마일 동물  인푸렌자예방접종,선역예방접종                                                                       
2022.12.24 스텔루나          99 스마일 동물  요배통                                                                                              
2022.12.24 스페셜윈드        21 스마일 동물  좌각막찰과상                                                                                        
2022.12.24 스페셜팩트        02 스마일 동물  좌각막찰과상                                                                                        
2022.12.24 신의전사          28 스마일 동물  좌각막찰과상                                                                                        
2022.12.24 아나스타시아      24 스마일 동물  운동기인성 피로회복                                                                                 
2022.12.24 아너칼            15 스마일 동물  좌전지 근육통                                                                                       
2022.12.24 아라산            31 스마일 동물  좌전지파행                                                                                          
2022.12.24 아르크투루스      01 스마일 동물  우각막찰과상                                                                                        
2022.12.24 아임킹이지        31 스마일 동물  진정(보정)                                                                                          
2022.12.24 아쿠아매직        04 스마일 동물  좌각막찰과상                                                                                        
2022.12.24 아틀라스          22 스마일 동물  좌후지 근육통                                                                                       
2022.12.24 알렉킹이지        31 스마일 동물  마체검사                                                                                            
2022.12.24 에이스솔로몬      99 스마일 동물  우후지파행                                                                                          
2022.12.24 여수파이터        33 스마일 동물  좌각막찰과상                                                                                        
2022.12.24 영광의에이스      08 스마일 동물  진정(장제)                                                                                          
2022.12.24 오케이드림        14 스마일 동물  양제3중수골골막염                                                                                   
2022.12.24 올크라운          15 스마일 동물  인푸렌자예방접종,선역예방접종                                                                       
2022.12.24 운주글로벌        06 스마일 동물  좌각막찰과상                                                                                        
2022.12.24 운주불패          21 스마일 동물  인푸렌자예방접종,선역예방접종                                                                       
2022.12.24 운주스타          03 스마일 동물  좌전계부찰과상                                                                                      
2022.12.24 원더풀오션        26 스마일 동물  운동기인성 피로회복                                                                                 
2022.12.24 원더풀폰          15 스마일 동물  인푸렌자예방접종,선역예방접종                                                                       
2022.12.24 월드클래스캣      21 스마일 동물  우각막찰과상                                                                                        
2022.12.24 월드플라워        20 스마일 동물  인푸렌자예방접종,선역예방접종                                                                       
2022.12.24 월드플라워        20 스마일 동물  우각막찰과상                                                                                        
2022.12.24 위드선            21 스마일 동물  좌각막찰과상                                                                                        
2022.12.24 은성위너          33 스마일 동물  좌각막찰과상                                                                                        
2022.12.24 이캐시            28 스마일 동물  진정(장제)                                                                                          
2022.12.24 인디매직          31 스마일 동물  감기                                                                                                
2022.12.24 일출골드          21 스마일 동물  정치,발치                                                                                           
2022.12.24 자코바이트        31 스마일 동물  감기                                                                                                
2022.12.24 장산디파이        99 스마일 동물  인푸렌자예방접종,선역예방접종                                                                       
2022.12.24 장성대로          17 스마일 동물  양각막찰과상                                                                                        
2022.12.24 저스트비해피      03 스마일 동물  우전지파행                                                                                          
2022.12.24 정든로            21 스마일 동물  우완관절염                                                                                          
2022.12.24 정문코빗          31 스마일 동물  좌전지파행                                                                                          
2022.12.24 짜릿한이순간      03 스마일 동물  좌각막찰과상                                                                                        
2022.12.24 창창대로          14 스마일 동물  좌각막찰과상                                                                                        
2022.12.24 컬러풀윈드        28 스마일 동물  좌후 구절부 찰과상                                                                                  
2022.12.24 쿨러닝            20 스마일 동물  좌각막찰과상                                                                                        
2022.12.24 쿨러닝            20 스마일 동물  인푸렌자예방접종,선역예방접종                                                                       
2022.12.24 퀸오브스피릿      04 스마일 동물  우각막찰과상                                                                                        
2022.12.24 퀸오브조이        28 스마일 동물  좌각막찰과상                                                                                        
2022.12.24 테이아            03 스마일 동물  운동기인성 피로회복                                                                                 
2022.12.24 투오브어스        26 스마일 동물  좌후계부찰과상                                                                                      
2022.12.24 특급캠프          21 스마일 동물  양각막찰과상                                                                                        
2022.12.24 파이널프런트      21 스마일 동물  우각막찰과상                                                                                        
2022.12.24 판타스틱데이      08 스마일 동물  좌각막찰과상                                                                                        
2022.12.24 판타스틱러브      06 스마일 동물  좌각막찰과상                                                                                        
2022.12.24 판타스틱매직      04 스마일 동물  좌전구절만성증식성활막염                                                                            
2022.12.24 판타스틱타임      08 스마일 동물  좌각막찰과상                                                                                        
2022.12.24 패션블레이드      03 스마일 동물  좌각막찰과상                                                                                        
2022.12.24 패스트퓨리        15 스마일 동물  인푸렌자예방접종,선역예방접종                                                                       
2022.12.24 퍼플라인          33 스마일 동물  우각막찰과상                                                                                        
2022.12.24 포인트포지션      03 스마일 동물  운동기인성 피로회복                                                                                 
2022.12.24 필그림            15 스마일 동물  좌중족부 열창                                                                                       
2022.12.24 한빛영광          11 스마일 동물  좌각막찰과상                                                                                        
2022.12.24 해랑영웅          28 스마일 동물  좌각막찰과상                                                                                        
2022.12.24 해랑장군          28 스마일 동물  양제3중수골골막염                                                                                   
2022.12.24 해피노던          03 스마일 동물  운동기인성 피로회복                                                                                 
2022.12.24 핼러윈시티        02 스마일 동물  요배통                                                                                              
2022.12.24 황우파이터        04 스마일 동물  정치,발치                                                                                           
2022.12.25 닥터팡팡          01 부산부속동물 술후처치(관절경이용술)                                                                              
2022.12.25 오렌지개라지      20 부산부속동물 관절경수술(골편제거),우요골원위단골편골절                                                           
2022.12.25 하먼              30 부산부속동물 술후처치(개복술)                                                                                    
2022.12.25 다이나믹위너      17 스마일 동물  우각막찰과상                                                                                        
2022.12.25 달에홀린광대      24 스마일 동물  좌각막찰과상                                                                                        
2022.12.25 딕시갈            24 스마일 동물  운동기인성 피로회복                                                                                 
2022.12.25 딴봉퀸            17 스마일 동물  좌각막찰과상                                                                                        
2022.12.25 뜨거운만남        17 스마일 동물  우각막찰과상                                                                                        
2022.12.25 런파이터          17 스마일 동물  좌각막찰과상                                                                                        
2022.12.25 로드투선더        17 스마일 동물  좌각막찰과상                                                                                        
2022.12.25 매직클래스        17 스마일 동물  좌각막찰과상                                                                                        
2022.12.25 메인브리지        22 스마일 동물  양전지파행                                                                                          
2022.12.25 바벨퀸            06 스마일 동물  좌각막찰과상                                                                                        
2022.12.25 상상그이상        01 스마일 동물  양제3중수골골막염                                                                                   
2022.12.25 서귀플러스        22 스마일 동물  좌각막찰과상                                                                                        
2022.12.25 석세스풀          11 스마일 동물  제3중수골골막염예방시술                                                                             
2022.12.25 석세스플라잉      11 스마일 동물  좌각막찰과상                                                                                        
2022.12.25 성실양구          17 스마일 동물  좌각막찰과상                                                                                        
2022.12.25 스파이스엑톤      31 스마일 동물  진정(보정)                                                                                          
2022.12.25 아라산            31 스마일 동물  좌전지파행                                                                                          
2022.12.25 아서킹이지        31 스마일 동물  진정(보정)                                                                                          
2022.12.25 아임킹이지        31 스마일 동물  좌전지파행                                                                                          
2022.12.25 아틀라스          22 스마일 동물  좌후지 근육통                                                                                       
2022.12.25 어나더마린        20 스마일 동물  좌각막찰과상                                                                                        
2022.12.25 에이스아모카      31 스마일 동물  정치,발치                                                                                           
2022.12.25 영원파워          11 스마일 동물  정치                                                                                                
2022.12.25 예스퍼펙트        15 스마일 동물  좌각막찰과상                                                                                        
2022.12.25 오케이드림        14 스마일 동물  양제3중수골골막염                                                                                   
2022.12.25 용천              32 스마일 동물  좌전지 부종                                                                                         
2022.12.25 월드플라워        20 스마일 동물  우각막찰과상                                                                                        
2022.12.25 은성영웅          33 스마일 동물  양각막찰과상                                                                                        
2022.12.25 인디매직          31 스마일 동물  정치                                                                                                
2022.12.25 장성대로          17 스마일 동물  양각막찰과상                                                                                        
2022.12.25 창창대로          14 스마일 동물  좌각막찰과상                                                                                        
2022.12.25 청호리더          33 스마일 동물  좌각막찰과상                                                                                        
2022.12.25 쿨러닝            20 스마일 동물  좌각막찰과상                                                                                        
2022.12.25 투혼의반석        31 스마일 동물  진정(보정)                                                                                          
2022.12.25 티케이모어        20 스마일 동물  식이성 식욕부진                                                                                     
2022.12.25 하늘질주          09 스마일 동물  우후 구절부 찰과상                                                                                  
