

제목 : 22년02월27일(일)  제 1경주

(서울) 제14일 1200M 국6등급    별정A       경주명 : 일반                        
경주조건:       R0~0  3세                        날씨:맑음 주로:건조  (5%)
순위상금: 22,000천원   8,800천원   5,600천원   2,000천원   1,600천원
부가상금:      0천원       0천원       0천원
-------------------------------------------------------------------------------------------------
순위 마번    마    명         산지   성별 연령 부담중량  기수명   조교사   마주명           레이팅
-------------------------------------------------------------------------------------------------
  1    6  큐피드웨이           한     암     3    54.0   부민호   서범석   서순배                
  2    3  메니에이스           한     암     3    54.0   최범현   곽영효   나기두                
  3    9  송암베스트           한     암     3    54.0   이현종   강환민   송암축산              
  4   10  신한특송             한     암     3    54.0   김정준   배대선   부준혁                
  5    8  머스탱참             한     암     3    54.0   함완식   김동철   김세민                
  6   12  돌배                 한     암     3    54.0   김용근   최상식   임한용                
  7   13  생일선물             한     암     3    54.0   조한별   안병기   우태율                
  8    4  연희사랑             한     암     3    54.0   김옥성   홍대유   김인호                
  9    2  터프여제             한     암     3    53.0   임다빈   정호익   김광명                
 10   14  태산아치             한     암     3    54.0   하정훈   이준철   이종욱                
 11    1  미스클레버           한     암     3    54.0   문성혁   전승규   신우철                
 12    5  엠제이타임           한     암     3    54.0   정정희   박재우   박정재                
 13    7  스피어퀸             한     암     3    54.0   김태훈   유재길   김수경                
 14   11  은혜가문             한     암     3    54.0   조상범   최용구   강태구                
-------------------------------------------------------------------------------------------------
순위 마번    마      명       마 체 중  기 록  도 착 차  S1F-1C-2C-3C-4C-G1F
-------------------------------------------------------------------------------------------------
  1    6  큐피드웨이           458( +0) 1:15.6            3-  -  - 4- 3- 1
  2    3  메니에이스           466( -2) 1:16.3  4         7-  -  - 6- 4- 2
  3    9  송암베스트           435( +0) 1:17.2  5         4-  -  - 2- 7- 4
  4   10  신한특송             527(+13) 1:17.6  2½       9-  -  - 9- 5- 3
  5    8  머스탱참             483( -4) 1:18.2  3         8-  -  - 7- 9- 8
  6   12  돌배                 464( +4) 1:18.2  목        5-  -  - 5- 8- 9
  7   13  생일선물             433( -8) 1:18.5  1½       6-  -  - 8- 6- 5
  8    4  연희사랑             474( -8) 1:18.7  1¼      11-  -  -10-11-12
  9    2  터프여제             491( -5) 1:18.8  ¾       10-  -  -11-10-10
 10   14  태산아치             445( +8) 1:19.2  2         1-  -  - 1- 1- 6
 11    1  미스클레버           483(-12) 1:19.3  ¾       13-  -  -12-12-11
 12    5  엠제이타임           469(+12) 1:19.5  1½       2-  -  - 3- 2- 7
 13    7  스피어퀸             444( +4) 1:19.5  코       12-  -  -13-13-13
 14   11  은혜가문             450( +1) 1:21.2  9        14-  -  -14-14-14
-------------------------------------------------------------------------------------------------
순위 마번    G-3Ｆ   S-1F  １코너  ２코너  ３코너  ４코너    G-1F  단승식 연승식
-------------------------------------------------------------------------------------------------
  1    6   39.0    0:13.7                  0:24.6  0:43.0   13.5      1.3    1.0
  2    3   39.5    0:13.9                  0:24.8  0:43.3   13.7     11.8    2.3
  3    9   40.3    0:13.7                  0:24.5  0:43.5   14.0     20.9    2.2
  4   10   40.4    0:14.1                  0:25.3  0:43.5   14.4     27.9    4.5
  5    8   40.9    0:13.9                  0:24.9  0:43.7   14.6     49.0    3.9
  6   12   41.1    0:13.7                  0:24.6  0:43.5   14.6      8.0    1.7
  7   13   41.4    0:13.7                  0:25.0  0:43.5   15.1     25.8    4.2
  8    4   40.8    0:14.3                  0:25.6  0:44.4   14.2    106.6   30.0
  9    2   40.9    0:14.3                  0:25.7  0:44.3   14.6    148.7   45.3
 10   14   42.8    0:13.5                  0:24.3  0:42.8   15.7     44.8   13.5
 11    1   41.0    0:14.6                  0:26.0  0:44.7   15.1     59.3   10.0
 12    5   42.9    0:13.7                  0:24.6  0:43.0   15.9     30.9    4.1
 13    7   41.1    0:14.5                  0:26.0  0:44.8   14.9     91.6   15.3
 14   11   42.4    0:14.7                  0:26.4  0:45.2   15.5    178.5   55.6
-------------------------------------------------------------------------------------------------
(복승식 배당률)
  1- 2  2050.9  2- 9  1697.4  4- 5   906.6  5-15     0.0  8- 9   177.1 11-12  1345.4
  1- 3   266.3  2-10  1996.6  4- 6   157.4  5-16     0.0  8-10   162.8 11-13  2759.9
  1- 4  2383.1  2-11  5622.7  4- 7  2696.3  6- 7    47.1  8-11  2758.3 11-14  3226.2
  1- 5   609.4  2-12  1061.0  4- 8  1745.5  6- 8    10.0  8-12   100.3 11-15     0.0
  1- 6    40.0  2-13  1931.5  4- 9  1131.6  6- 9     6.6  8-13   306.6 11-16     0.0
  1- 7  1669.5  2-14  5019.4  4-10  2313.6  6-10     9.3  8-14   964.0 12-13    61.5
  1- 8   971.8  2-15     0.0  4-11  7732.3  6-11   192.3  8-15     0.0 12-14   382.9
  1- 9   489.7  2-16     0.0  4-12  1026.8  6-12     3.9  8-16     0.0 12-15     0.0
  1-10   544.8  3- 4   641.7  4-13  1503.7  6-13    11.6  9-10   112.5 12-16     0.0
  1-11  5057.4  3- 5    47.3  4-14  3806.4  6-14    69.3  9-11  1822.4 13-14   548.3
  1-12   388.4  3- 6     5.4  4-15     0.0  6-15     0.0  9-12    42.7 13-15     0.0
  1-13   710.0  3- 7   489.1  4-16     0.0  6-16     0.0  9-13   104.6 13-16     0.0
  1-14  1658.9  3- 8    68.3  5- 6     9.9  7- 8   848.4  9-14   861.2 14-15     0.0
  1-15     0.0  3- 9    63.3  5- 7   721.0  7- 9   684.1  9-15     0.0 14-16     0.0
  1-16     0.0  3-10    83.5  5- 8   141.4  7-10   851.8  9-16     0.0 15-16     0.0
  2- 3   851.5  3-11  1373.1  5- 9   102.1  7-11  5019.4 10-11  2831.8  0- 0     0.0
  2- 4  3143.9  3-12    34.4  5-10   130.7  7-12   370.6 10-12    68.8  0- 0     0.0
  2- 5  1626.6  3-13    96.4  5-11  1814.6  7-13   656.5 10-13   228.1  0- 0     0.0
  2- 6   164.9  3-14   589.9  5-12    65.7  7-14  2166.8 10-14   773.6  0- 0     0.0
  2- 7  4421.6  3-15     0.0  5-13   154.1  7-15     0.0 10-15     0.0  0- 0     0.0
  2- 8  1935.5  3-16     0.0  5-14   708.6  7-16     0.0 10-16     0.0  0- 0     0.0
-------------------------------------------------------------------------------------------------
매출액 단식:     18,679,100    연식:     42,655,600      복식:    640,829,900
       복연:    119,092,200    쌍식:    223,408,500      삼복:    680,710,500
       삼쌍:    352,848,800    합계:  2,078,224,600
-------------------------------------------------------------------------------------------------
배당률 단: ⑥1.3        연: ⑥1.0 ③2.3 ⑨2.2          복: ⑥③5.4       4F:51.3
                                                                         3F:39.2
                        쌍: ⑥③6.7       
     복연: ⑥③2.7 ⑥⑨2.7 ③⑨11.5
     삼복: ⑥③⑨13.4 
     삼쌍: ⑥③⑨30.6 
-------------------------------------------------------------------------------------------------
펄 롱:13.5 10.8 12.1   13.0   12.7   13.5   
통과M:  200  400  600    800    1000   1200
통과T:13.5 24.3 36.4 0:49.4 1:02.1 1:15.6 
-------------------------------------------------------------------------------------------------
통과순위 S-1F : 14,(5,6,9,12,13),(3,8),10,(2,4),(1,7),11
           C1 :                                         
           C2 :                                         
           C3 : 14,(5,6,9,12),(3,8),13,10,(2,4),(1,7)-11
           C4 : 14,(5,6),3,(10,13,9,12),8-(2,4),(1,7)-11
         G-1F : 6-3-(10,9),(14,13),(5,8,12)-(2,1),(4,7)=11
-------------------------------------------------------------------------------------------------
구분 출전번호  대상명            처분종류     처분내용                     세부내용
-------------------------------------------------------------------------------------------------
말     11      은혜가문          주행심사                                  경주능력부진(1위마와 31.5마신차)                  
-------------------------------------------------------------------------------------------------


제목 : 22년02월27일(일)  제 2경주

(서울) 제14일 1200M 국6등급    별정A       경주명 : 일반                        
경주조건:       R0~0  연령오픈                   날씨:맑음 주로:건조  (5%)
순위상금: 22,000천원   8,800천원   5,600천원   2,000천원   1,600천원
부가상금:      0천원       0천원       0천원
-------------------------------------------------------------------------------------------------
순위 마번    마    명         산지   성별 연령 부담중량  기수명   조교사   마주명           레이팅
-------------------------------------------------------------------------------------------------
  1   11  런던스카이           한     수     3    56.0   김효정   안해양   임현성                
  2    5  펀크레이지           한     수     3    56.0   김용근   전승규   전영애                
  3    3  다운더존             한     암     3    54.0   함완식   김동균   양순희                
  4   12  문학포리스트         한     수     4    56.5   빅투아르 박재우   황봉기                
  5    1  슈퍼다이아           한     암     3    54.0   정정희   리카디   김아라                
  6    4  걸작맨               한     거     4    56.5   문성혁   박윤규   박덕희                
  7    6  용암보스             한     수     3    56.0   유승완   곽영효   나기두                
  8    2  마루마               한     수     3    56.0   김정준   박대흥   (주)디알엠씨티        
  9    9  스마트별             한     암     3    54.0   박을운   조현수   김조은                
 10    8  피엔에스얀           한     암     3    54.0   김태훈   손영표   피엔에스홈즈          
 11   10  큐피드벨             한     암     3    54.0   이현종   강환민   서순배                
 12    7  화랑스토리           한     암     3    54.0   최범현   배대선   박웅진                
-------------------------------------------------------------------------------------------------
순위 마번    마      명       마 체 중  기 록  도 착 차  S1F-1C-2C-3C-4C-G1F
-------------------------------------------------------------------------------------------------
  1   11  런던스카이           459( -8) 1:16.4            5-  -  - 4- 4- 4
  2    5  펀크레이지           478(-14) 1:16.7  1¾       7-  -  - 7- 7- 5
  3    3  다운더존             431(-12) 1:17.1  2         2-  -  - 2- 2- 2
  4   12  문학포리스트         509( +0) 1:17.1  코        3-  -  - 3- 3- 3
  5    1  슈퍼다이아           489( +1) 1:17.1  ½        1-  -  - 1- 1- 1
  6    4  걸작맨               495(+12) 1:17.2  목       12-  -  -12-12- 9
  7    6  용암보스             447(+11) 1:17.4  1¼       4-  -  - 5- 5- 6
  8    2  마루마               462( +1) 1:17.7  1¾       8-  -  - 8- 8- 7
  9    9  스마트별             445( +1) 1:17.8  ½        6-  -  - 6- 6- 8
 10    8  피엔에스얀           493( -4) 1:19.0  7        11-  -  -11-10-11
 11   10  큐피드벨             430(+10) 1:19.0  코        9-  -  - 9- 9-10
 12    7  화랑스토리           415(-10) 1:20.5  9        10-  -  -10-11-12
-------------------------------------------------------------------------------------------------
순위 마번    G-3Ｆ   S-1F  １코너  ２코너  ３코너  ４코너    G-1F  단승식 연승식
-------------------------------------------------------------------------------------------------
  1   11   39.8    0:13.7                  0:24.6  0:43.0   13.8      6.0    1.7
  2    5   39.5    0:14.2                  0:25.2  0:43.7   13.8     22.4    5.2
  3    3   41.2    0:13.3                  0:24.1  0:42.3   15.1     59.1   16.0
  4   12   40.9    0:13.4                  0:24.3  0:42.5   15.0      5.9    2.0
  5    1   41.3    0:13.3                  0:24.0  0:42.2   15.1      2.2    1.2
  6    4   38.4    0:15.5                  0:26.7  0:45.2   13.2     16.1    3.3
  7    6   40.6    0:13.7                  0:24.8  0:43.3   14.3     17.1    2.2
  8    2   40.1    0:14.3                  0:25.7  0:44.0   14.4      5.1    2.2
  9    9   40.8    0:13.8                  0:25.0  0:43.5   14.5     16.3    3.4
 10    8   40.7    0:14.9                  0:26.3  0:44.6   14.9    128.6   29.3
 11   10   41.0    0:14.4                  0:25.9  0:44.4   14.9    147.8   15.0
 12    7   42.0    0:14.6                  0:26.2  0:45.1   15.2    129.0   47.9
-------------------------------------------------------------------------------------------------
(복승식 배당률)
  1- 2     6.0  2- 9    47.3  4- 5    72.8  5-15     0.0  8- 9  1104.0 11-12    18.2
  1- 3    71.2  2-10   267.9  4- 6    60.7  5-16     0.0  8-10  3264.6 11-13     0.0
  1- 4    12.9  2-11    16.7  4- 7   798.3  6- 7  1048.1  8-11   713.2 11-14     0.0
  1- 5    17.6  2-12    25.7  4- 8  1069.5  6- 8  1138.8  8-12   753.2 11-15     0.0
  1- 6    10.0  2-13     0.0  4- 9    83.0  6- 9    83.4  8-13     0.0 11-16     0.0
  1- 7   208.3  2-14     0.0  4-10   811.8  6-10   731.8  8-14     0.0 12-13     0.0
  1- 8   189.0  2-15     0.0  4-11    38.9  6-11    31.7  8-15     0.0 12-14     0.0
  1- 9    14.5  2-16     0.0  4-12    42.7  6-12    45.7  8-16     0.0 12-15     0.0
  1-10   124.7  3- 4   370.0  4-13     0.0  6-13     0.0  9-10   884.6 12-16     0.0
  1-11     5.1  3- 5   610.4  4-14     0.0  6-14     0.0  9-11    38.1 13-14     0.0
  1-12     8.5  3- 6   428.0  4-15     0.0  6-15     0.0  9-12    52.0 13-15     0.0
  1-13     0.0  3- 7  3096.7  4-16     0.0  6-16     0.0  9-13     0.0 13-16     0.0
  1-14     0.0  3- 8  2850.7  5- 6    95.3  7- 8  4283.5  9-14     0.0 14-15     0.0
  1-15     0.0  3- 9   643.6  5- 7  1122.9  7- 9  1254.8  9-15     0.0 14-16     0.0
  1-16     0.0  3-10  2656.7  5- 8  1173.8  7-10  4347.9  9-16     0.0 15-16     0.0
  2- 3   196.6  3-11   320.7  5- 9   198.8  7-11   663.3 10-11   304.7  0- 0     0.0
  2- 4    34.3  3-12   293.7  5-10   782.0  7-12   538.8 10-12   471.4  0- 0     0.0
  2- 5    56.5  3-13     0.0  5-11    51.8  7-13     0.0 10-13     0.0  0- 0     0.0
  2- 6    33.4  3-14     0.0  5-12    86.7  7-14     0.0 10-14     0.0  0- 0     0.0
  2- 7   364.6  3-15     0.0  5-13     0.0  7-15     0.0 10-15     0.0  0- 0     0.0
  2- 8   485.8  3-16     0.0  5-14     0.0  7-16     0.0 10-16     0.0  0- 0     0.0
-------------------------------------------------------------------------------------------------
매출액 단식:     23,623,000    연식:     51,585,500      복식:    791,564,800
       복연:    123,676,600    쌍식:    234,537,300      삼복:    750,288,300
       삼쌍:    357,675,800    합계:  2,332,951,300
-------------------------------------------------------------------------------------------------
배당률 단: ⑪6.0        연: ⑪1.7 ⑤5.2 ③16.0         복: ⑪⑤51.8      4F:52.4
                                                                         3F:40.6
                        쌍: ⑪⑤149.2     
     복연: ⑪⑤15.4 ⑪③65.5 ⑤③112.1
     삼복: ⑪⑤③1222.6 
     삼쌍: ⑪⑤③7076.0 
-------------------------------------------------------------------------------------------------
펄 롱:13.3 10.7 11.8   12.8   13.4   14.4   
통과M:  200  400  600    800    1000   1200
통과T:13.3 24.0 35.8 0:48.6 1:02.0 1:16.4 
-------------------------------------------------------------------------------------------------
통과순위 S-1F : (1,3,12),(6,9,11)-(2,5),10,7,8-4        
           C1 :                                         
           C2 :                                         
           C3 : (^1,3),12,11,6,9,5-2,10,(7,8)-4         
           C4 : (^1,3),12-11,6,9,5,2-10,8-(7,4)         
         G-1F : (1,3,12)-11,5,6,(2,9)-(10,4,8)=7        
-------------------------------------------------------------------------------------------------
구분 출전번호  대상명            처분종류     처분내용                     세부내용
-------------------------------------------------------------------------------------------------
말      1      슈퍼다이아        출발심사                                  출발자세불량                                      
말      4      걸작맨            출발심사                                  출발불량                                          
말      4      걸작맨            출전정지     2개월(2022.02.28~2022.04.27) 반복적 출발심사(최근 1년 이내 3회차)              
말      6      용암보스          주의                                      출발부터 3코너까지 바깥으로 기댐                  
-------------------------------------------------------------------------------------------------


제목 : 22년02월27일(일)  제 3경주

(서울) 제14일 1300M 국6등급    별정A       경주명 : 일반                        
경주조건:       R0~0  연령오픈                   날씨:맑음 주로:건조  (5%)
순위상금: 13,750천원   5,500천원   3,500천원   1,250천원   1,000천원
부가상금:      0천원       0천원       0천원
-------------------------------------------------------------------------------------------------
순위 마번    마    명         산지   성별 연령 부담중량  기수명   조교사   마주명           레이팅
-------------------------------------------------------------------------------------------------
  1    9  아스펜로스           한(포) 거     4    56.5   송재철   전승규   박남성                
  2    2  플라이스타           한     수     5    56.5   함완식   최봉주   오종환                
  3    8  트로트퀸             한     암     3    54.0   문성혁   김동균   김영근                
  4    5  비바챔피언           한     수     4    53.5   김아현   임봉춘   박세용                
  5    4  브이퀸               한     암     4    54.5   빅투아르 박윤규   박평양                
  6    3  스위트카카오         한     암     4    53.5   임다빈   심승태   김용래                
  7    1  스마트블루           한     암     3    54.0   박을운   강환민   이종원                
  8   13  천상성               한     수     4    56.5   김효정   최용건   임정균                
  9    7  유로강자             한     수     3    56.0   먼로     신삼영   조창규                
 10   12  빅에너지             한     수     4    56.5   조한별   이관호   김광명                
 11    6  밀리언퀸             한     암     3    54.0   김태훈   박천서   함운일                
 12   11  젤로스               한     암     4    54.5   김옥성   박희철   함평제일              
 13   10  뉴에이원             한     거     4    56.5   조상범   박대흥   임영수                
-------------------------------------------------------------------------------------------------
순위 마번    마      명       마 체 중  기 록  도 착 차  S1F-1C-2C-3C-4C-G1F
-------------------------------------------------------------------------------------------------
  1    9  아스펜로스           493( -1) 1:21.5            3-  -  - 4- 3- 1
  2    2  플라이스타           522( +5) 1:22.5  6         1-  -  - 1- 1- 2
  3    8  트로트퀸             467( -7) 1:23.3  4         2-  -  - 2- 2- 3
  4    5  비바챔피언           504( -2) 1:23.3  ½        9-  -  - 7- 7- 6
  5    4  브이퀸               477(+16) 1:23.8  2½       8-  -  - 9- 9- 7
  6    3  스위트카카오         473( +2) 1:24.0  1         5-  -  - 5- 5- 5
  7    1  스마트블루           465( +1) 1:24.1  ½        4-  -  - 3- 4- 4
  8   13  천상성               486( +0) 1:24.3  1¼       7-  -  - 8- 8- 9
  9    7  유로강자             488( +2) 1:24.3  ½       11-  -  -11-11-11
 10   12  빅에너지             499( -3) 1:24.6  1¾      10-  -  -10-10-10
 11    6  밀리언퀸             478( -1) 1:24.7  ¾        6-  -  - 6- 6- 8
 12   11  젤로스               416(-17) 1:25.4  4        12-  -  -12-13-12
 13   10  뉴에이원             471( -9) 1:25.8  2½      13-  -  -13-12-13
-------------------------------------------------------------------------------------------------
순위 마번    G-3Ｆ   S-1F  １코너  ２코너  ３코너  ４코너    G-1F  단승식 연승식
-------------------------------------------------------------------------------------------------
  1    9   37.5    0:13.8                  0:31.4  0:50.4   13.0      1.5    1.1
  2    2   38.7    0:13.5                  0:31.1  0:50.2   13.7      4.1    1.5
  3    8   39.4    0:13.6                  0:31.2  0:50.3   14.0    180.5   22.6
  4    5   39.0    0:14.3                  0:31.8  0:50.8   13.5     20.2    3.1
  5    4   38.9    0:14.3                  0:32.1  0:51.3   13.7     24.3    3.2
  6    3   40.0    0:13.9                  0:31.5  0:50.5   14.3     32.2    7.4
  7    1   40.1    0:13.9                  0:31.4  0:50.5   14.4      8.6    2.1
  8   13   39.9    0:13.9                  0:31.8  0:51.0   14.0    157.4   35.0
  9    7   38.9    0:14.4                  0:32.6  0:51.9   13.4     41.7    2.5
 10   12   39.5    0:14.3                  0:32.3  0:51.3   14.1     53.5    6.8
 11    6   40.4    0:13.9                  0:31.7  0:50.8   14.4    245.8   38.2
 12   11   39.6    0:14.4                  0:32.7  0:52.3   13.6    155.8   23.7
 13   10   39.9    0:15.0                  0:33.1  0:52.3   13.9     51.3    3.8
-------------------------------------------------------------------------------------------------
(복승식 배당률)
  1- 2    19.6  2- 9     3.2  4- 5    80.1  5-15     0.0  8- 9    93.5 11-12  1645.6
  1- 3   105.9  2-10    84.8  4- 6  1342.8  5-16     0.0  8-10  1350.8 11-13  3236.4
  1- 4    68.5  2-11   573.9  4- 7   126.5  6- 7  1842.9  8-11  2922.8 11-14     0.0
  1- 5    54.5  2-12   179.7  4- 8   827.9  6- 8  3599.9  8-12  1736.8 11-15     0.0
  1- 6   992.1  2-13   990.4  4- 9    10.6  6- 9   143.8  8-13  2188.2 11-16     0.0
  1- 7    84.3  2-14     0.0  4-10   142.2  6-10  2106.5  8-14     0.0 12-13  2104.9
  1- 8   611.2  2-15     0.0  4-11   772.4  6-11  4724.5  8-15     0.0 12-14     0.0
  1- 9     5.6  2-16     0.0  4-12   157.3  6-12  3593.0  8-16     0.0 12-15     0.0
  1-10   102.6  3- 4   205.4  4-13  1317.4  6-13  4102.6  9-10    12.6 12-16     0.0
  1-11   632.8  3- 5   179.4  4-14     0.0  6-14     0.0  9-11   102.8 13-14     0.0
  1-12   266.4  3- 6  1836.3  4-15     0.0  6-15     0.0  9-12    25.8 13-15     0.0
  1-13   934.1  3- 7   314.9  4-16     0.0  6-16     0.0  9-13   143.9 13-16     0.0
  1-14     0.0  3- 8  1272.8  5- 6  1184.9  7- 8   988.4  9-14     0.0 14-15     0.0
  1-15     0.0  3- 9    17.4  5- 7   108.4  7- 9     9.1  9-15     0.0 14-16     0.0
  1-16     0.0  3-10   423.9  5- 8   536.1  7-10   209.5  9-16     0.0 15-16     0.0
  2- 3    85.1  3-11  1677.4  5- 9     7.2  7-11  1426.7 10-11  1142.6  0- 0     0.0
  2- 4    64.7  3-12   745.3  5-10   138.9  7-12   357.8 10-12   372.0  0- 0     0.0
  2- 5    37.5  3-13  1651.4  5-11   916.8  7-13  1651.9 10-13  1719.3  0- 0     0.0
  2- 6   922.3  3-14     0.0  5-12   196.2  7-14     0.0 10-14     0.0  0- 0     0.0
  2- 7    64.4  3-15     0.0  5-13  1060.6  7-15     0.0 10-15     0.0  0- 0     0.0
  2- 8   686.8  3-16     0.0  5-14     0.0  7-16     0.0 10-16     0.0  0- 0     0.0
-------------------------------------------------------------------------------------------------
매출액 단식:     25,993,100    연식:     49,404,200      복식:    772,750,200
       복연:    143,243,800    쌍식:    275,522,000      삼복:    802,997,900
       삼쌍:    409,330,300    합계:  2,479,241,500
-------------------------------------------------------------------------------------------------
배당률 단: ⑨1.5        연: ⑨1.1 ②1.5 ⑧22.6         복: ⑨②3.2       4F:50.4
                                                                         3F:37.7
                        쌍: ⑨②4.4       
     복연: ⑨②1.8 ⑨⑧31.7 ②⑧95.7
     삼복: ⑨②⑧160.0 
     삼쌍: ⑨②⑧285.4 
-------------------------------------------------------------------------------------------------
펄 롱: 8.0 11.2 11.9   12.7   12.6   12.1   13.0   
통과M:  100  300  500    700    900    1100   1300
통과T:08.0 19.2 31.1 0:43.8 0:56.4 1:08.5 1:21.5 
-------------------------------------------------------------------------------------------------
통과순위 S-1F : (^2,8),(1,3,6,9,13)-(4,5,7,11,12)-10    
           C1 :                                         
           C2 :                                         
           C3 : (^2,8),(1,3,9),(6,5,13),4,12,(7,11)-10  
           C4 : (^2,8),(1,3,9),(6,5),13,(4,12)-7-(10,11)
         G-1F : 9,2-8-(1,3,5),4,(6,13),12-7=(10,11)     
-------------------------------------------------------------------------------------------------
구분 출전번호  대상명            처분종류     처분내용                     세부내용
-------------------------------------------------------------------------------------------------
말      8      트로트퀸          출발심사                                  진입불량                                          
-------------------------------------------------------------------------------------------------


제목 : 22년02월27일(일)  제 4경주

(서울) 제14일 1700M 국6등급    별정A       경주명 : 일반                        
경주조건:       R0~0  연령오픈                   날씨:맑음 주로:건조  (5%)
순위상금: 13,750천원   5,500천원   3,500천원   1,250천원   1,000천원
부가상금:      0천원       0천원       0천원
-------------------------------------------------------------------------------------------------
순위 마번    마    명         산지   성별 연령 부담중량  기수명   조교사   마주명           레이팅
-------------------------------------------------------------------------------------------------
  1    2  나의나라             한     거     4    56.5   김용근   강성오   이관형                
  2    6  블랙킹               한     수     5    56.5   먼로     이신영   김두식                
  3    3  클라우터             한     거     4    56.5   이용호   곽영효   김용래                
  4   10  사우스반             한     암     6    54.5   부민호   서범석   임종근                
  5    7  청산영웅             한     거     3    56.0   유승완   이관호   황은호                
  6    1  킹마운틴             한     수     3    56.0   박병윤   홍대유   이미경                
  7    8  디바인파워           한     수     5    56.5   빅투아르 손영표   류재욱                
  8   12  빛의대륙             한     암     3    54.0   김효정   배대선   미리내                
  9    9  뉴스마트             한(포) 암     4    54.5   박상우   심승태   김태성                
 10   11  로스트워             한(포) 암     4    51.5   김아현   손영표   피엔에스홈즈          
 11    4  남산드림             한(포) 암     4    54.5   이현종   박병일   이기선                
 12    5  티케이존             한     수     3    55.0   임다빈   이관호   김태권                
-------------------------------------------------------------------------------------------------
순위 마번    마      명       마 체 중  기 록  도 착 차  S1F-1C-2C-3C-4C-G1F
-------------------------------------------------------------------------------------------------
  1    2  나의나라             476( -2) 1:53.9            2- 2- 2- 2- 2- 1
  2    6  블랙킹               466( -7) 1:54.8  5         5- 5- 5- 6- 5- 4
  3    3  클라우터             461( -3) 1:54.8  목        3- 3- 3- 3- 3- 3
  4   10  사우스반             430( +4) 1:55.2  2½      12-12-12-11-12- 7
  5    7  청산영웅             431( -5) 1:55.3  ½        6- 6- 6- 8- 9- 5
  6    1  킹마운틴             520( +2) 1:55.6  1½       1- 1- 1- 1- 1- 2
  7    8  디바인파워           487( +3) 1:55.6  목        7- 7- 7- 5- 6- 6
  8   12  빛의대륙             470( +2) 1:55.7  ½       11-11-11- 9-10-10
  9    9  뉴스마트             457( -7) 1:56.3  4         4- 4- 4- 7- 7- 9
 10   11  로스트워             434( -2) 1:56.9  3         8- 8- 8- 4- 4- 8
 11    4  남산드림             495( +8) 1:57.0  1         9- 9- 9-10- 8-11
 12    5  티케이존             508( +1) 1:57.4  2        10-10-10-12-11-12
-------------------------------------------------------------------------------------------------
순위 마번    G-3Ｆ   S-1F  １코너  ２코너  ３코너  ４코너    G-1F  단승식 연승식
-------------------------------------------------------------------------------------------------
  1    2   40.5    0:14.3  0:14.3  0:27.3  1:05.5  1:20.8   13.8      2.8    1.3
  2    6   40.8    0:14.8  0:14.8  0:27.8  1:06.0  1:21.4   14.0     30.9    5.5
  3    3   41.1    0:14.5  0:14.5  0:27.6  1:05.6  1:21.2   14.1     18.8    3.9
  4   10   40.4    0:15.4  0:15.4  0:28.6  1:06.5  1:22.1   13.7     41.0    7.1
  5    7   40.9    0:14.8  0:14.8  0:27.8  1:06.3  1:21.9   13.8     14.1    3.1
  6    1   42.2    0:14.2  0:14.2  0:27.2  1:05.4  1:20.7   15.1      3.8    1.7
  7    8   41.6    0:14.8  0:14.8  0:27.8  1:05.7  1:21.5   14.1      8.3    2.3
  8   12   41.3    0:15.1  0:15.1  0:28.2  1:06.3  1:21.9   14.0     17.5    4.5
  9    9   42.3    0:14.7  0:14.7  0:27.6  1:06.0  1:21.5   14.8    104.5   22.5
 10   11   43.2    0:14.8  0:14.8  0:27.8  1:05.6  1:21.3   15.4     38.6    7.8
 11    4   42.5    0:15.1  0:15.1  0:28.1  1:06.5  1:21.9   15.2      4.3    1.5
 12    5   42.6    0:15.1  0:15.1  0:28.1  1:06.7  1:22.1   15.2    133.5   22.6
-------------------------------------------------------------------------------------------------
(복승식 배당률)
  1- 2     5.8  2- 9   216.7  4- 5   248.1  5-15     0.0  8- 9   420.6 11-12   170.3
  1- 3    34.5  2-10    63.7  4- 6    50.5  5-16     0.0  8-10    73.3 11-13     0.0
  1- 4     8.4  2-11    64.2  4- 7    28.9  6- 7   162.7  8-11   152.6 11-14     0.0
  1- 5   306.7  2-12    21.4  4- 8    15.6  6- 8    64.2  8-12    60.6 11-15     0.0
  1- 6    56.0  2-13     0.0  4- 9   233.3  6- 9  1132.3  8-13     0.0 11-16     0.0
  1- 7    33.0  2-14     0.0  4-10    76.9  6-10   162.9  8-14     0.0 12-13     0.0
  1- 8    18.5  2-15     0.0  4-11    78.5  6-11   384.3  8-15     0.0 12-14     0.0
  1- 9   226.3  2-16     0.0  4-12    29.8  6-12   184.3  8-16     0.0 12-15     0.0
  1-10    87.6  3- 4    29.3  4-13     0.0  6-13     0.0  9-10  1160.4 12-16     0.0
  1-11    84.2  3- 5   689.2  4-14     0.0  6-14     0.0  9-11   961.5 13-14     0.0
  1-12    25.9  3- 6   120.2  4-15     0.0  6-15     0.0  9-12   682.0 13-15     0.0
  1-13     0.0  3- 7    98.7  4-16     0.0  6-16     0.0  9-13     0.0 13-16     0.0
  1-14     0.0  3- 8    48.1  5- 6   800.5  7- 8    53.1  9-14     0.0 14-15     0.0
  1-15     0.0  3- 9   664.2  5- 7   673.2  7- 9   653.4  9-15     0.0 14-16     0.0
  1-16     0.0  3-10   145.6  5- 8   413.9  7-10   254.9  9-16     0.0 15-16     0.0
  2- 3    20.0  3-11   240.3  5- 9  2133.4  7-11   231.4 10-11   376.0  0- 0     0.0
  2- 4     6.3  3-12   110.6  5-10  1278.9  7-12    85.2 10-12   226.3  0- 0     0.0
  2- 5   220.9  3-13     0.0  5-11  1290.6  7-13     0.0 10-13     0.0  0- 0     0.0
  2- 6    37.8  3-14     0.0  5-12   725.6  7-14     0.0 10-14     0.0  0- 0     0.0
  2- 7    22.3  3-15     0.0  5-13     0.0  7-15     0.0 10-15     0.0  0- 0     0.0
  2- 8    11.5  3-16     0.0  5-14     0.0  7-16     0.0 10-16     0.0  0- 0     0.0
-------------------------------------------------------------------------------------------------
매출액 단식:     30,315,800    연식:     58,020,900      복식:  1,008,252,900
       복연:    158,232,900    쌍식:    283,350,400      삼복:  1,007,000,000
       삼쌍:    426,423,900    합계:  2,971,596,800
-------------------------------------------------------------------------------------------------
배당률 단: ②2.8        연: ②1.3 ⑥5.5 ③3.9          복: ②⑥37.8      4F:53.7
                                                                         3F:40.5
                        쌍: ②⑥49.6      
     복연: ②⑥11.3 ②③7.8 ⑥③26.2
     삼복: ②⑥③150.7 
     삼쌍: ②⑥③678.2 
-------------------------------------------------------------------------------------------------
펄 롱: 8.0 12.5 13.5   12.9   13.3   13.2   13.4   13.3   13.8   
통과M:  100  300  500    700    900    1100   1300   1500   1700
통과T:08.0 20.5 34.0 0:46.9 1:00.2 1:13.4 1:26.8 1:40.1 1:53.9 
-------------------------------------------------------------------------------------------------
통과순위 S-1F : (^1,2),3,(6,7,8,9,11),(4,5,12),10       
           C1 : (^1,2),3,(6,7,8,9,11),(4,5,12),10       
           C2 : (^1,2),(3,9),(6,7,8,11),(4,12,5)-10     
           C3 : (^1,2),(3,8,11),(6,9),(7,12),(4,10),5   
           C4 : (^1,2)-(3,11),(6,8,9)-(4,7,12),(5,10)   
         G-1F : 2-1,(6,3)-(7,8,10,11,9),(4,12)-5        
-------------------------------------------------------------------------------------------------
구분 출전번호  대상명            처분종류     처분내용                     세부내용
-------------------------------------------------------------------------------------------------
특 
이 
사 
항
-------------------------------------------------------------------------------------------------


제목 : 22년02월27일(일)  제 5경주

(서울) 제14일 1300M 국5등급    별정A       경주명 : 일반                        
경주조건:      R1~35  연령오픈                   날씨:맑음 주로:건조  (5%)
순위상금: 22,000천원   8,800천원   5,600천원   2,000천원   1,600천원
부가상금:      0천원       0천원       0천원
-------------------------------------------------------------------------------------------------
순위 마번    마    명         산지   성별 연령 부담중량  기수명   조교사   마주명           레이팅
-------------------------------------------------------------------------------------------------
  1    8  파워박스             한     수     3    54.0   김용근   송문길   정형철              33
  2    5  흥행대박             한(포) 거     4    56.0   김정준   박병일   임동현              30
  3    1  카우보이킹           한     거     3    54.0   조한별   최용구   강무웅              31
  4    3  알찬누리             한     거     5    55.0   임다빈   정호익   김광명              33
  5   12  탑퀄리티             한     거     4    56.0   최범현   박종곤   김정철              26
  6    9  청담위키드           한     암     4    54.0   정정희   강환민   삼정                35
  7    7  예스아이캔           한     거     4    56.0   박을운   안해양   김길중              31
  8    2  큐피드보우           한     수     3    54.0   함완식   유재길   서순배              29
  9   14  플라잉풀문           한     암     4    54.0   김효정   임채덕   김형순              30
 10   11  승승파워             한     수     4    56.0   송재철   박천서   이진경              29
 11    6  페더럴아이           한     수     4    56.0   조상범   지용철   금악목장            31
 12    4  데스크탑             한     수     4    56.0   다비드   배휴준   조금제              31
 13   13  돈마                 한     수     3    54.0   이현종   강성오   김두식              30
 14   10  그레이트한센         한     암     4    54.0   문성혁   조현수   이혜란              27
-------------------------------------------------------------------------------------------------
순위 마번    마      명       마 체 중  기 록  도 착 차  S1F-1C-2C-3C-4C-G1F
-------------------------------------------------------------------------------------------------
  1    8  파워박스             469( -5) 1:21.6            3-  -  - 3- 2- 2
  2    5  흥행대박             449( -2) 1:21.6  머리      2-  -  - 1- 1- 1
  3    1  카우보이킹           554(-15) 1:23.2  9         5-  -  - 4- 6- 7
  4    3  알찬누리             460( -6) 1:23.2  머리      4-  -  - 5- 4- 3
  5   12  탑퀄리티             462( -3) 1:23.2  코        8-  -  - 6- 5- 4
  6    9  청담위키드           470( +0) 1:23.4  1         9-  -  - 8- 7- 6
  7    7  예스아이캔           472(-14) 1:23.9  2½      10-  -  -12-10- 8
  8    2  큐피드보우           456( -3) 1:24.0  ½        1-  -  - 2- 3- 5
  9   14  플라잉풀문           468( -3) 1:24.1  ¾       11-  -  -11-12-10
 10   11  승승파워             453( -9) 1:24.5  2½      14-  -  -13-13- 9
 11    6  페더럴아이           495( +1) 1:24.6  목       13-  -  -14-14-14
 12    4  데스크탑             480( -1) 1:25.2  4         6-  -  - 7- 8-12
 13   13  돈마                 500( -2) 1:25.3  ½        7-  -  - 9- 9-11
 14   10  그레이트한센         425( -7) 1:25.3  목       12-  -  -10-11-13
-------------------------------------------------------------------------------------------------
순위 마번    G-3Ｆ   S-1F  １코너  ２코너  ３코너  ４코너    G-1F  단승식 연승식
-------------------------------------------------------------------------------------------------
  1    8   39.1    0:13.5                  0:30.5  0:48.7   14.0      2.4    1.6
  2    5   39.2    0:13.4                  0:30.3  0:48.6   14.1      3.8    1.6
  3    1   40.4    0:13.8                  0:30.7  0:49.4   14.0     21.0    4.0
  4    3   40.5    0:13.7                  0:30.7  0:49.0   14.6     10.0    2.6
  5   12   40.5    0:13.9                  0:30.7  0:49.0   14.4     23.1    4.4
  6    9   40.1    0:14.0                  0:31.2  0:49.6   14.3     25.6    5.7
  7    7   39.9    0:14.3                  0:31.9  0:50.5   13.8     30.3    5.1
  8    2   41.3    0:13.4                  0:30.5  0:49.0   15.1     15.2    4.2
  9   14   40.0    0:14.3                  0:31.6  0:50.5   14.0    114.1   24.3
 10   11   40.2    0:14.8                  0:32.1  0:50.6   14.4     47.3    7.7
 11    6   40.0    0:14.8                  0:32.3  0:51.1   14.1     82.3    9.0
 12    4   41.7    0:13.8                  0:31.0  0:50.2   14.8      7.1    2.1
 13   13   41.8    0:13.8                  0:31.2  0:50.3   14.9     20.6    5.1
 14   10   41.3    0:14.6                  0:31.5  0:50.5   14.9    130.3   20.8
-------------------------------------------------------------------------------------------------
(복승식 배당률)
  1- 2    93.3  2- 9   217.5  4- 5    11.3  5-15     0.0  8- 9    31.6 11-12   258.0
  1- 3    68.8  2-10   574.1  4- 6   226.5  5-16     0.0  8-10   195.0 11-13   337.9
  1- 4    48.5  2-11   239.5  4- 7    51.3  6- 7   397.9  8-11    54.0 11-14  2094.0
  1- 5    36.4  2-12   107.7  4- 8     9.0  6- 8    95.7  8-12    17.2 11-15     0.0
  1- 6   522.3  2-13   117.7  4- 9    80.3  6- 9   843.2  8-13    34.6 11-16     0.0
  1- 7   196.7  2-14   997.1  4-10   358.5  6-10  2164.9  8-14   317.7 12-13   226.9
  1- 8    22.5  2-15     0.0  4-11   113.5  6-11   654.9  8-15     0.0 12-14  1556.0
  1- 9   252.7  2-16     0.0  4-12    48.9  6-12   444.0  8-16     0.0 12-15     0.0
  1-10   909.1  3- 4    26.2  4-13    83.6  6-13   778.9  9-10   791.2 12-16     0.0
  1-11   247.8  3- 5    16.4  4-14   875.7  6-14  2116.7  9-11   483.4 13-14  1176.2
  1-12   149.5  3- 6   247.5  4-15     0.0  6-15     0.0  9-12   183.0 13-15     0.0
  1-13   203.3  3- 7   101.2  4-16     0.0  6-16     0.0  9-13   347.6 13-16     0.0
  1-14  1492.4  3- 8    12.0  5- 6   115.5  7- 8    37.4  9-14  1773.7 14-15     0.0
  1-15     0.0  3- 9   157.0  5- 7    48.6  7- 9   313.9  9-15     0.0 14-16     0.0
  1-16     0.0  3-10   601.7  5- 8     5.6  7-10  1014.4  9-16     0.0 15-16     0.0
  2- 3    63.3  3-11   160.8  5- 9    56.8  7-11   379.9 10-11  1302.3  0- 0     0.0
  2- 4    44.1  3-12    76.5  5-10   248.2  7-12   255.0 10-12   774.0  0- 0     0.0
  2- 5    24.8  3-13   117.8  5-11    67.9  7-13   360.7 10-13   844.3  0- 0     0.0
  2- 6   519.7  3-14   995.1  5-12    29.4  7-14  1691.1 10-14  3506.8  0- 0     0.0
  2- 7   152.5  3-15     0.0  5-13    50.2  7-15     0.0 10-15     0.0  0- 0     0.0
  2- 8    18.1  3-16     0.0  5-14   338.5  7-16     0.0 10-16     0.0  0- 0     0.0
-------------------------------------------------------------------------------------------------
매출액 단식:     33,308,600    연식:     68,416,900      복식:  1,174,065,100
       복연:    166,396,200    쌍식:    291,269,300      삼복:  1,012,135,200
       삼쌍:    412,570,700    합계:  3,158,162,000
-------------------------------------------------------------------------------------------------
배당률 단: ⑧2.4        연: ⑧1.6 ⑤1.6 ①4.0          복: ⑧⑤5.6       4F:51.3
                                                                         3F:39.2
                        쌍: ⑧⑤9.4       
     복연: ⑧⑤2.3 ⑧①8.0 ⑤①11.9
     삼복: ⑧⑤①29.2 
     삼쌍: ⑧⑤①92.8 
-------------------------------------------------------------------------------------------------
펄 롱: 8.0 10.8 11.5   12.1   12.5   12.6   14.1   
통과M:  100  300  500    700    900    1100   1300
통과T:08.0 18.8 30.3 0:42.4 0:54.9 1:07.5 1:21.6 
-------------------------------------------------------------------------------------------------
통과순위 S-1F : (2,5,8),(1,3,4,13),(9,12),(7,14),10,(6,11)
           C1 :                                         
           C2 :                                         
           C3 : 5,(2,8),(1,3,12),4,(9,13),(10,14),7,11,6
           C4 : (^5,8),(2,3,12)-1,9-(13,4),(7,11,10,14)-6
         G-1F : (^5,8)=3,(2,12),(9,1)=(7,11,14),(13,4,10,6)
-------------------------------------------------------------------------------------------------
구분 출전번호  대상명            처분종류     처분내용                     세부내용
-------------------------------------------------------------------------------------------------
기수    8      김용근            과태금       100,000원                    결승선 직선주로 채찍 과다사용                     
말     10      그레이트한센      주의                                      3~4코너 구간 바깥으로 기댐                        
말     14      플라잉풀문        주의                                      출발부터 4코너까지 바깥으로 기댐                  
말      6      페더럴아이        출발심사                                  출발자세불량                                      
-------------------------------------------------------------------------------------------------


제목 : 22년02월27일(일)  제 6경주

(서울) 제14일 1200M 국5등급    핸디캡      경주명 : 일반                        
경주조건:      R1~35  연령오픈                   날씨:맑음 주로:건조  (5%)
순위상금: 22,000천원   8,800천원   5,600천원   2,000천원   1,600천원
부가상금:      0천원       0천원       0천원
-------------------------------------------------------------------------------------------------
순위 마번    마    명         산지   성별 연령 부담중량  기수명   조교사   마주명           레이팅
-------------------------------------------------------------------------------------------------
  1    6  베스트야             한     암     3    51.0   김용근   이희영   베스트샤인조합      28
  2    9  올드스페셜           한     수     4    56.5   정정희   박재우   이진경              34
  3    2  아로마               한     수     5    56.5   송재철   이관호   최수군              34
  4   14  마이티선샤인         한     수     3    54.5   이현종   임채덕   손칠규              31
  5    8  한강챔프             한(포) 거     3    54.5   최범현   곽영효   나기두              31
  6   13  라온더위켄드         한     암     3    52.0   다비드   박종곤   라온산업개발(주)    30
  7    3  댄스머신             한     거     4    54.0   박을운   박천서   김봉섭              29
  8   12  글로벌매직           한     수     3    54.0   함완식   최상식   장재형              30
  9    1  동행                 한     암     4    52.5   김효정   우창구   배은정              30
 10   11  프린세스삭스         한(포) 암     4    55.0   먼로     이신영   김창식              35
 11   10  포에버칸             한     수     3    54.0   김정준   박병일   강태구              30
 12    7  메니원더풀           한     수     3    54.5   유승완   김동균   박정배              31
 13    5  아마존킹             한     거     3    52.5   하정훈   토니     허훈                27
       4  원평코드             한     수     3    53.0   임다빈   정호익   김용재              30
-------------------------------------------------------------------------------------------------
순위 마번    마      명       마 체 중  기 록  도 착 차  S1F-1C-2C-3C-4C-G1F
-------------------------------------------------------------------------------------------------
  1    6  베스트야             467( -4) 1:16.0           11-  -  - 8- 8- 6
  2    9  올드스페셜           478( +0) 1:16.0  코        5-  -  - 6- 6- 5
  3    2  아로마               495( -2) 1:16.1  ½        4-  -  - 3- 5- 4
  4   14  마이티선샤인         459( +4) 1:16.2  ½       12-  -  -12-10-11
  5    8  한강챔프             507( -9) 1:16.2  목        8-  -  -10-11- 8
  6   13  라온더위켄드         483( -2) 1:16.3  ½        1-  -  - 1- 2- 1
  7    3  댄스머신             468( +7) 1:16.4  ½        9-  -  - 9- 9-10
  8   12  글로벌매직           465( +3) 1:16.5  ½       13-  -  -13-12-12
  9    1  동행                 459( +8) 1:16.6  1         2-  -  - 2- 1- 2
 10   11  프린세스삭스         453( +1) 1:16.7  ½        7-  -  - 7- 7- 9
 11   10  포에버칸             486(+12) 1:16.7  코        6-  -  - 5- 4- 3
 12    7  메니원더풀           471( -9) 1:16.8  ½       10-  -  -11-13-13
 13    5  아마존킹             448( -4) 1:18.5  10        3-  -  - 4- 3- 7
       4  원평코드             500( +0) 0:00.0  출발제외   -  -  -  -  -  
-------------------------------------------------------------------------------------------------
순위 마번    G-3Ｆ   S-1F  １코너  ２코너  ３코너  ４코너    G-1F  단승식 연승식
-------------------------------------------------------------------------------------------------
  1    6   39.0    0:13.9                  0:24.9  0:43.5   13.7     20.0    3.0
  2    9   39.4    0:13.5                  0:24.5  0:42.9   14.0     12.4    3.5
  3    2   39.9    0:13.5                  0:24.2  0:42.5   14.2      3.4    1.4
  4   14   38.7    0:14.3                  0:25.5  0:43.8   13.4     44.6    9.7
  5    8   38.6    0:13.6                  0:25.2  0:43.8   13.8      3.4    1.7
  6   13   40.7    0:13.2                  0:23.8  0:41.8   15.2     21.3    5.6
  7    3   39.2    0:13.7                  0:24.9  0:43.6   13.9     93.7   14.7
  8   12   38.3    0:14.4                  0:25.8  0:44.4   13.6     15.5    3.1
  9    1   41.0    0:13.3                  0:23.9  0:41.8   15.4     10.0    3.0
 10   11   40.0    0:13.5                  0:24.6  0:43.2   14.2      6.0    2.8
 11   10   40.5    0:13.5                  0:24.3  0:42.4   15.1     43.7    8.1
 12    7   38.7    0:13.8                  0:25.4  0:44.5   13.5     24.1    4.9
 13    5   42.5    0:13.4                  0:24.2  0:42.3   16.2     17.1    6.7
       4                                                                        
-------------------------------------------------------------------------------------------------
(복승식 배당률)
  1- 2    11.9  2- 9    20.2  4- 5     0.0  5-15     0.0  8- 9    23.0 11-12    48.4
  1- 3   275.8  2-10    48.8  4- 6     0.0  5-16     0.0  8-10    43.5 11-13    75.5
  1- 4     0.0  2-11    11.9  4- 7     0.0  6- 7   226.7  8-11    13.1 11-14   161.4
  1- 5    86.7  2-12    20.5  4- 8     0.0  6- 8    32.4  8-12    15.3 11-15     0.0
  1- 6   103.5  2-13    36.5  4- 9     0.0  6- 9   163.0  8-13    40.4 11-16     0.0
  1- 7   113.2  2-14    63.7  4-10     0.0  6-10   367.4  8-14    72.2 12-13   144.0
  1- 8    17.0  2-15     0.0  4-11     0.0  6-11    78.0  8-15     0.0 12-14   169.5
  1- 9    57.8  2-16     0.0  4-12     0.0  6-12   107.3  8-16     0.0 12-15     0.0
  1-10   167.3  3- 4     0.0  4-13     0.0  6-13   258.1  9-10   228.7 12-16     0.0
  1-11    38.6  3- 5   585.5  4-14     0.0  6-14   283.3  9-11    51.0 13-14   377.0
  1-12    60.3  3- 6   586.1  4-15     0.0  6-15     0.0  9-12    63.8 13-15     0.0
  1-13    77.9  3- 7   841.5  4-16     0.0  6-16     0.0  9-13   168.6 13-16     0.0
  1-14   207.2  3- 8   150.5  5- 6   239.2  7- 8    33.1  9-14   311.2 14-15     0.0
  1-15     0.0  3- 9   460.6  5- 7   197.4  7- 9   103.2  9-15     0.0 14-16     0.0
  1-16     0.0  3-10  1267.8  5- 8    50.6  7-10   345.8  9-16     0.0 15-16     0.0
  2- 3   127.7  3-11   404.3  5- 9   141.9  7-11   122.3 10-11   113.7  0- 0     0.0
  2- 4     0.0  3-12   617.4  5-10   409.1  7-12   140.8 10-12   232.5  0- 0     0.0
  2- 5    39.6  3-13   644.9  5-11    86.9  7-13   303.1 10-13   315.6  0- 0     0.0
  2- 6    26.0  3-14  1301.1  5-12   122.1  7-14   545.9 10-14   778.4  0- 0     0.0
  2- 7    32.2  3-15     0.0  5-13   254.8  7-15     0.0 10-15     0.0  0- 0     0.0
  2- 8     5.9  3-16     0.0  5-14   464.7  7-16     0.0 10-16     0.0  0- 0     0.0
-------------------------------------------------------------------------------------------------
매출액 단식:     31,812,600    연식:     63,828,800      복식:    977,616,700
       복연:    144,715,800    쌍식:    223,796,000      삼복:    720,918,400
       삼쌍:    263,914,400    합계:  2,426,602,700
-------------------------------------------------------------------------------------------------
배당률 단: ⑥20.0       연: ⑥3.0 ⑨3.5 ②1.4          복: ⑥⑨163.0     4F:52.2
                                                                         3F:40.4
                        쌍: ⑥⑨423.6     
     복연: ⑥⑨40.6 ⑥②8.4 ⑨②6.4
     삼복: ⑥⑨②152.8 
     삼쌍: ⑥⑨②2040.9 
-------------------------------------------------------------------------------------------------
펄 롱:13.2 10.6 11.8   12.6   12.9   14.9   
통과M:  200  400  600    800    1000   1200
통과T:13.2 23.8 35.6 0:48.2 1:01.1 1:16.0 
-------------------------------------------------------------------------------------------------
통과순위 S-1F : (1,^13),(2,5,9,10,11),(3,8),(6,7)-(12,14)
           C1 :                                         
           C2 :                                         
           C3 : (1,^13),(2,5,10),(9,11),(6,3),8,(14,7),12
           C4 : (1,13)-(10,5),2-9,11,(6,3),(14,8)-(7,12)
         G-1F : (1,^13)-10,(2,9),(6,5,8),(11,3),(14,12)-7
-------------------------------------------------------------------------------------------------
구분 출전번호  대상명            처분종류     처분내용                     세부내용
-------------------------------------------------------------------------------------------------
말     14      마이티선샤인      출발심사                                  발진불량                                          
말      4      원평코드          출전제외                                  진입거부                                          
말      4      원평코드          출발심사                                  진입불량                                          
말      4      원평코드          주행심사                                  진입불량                                          
-------------------------------------------------------------------------------------------------


제목 : 22년02월27일(일)  제 7경주

(서울) 제14일 1200M 혼4등급    핸디캡      경주명 : 일반                        
경주조건:      R1~50  연령오픈                   날씨:맑음 주로:건조  (5%)
순위상금: 33,000천원  13,200천원   8,400천원   3,000천원   2,400천원
부가상금:      0천원       0천원       0천원
-------------------------------------------------------------------------------------------------
순위 마번    마    명         산지   성별 연령 부담중량  기수명   조교사   마주명           레이팅
-------------------------------------------------------------------------------------------------
  1    4  바이스로이           한     거     4    52.5   김아현   임봉춘   김진태a             45
  2   13  장산레이저           한     수     4    58.0   유승완   최용건   삼정                50
  3    3  퀵실버키튼           미     거     4    55.5   임다빈   임채덕   황경호              47
  4    2  엠제이포인트         미     암     4    52.0   송재철   김동균   박민지              40
  5    1  그레이트선더         한     수     4    52.0   정정희   최용건   조건진              37
  6   11  바잉블레이드         한     수     4    52.0   다비드   강환민   김형란              36
  7   10  스킬맥스             미     수     3    52.0   김효정   박재우   김광명              36
  8    7  파워타워             한     암     5    52.0   김정준   최봉주   윤지중              41
  9    5  내생애최고           미     수     4    53.5   조한별   안병기   우태율              41
 10   12  사려니위너           미     암     5    52.0   조상범   구자흥   오영익              42
 11    9  콜조이               한     거     4    54.5   최범현   곽영효   이미경              43
 12    6  원앤온리             한     암     5    51.0   방춘식   지용철   조용학              37
 13    8  퀴클리선             미     수     4    56.5   함완식   김동균   이긍열              47
-------------------------------------------------------------------------------------------------
순위 마번    마      명       마 체 중  기 록  도 착 차  S1F-1C-2C-3C-4C-G1F
-------------------------------------------------------------------------------------------------
  1    4  바이스로이           484( +6) 1:14.6            3-  -  - 2- 1- 1
  2   13  장산레이저           506(-12) 1:14.8  1¼       6-  -  - 7- 8- 7
  3    3  퀵실버키튼           482( -2) 1:15.0  1        12-  -  -12-12-10
  4    2  엠제이포인트         444( -7) 1:15.0  코        7-  -  - 8- 9- 3
  5    1  그레이트선더         512( -7) 1:15.2  ¾        8-  -  - 6- 7- 2
  6   11  바잉블레이드         490(-12) 1:15.6  2½      11-  -  -10- 6- 6
  7   10  스킬맥스             456( -7) 1:15.8  1         5-  -  - 5- 5- 5
  8    7  파워타워             470( +0) 1:16.5  4         9-  -  - 9-10- 8
  9    5  내생애최고           464( -5) 1:16.7  1½       2-  -  - 3- 3- 4
 10   12  사려니위너           472(+13) 1:16.7  코       13-  -  -13-13-12
 11    9  콜조이               453( -4) 1:16.8  ¾       10-  -  -11-11-13
 12    6  원앤온리             495( +4) 1:17.2  2½       4-  -  - 4- 4- 9
 13    8  퀴클리선             521( +8) 1:17.5  1¾       1-  -  - 1- 2-11
-------------------------------------------------------------------------------------------------
순위 마번    G-3Ｆ   S-1F  １코너  ２코너  ３코너  ４코너    G-1F  단승식 연승식
-------------------------------------------------------------------------------------------------
  1    4   38.9    0:13.4                  0:24.1  0:41.9   13.8      3.3    1.5
  2   13   38.5    0:13.7                  0:24.6  0:42.8   13.1      2.4    1.3
  3    3   37.6    0:14.1                  0:25.3  0:43.6   12.9      6.5    1.8
  4    2   38.2    0:13.9                  0:24.8  0:43.0   13.4     20.4    4.6
  5    1   38.9    0:14.0                  0:24.6  0:42.7   13.6     10.5    2.5
  6   11   39.3    0:14.0                  0:24.8  0:42.6   13.9     17.9    3.8
  7   10   39.5    0:13.6                  0:24.5  0:42.5   14.1     79.0    8.7
  8    7   39.8    0:14.0                  0:24.8  0:43.0   14.4     28.6    5.1
  9    5   40.8    0:13.3                  0:24.1  0:42.1   15.1     37.3    8.3
 10   12   39.3    0:14.2                  0:25.3  0:43.6   14.1     92.9   15.0
 11    9   39.7    0:14.0                  0:24.9  0:43.2   14.1     19.3    4.3
 12    6   41.1    0:13.5                  0:24.3  0:42.3   15.1     84.2   14.7
 13    8   41.8    0:13.1                  0:23.9  0:42.0   15.3     31.1    8.2
-------------------------------------------------------------------------------------------------
(복승식 배당률)
  1- 2    54.9  2- 9   147.3  4- 5    67.1  5-15     0.0  8- 9   199.1 11-12   574.6
  1- 3    32.6  2-10   290.6  4- 6   124.8  5-16     0.0  8-10   386.4 11-13    21.3
  1- 4    19.2  2-11   129.1  4- 7    30.9  6- 7   569.5  8-11   227.4 11-14     0.0
  1- 5   200.8  2-12   655.0  4- 8    63.7  6- 8   556.5  8-12  1299.8 11-15     0.0
  1- 6   401.7  2-13    19.2  4- 9    31.8  6- 9   509.3  8-13    35.7 11-16     0.0
  1- 7   109.8  2-14     0.0  4-10   114.5  6-10   672.6  8-14     0.0 12-13   177.6
  1- 8   179.7  2-15     0.0  4-11    34.4  6-11   620.5  8-15     0.0 12-14     0.0
  1- 9    73.1  2-16     0.0  4-12   278.6  6-12  1438.6  8-16     0.0 12-15     0.0
  1-10   242.9  3- 4    11.1  4-13     3.6  6-13    81.2  9-10   363.5 12-16     0.0
  1-11    96.8  3- 5   150.6  4-14     0.0  6-14     0.0  9-11    98.3 13-14     0.0
  1-12   692.9  3- 6   273.1  4-15     0.0  6-15     0.0  9-12   707.1 13-15     0.0
  1-13    16.0  3- 7    53.6  4-16     0.0  6-16     0.0  9-13    19.5 13-16     0.0
  1-14     0.0  3- 8   138.2  5- 6   586.9  7- 8   236.3  9-14     0.0 14-15     0.0
  1-15     0.0  3- 9    48.2  5- 7   436.2  7- 9   134.9  9-15     0.0 14-16     0.0
  1-16     0.0  3-10   217.0  5- 8   404.4  7-10   437.6  9-16     0.0 15-16     0.0
  2- 3    58.4  3-11    53.2  5- 9   300.4  7-11   139.8 10-11   399.1  0- 0     0.0
  2- 4    25.1  3-12   423.6  5-10   696.2  7-12   785.9 10-12  1374.8  0- 0     0.0
  2- 5   290.9  3-13     9.5  5-11   492.5  7-13    23.0 10-13    57.0  0- 0     0.0
  2- 6   524.2  3-14     0.0  5-12  1163.3  7-14     0.0 10-14     0.0  0- 0     0.0
  2- 7   127.9  3-15     0.0  5-13    43.2  7-15     0.0 10-15     0.0  0- 0     0.0
  2- 8   283.1  3-16     0.0  5-14     0.0  7-16     0.0 10-16     0.0  0- 0     0.0
-------------------------------------------------------------------------------------------------
매출액 단식:     37,209,300    연식:     67,964,900      복식:  1,283,089,200
       복연:    190,312,100    쌍식:    353,284,300      삼복:  1,080,153,700
       삼쌍:    444,997,300    합계:  3,457,010,800
-------------------------------------------------------------------------------------------------
배당률 단: ④3.3        연: ④1.5 ⑬1.3 ③1.8          복: ④⑬3.6       4F:50.7
                                                                         3F:38.9
                        쌍: ④⑬7.5       
     복연: ④⑬2.0 ④③3.9 ⑬③4.7
     삼복: ④⑬③8.3 
     삼쌍: ④⑬③44.1 
-------------------------------------------------------------------------------------------------
펄 롱:13.1 10.8 11.8   12.5   12.6   13.8   
통과M:  200  400  600    800    1000   1200
통과T:13.1 23.9 35.7 0:48.2 1:00.8 1:14.6 
-------------------------------------------------------------------------------------------------
통과순위 S-1F : 8,(4,5),(6,10),13,(1,2,7,9,11),(3,12)   
           C1 :                                         
           C2 :                                         
           C3 : 8,(4,5),6,(1,10,13),(2,7,9,11)-(3,12)   
           C4 : (^4,8),5,6,(10,11),(1,13),(2,7),9-(3,12)
         G-1F : 4=(1,2,5,10,11,13)-(7,8,6,3)-(9,12)     
-------------------------------------------------------------------------------------------------
구분 출전번호  대상명            처분종류     처분내용                     세부내용
-------------------------------------------------------------------------------------------------
말      2      엠제이포인트      주행심사                                  폐출혈 발생 통산 1회                              
말      2      엠제이포인트      출전정지     1개월(2022.02.28~2022.03.27) 폐출혈 발생 통산 1회                              
말      8      퀴클리선          출발심사                                  진입불량                                          
-------------------------------------------------------------------------------------------------


제목 : 22년02월27일(일)  제 8경주

(서울) 제14일 1400M 국4등급    별정A       경주명 : 일반                        
경주조건:      R1~50  연령오픈                   날씨:맑음 주로:건조  (5%)
순위상금: 33,000천원  13,200천원   8,400천원   3,000천원   2,400천원
부가상금:      0천원       0천원       0천원
-------------------------------------------------------------------------------------------------
순위 마번    마    명         산지   성별 연령 부담중량  기수명   조교사   마주명           레이팅
-------------------------------------------------------------------------------------------------
  1    3  매직그레이스         한     암     3    53.0   이현종   서인석   최상일              39
  2    9  케이엔매직           한(포) 암     4    55.0   조상범   박대흥   조경수              44
  3   12  그레이스퀸           한     암     5    55.0   유승완   홍대유   정이철              37
  4   11  드림맥스             한     암     4    55.0   이용호   임봉춘   김호진              41
  5    4  에이스솔롱고         한     암     6    52.0   김아현   토니     김광두              49
  6   13  마성투혼             한     암     5    55.0   문성혁   서인석   천사들의 안장       44
  7    2  화씨벽               한     암     5    55.0   김태훈   우창구   장수영              39
  8    8  대지의여걸           한     암     4    55.0   김용근   강성오   김명식              37
  9    6  팬시팬츠             한     암     4    55.0   다비드   서홍수   윤지중              36
 10    5  최고캠프             한     암     5    55.0   빅투아르 리카디   이강운              36
 11    7  월드포스             한     암     3    53.0   김정준   안병기   손병철              39
 12   10  와와여장부           한     암     8    55.0   지하주   배휴준   곽승용              34
 13    1  러브레이스           한     암     6    55.0   최범현   최봉주   오호극              47
-------------------------------------------------------------------------------------------------
순위 마번    마      명       마 체 중  기 록  도 착 차  S1F-1C-2C-3C-4C-G1F
-------------------------------------------------------------------------------------------------
  1    3  매직그레이스         487( -1) 1:28.9            1-  -  - 1- 1- 1
  2    9  케이엔매직           490( +0) 1:29.0  ½        4-  -  - 4- 4- 2
  3   12  그레이스퀸           444( +1) 1:29.6  3        10-  -  -10-10- 8
  4   11  드림맥스             545( +1) 1:29.7  ¾        6-  -  - 7- 6- 4
  5    4  에이스솔롱고         458( +5) 1:29.8  목        8-  -  - 6- 7- 7
  6   13  마성투혼             466( -4) 1:30.0  1½      12-  -  -12-11- 9
  7    2  화씨벽               457( +9) 1:30.4  2½      11-  -  -11-12-11
  8    8  대지의여걸           446( -5) 1:30.6  ¾        9-  -  - 8- 8-10
  9    6  팬시팬츠             429(+10) 1:30.7  ¾        5-  -  - 5- 5- 5
 10    5  최고캠프             490(-13) 1:30.8  ¾        2-  -  - 3- 3- 6
 11    7  월드포스             492(+13) 1:30.8  코        3-  -  - 2- 2- 3
 12   10  와와여장부           468( +7) 1:31.6  4         7-  -  - 9- 9-12
 13    1  러브레이스           483( +0) 1:32.1  3        13-  -  -13-13-13
-------------------------------------------------------------------------------------------------
순위 마번    G-3Ｆ   S-1F  １코너  ２코너  ３코너  ４코너    G-1F  단승식 연승식
-------------------------------------------------------------------------------------------------
  1    3   40.9    0:13.5                  0:35.9  0:54.3   14.6      3.0    1.7
  2    9   40.3    0:13.5                  0:36.4  0:55.0   14.6      2.6    1.3
  3   12   39.7    0:14.0                  0:37.7  0:56.2   14.1      9.8    2.6
  4   11   40.5    0:13.7                  0:37.0  0:55.5   14.3     14.9    3.5
  5    4   40.5    0:14.0                  0:37.0  0:55.9   14.3     52.9    5.4
  6   13   39.6    0:14.3                  0:38.2  0:56.5   14.5     87.5    8.9
  7    2   40.1    0:14.3                  0:37.9  0:56.6   14.3     20.6    4.4
  8    8   41.0    0:14.0                  0:37.3  0:55.9   15.0     10.8    3.0
  9    6   41.7    0:13.6                  0:36.8  0:55.4   15.2     45.6    7.1
 10    5   42.3    0:13.5                  0:36.3  0:54.9   15.3     47.4    9.0
 11    7   42.7    0:13.5                  0:36.1  0:54.4   15.5     11.2    3.6
 12   10   41.7    0:13.9                  0:37.6  0:56.2   15.4    132.0   19.1
 13    1   40.8    0:15.3                  0:39.2  0:57.7   14.7     16.7    3.5
-------------------------------------------------------------------------------------------------
(복승식 배당률)
  1- 2   103.3  2- 9    22.4  4- 5   408.5  5-15     0.0  8- 9    10.4 11-12    83.2
  1- 3    31.7  2-10  1158.6  4- 6   626.2  5-16     0.0  8-10   635.8 11-13   315.4
  1- 4    84.9  2-11   146.0  4- 7   187.7  6- 7   173.6  8-11    79.6 11-14     0.0
  1- 5   238.5  2-12    90.1  4- 8   209.1  6- 8   221.1  8-12    60.3 11-15     0.0
  1- 6   285.0  2-13   532.1  4- 9    31.7  6- 9    44.5  8-13   272.3 11-16     0.0
  1- 7    79.2  2-14     0.0  4-10   987.9  6-10  1633.4  8-14     0.0 12-13   221.8
  1- 8    77.8  2-15     0.0  4-11   288.6  6-11   293.4  8-15     0.0 12-14     0.0
  1- 9    14.5  2-16     0.0  4-12   184.7  6-12   260.5  8-16     0.0 12-15     0.0
  1-10   732.9  3- 4    53.3  4-13   438.8  6-13   757.0  9-10   169.1 12-16     0.0
  1-11    89.4  3- 5    78.8  4-14     0.0  6-14     0.0  9-11    14.8 13-14     0.0
  1-12    63.9  3- 6    88.7  4-15     0.0  6-15     0.0  9-12     9.0 13-15     0.0
  1-13   323.5  3- 7    24.2  4-16     0.0  6-16     0.0  9-13    47.0 13-16     0.0
  1-14     0.0  3- 8    22.7  5- 6   306.1  7- 8    52.7  9-14     0.0 14-15     0.0
  1-15     0.0  3- 9     5.2  5- 7   126.0  7- 9    10.7  9-15     0.0 14-16     0.0
  1-16     0.0  3-10   368.0  5- 8   172.3  7-10   705.6  9-16     0.0 15-16     0.0
  2- 3    40.8  3-11    30.9  5- 9    37.2  7-11    76.0 10-11   833.8  0- 0     0.0
  2- 4   221.7  3-12    24.5  5-10  1143.9  7-12    75.7 10-12   829.6  0- 0     0.0
  2- 5   305.1  3-13   132.0  5-11   287.8  7-13   278.3 10-13  1863.2  0- 0     0.0
  2- 6   348.9  3-14     0.0  5-12   188.6  7-14     0.0 10-14     0.0  0- 0     0.0
  2- 7    87.5  3-15     0.0  5-13   669.5  7-15     0.0 10-15     0.0  0- 0     0.0
  2- 8    96.6  3-16     0.0  5-14     0.0  7-16     0.0 10-16     0.0  0- 0     0.0
-------------------------------------------------------------------------------------------------
매출액 단식:     31,681,400    연식:     61,418,500      복식:  1,233,562,600
       복연:    177,502,800    쌍식:    303,587,700      삼복:  1,035,239,500
       삼쌍:    408,657,400    합계:  3,251,649,900
-------------------------------------------------------------------------------------------------
배당률 단: ③3.0        연: ③1.7 ⑨1.3 ⑫2.6          복: ③⑨5.2       4F:53.0
                                                                         3F:40.9
                        쌍: ③⑨11.0      
     복연: ③⑨2.3 ③⑫9.4 ⑨⑫4.5
     삼복: ③⑨⑫15.7 
     삼쌍: ③⑨⑫79.0 
-------------------------------------------------------------------------------------------------
펄 롱:13.5 10.8 11.6   12.1   13.0   13.3   14.6   
통과M:  200  400  600    800    1000   1200   1400
통과T:13.5 24.3 35.9 0:48.0 1:01.0 1:14.3 1:28.9 
-------------------------------------------------------------------------------------------------
통과순위 S-1F : (3,5,6,7,9),11,(4,8,10,12),(2,13)=1     
           C1 :                                         
           C2 :                                         
           C3 : 3,7,(5,9)-6,(4,11),8,(10,12),2,13=1     
           C4 : (^3,7)-(5,9)-(6,11)-(4,8),(10,12),(2,13)=1
         G-1F : (^3,9)=(7,11),(6,5,4,8,12,13)-(10,2)=1  
-------------------------------------------------------------------------------------------------
구분 출전번호  대상명            처분종류     처분내용                     세부내용
-------------------------------------------------------------------------------------------------
말      1      러브레이스        출발심사                                  출발불량                                          
말      9      케이엔매직        출발심사                                  진입불량                                          
-------------------------------------------------------------------------------------------------


제목 : 22년02월27일(일)  제 9경주

(서울) 제14일 1400M 혼3등급    별정A       경주명 : 일반                        
경주조건:      R1~65  연령오픈                   날씨:맑음 주로:건조  (5%)
순위상금: 41,250천원  16,500천원  10,500천원   3,750천원   3,000천원
부가상금:      0천원       0천원       0천원
-------------------------------------------------------------------------------------------------
순위 마번    마    명         산지   성별 연령 부담중량  기수명   조교사   마주명           레이팅
-------------------------------------------------------------------------------------------------
  1    8  소울메리트           미     수     5    56.0   최범현   박대흥   박남성              65
  2    3  장산미사일           미     거     4    56.0   먼로     강환민   김병진              61
  3    2  문학선               미     수     4    56.0   빅투아르 박병일   에스지이건설        51
  4    5  스트라이드업         한     거     6    56.0   부민호   서범석   청팅콩              51
  5    6  세명기상             한     수     6    53.0   김아현   배휴준   이기철              63
  6    7  럭키월드             한     수     4    56.0   송재철   심승태   윤대우              49
  7    9  문학문               미     수     4    56.0   유승완   홍대유   권경자              59
  8    1  아미고라로           미     거     5    56.0   김옥성   박천서   김종진              53
  9   11  모스트스피드         한     암     4    54.0   문성혁   서인석   고재완              56
 10   12  문학에카티           미     수     5    56.0   김정준   정호익   황봉기              59
 11   10  글로벌조이           미     암     5    53.0   임다빈   정호익   장재형              55
 12    4  스프링킹             미     거     5    56.0   김효정   토니     (주)디알엠씨티      52
 13   13  맥스런               미     암     4    54.0   함완식   이관호   권기연              53
-------------------------------------------------------------------------------------------------
순위 마번    마      명       마 체 중  기 록  도 착 차  S1F-1C-2C-3C-4C-G1F
-------------------------------------------------------------------------------------------------
  1    8  소울메리트           533(+11) 1:27.4            9-  -  - 5- 6- 2
  2    3  장산미사일           509( +3) 1:27.5  ½        3-  -  - 2- 2- 1
  3    2  문학선               589( -3) 1:28.2  4        10-  -  -10- 9- 6
  4    5  스트라이드업         495( +3) 1:28.9  4         2-  -  - 3- 3- 3
  5    6  세명기상             520( +3) 1:29.2  1½       8-  -  - 7- 7- 5
  6    7  럭키월드             472( +1) 1:29.3  ½        5-  -  - 9-10- 9
  7    9  문학문               488( -5) 1:29.4  ¾        7-  -  - 6- 8- 8
  8    1  아미고라로           455( +1) 1:29.9  3        12-  -  -11-11-10
  9   11  모스트스피드         451( +5) 1:29.9  코        6-  -  - 8- 4- 7
 10   12  문학에카티           517( +1) 1:30.4  3        13-  -  -13-13-12
 11   10  글로벌조이           494( +7) 1:30.8  2         1-  -  - 1- 1- 4
 12    4  스프링킹             479( -8) 1:31.8  6         4-  -  - 4- 5-11
 13   13  맥스런               477( -9) 1:32.9  6        11-  -  -12-12-13
-------------------------------------------------------------------------------------------------
순위 마번    G-3Ｆ   S-1F  １코너  ２코너  ３코너  ４코너    G-1F  단승식 연승식
-------------------------------------------------------------------------------------------------
  1    8   38.5    0:14.1                  0:36.5  0:55.3   13.3      1.4    1.1
  2    3   39.3    0:13.8                  0:36.0  0:54.4   13.8      5.6    1.7
  3    2   38.7    0:14.2                  0:37.2  0:55.9   13.3     50.2    6.3
  4    5   40.3    0:13.7                  0:36.3  0:55.0   14.5    254.4   33.8
  5    6   40.3    0:14.1                  0:36.6  0:55.4   14.3     44.7    4.8
  6    7   39.8    0:13.8                  0:36.8  0:55.9   13.8     19.7    3.6
  7    9   40.4    0:13.9                  0:36.5  0:55.5   14.1     21.8    5.2
  8    1   40.1    0:14.4                  0:37.5  0:56.2   14.2     71.7    5.8
  9   11   41.1    0:13.8                  0:36.6  0:55.2   14.8     15.0    3.7
 10   12   39.9    0:15.0                  0:38.3  0:56.8   14.1    140.1   22.8
 11   10   42.7    0:13.5                  0:35.9  0:54.4   16.1     16.5    2.3
 12    4   43.1    0:13.8                  0:36.4  0:55.3   15.9    152.3   11.4
 13   13   43.0    0:14.2                  0:37.5  0:56.4   16.1     13.2    2.4
-------------------------------------------------------------------------------------------------
(복승식 배당률)
  1- 2   376.9  2- 9   330.0  4- 5  2937.2  5-15     0.0  8- 9    13.5 11-12  1222.9
  1- 3   122.6  2-10   227.0  4- 6  1110.1  5-16     0.0  8-10     6.2 11-13   116.1
  1- 4  1446.5  2-11   392.4  4- 7   698.8  6- 7   288.8  8-11     8.6 11-14     0.0
  1- 5  2637.7  2-12  1684.0  4- 8    66.2  6- 8    16.5  8-12    81.1 11-15     0.0
  1- 6   465.2  2-13   373.8  4- 9   529.6  6- 9   295.8  8-13     6.8 11-16     0.0
  1- 7   418.4  2-14     0.0  4-10   723.8  6-10   160.6  8-14     0.0 12-13   995.0
  1- 8    31.4  2-15     0.0  4-11   680.8  6-11   209.2  8-15     0.0 12-14     0.0
  1- 9   604.8  2-16     0.0  4-12  5483.3  6-12  1900.9  8-16     0.0 12-15     0.0
  1-10   298.3  3- 4   252.2  4-13   762.2  6-13   319.3  9-10   194.2 12-16     0.0
  1-11   371.9  3- 5   689.2  4-14     0.0  6-14     0.0  9-11   172.7 13-14     0.0
  1-12  2792.9  3- 6    86.3  4-15     0.0  6-15     0.0  9-12  1389.9 13-15     0.0
  1-13   389.5  3- 7    64.1  4-16     0.0  6-16     0.0  9-13   238.2 13-16     0.0
  1-14     0.0  3- 8     3.3  5- 6  2048.1  7- 8    10.5  9-14     0.0 14-15     0.0
  1-15     0.0  3- 9    66.4  5- 7  1802.9  7- 9   150.3  9-15     0.0 14-16     0.0
  1-16     0.0  3-10    45.3  5- 8   158.6  7-10   150.1  9-16     0.0 15-16     0.0
  2- 3    75.3  3-11    41.7  5- 9  3154.1  7-11   172.0 10-11    89.6  0- 0     0.0
  2- 4  1070.8  3-12   564.0  5-10  1612.7  7-12  1501.7 10-12   965.7  0- 0     0.0
  2- 5  1694.2  3-13    45.5  5-11  1683.3  7-13   164.7 10-13   132.7  0- 0     0.0
  2- 6   403.7  3-14     0.0  5-12  5696.1  7-14     0.0 10-14     0.0  0- 0     0.0
  2- 7   264.9  3-15     0.0  5-13  2379.5  7-15     0.0 10-15     0.0  0- 0     0.0
  2- 8    17.2  3-16     0.0  5-14     0.0  7-16     0.0 10-16     0.0  0- 0     0.0
-------------------------------------------------------------------------------------------------
매출액 단식:     24,425,800    연식:     48,832,500      복식:  1,105,671,500
       복연:    177,519,600    쌍식:    368,991,000      삼복:  1,087,113,900
       삼쌍:    498,362,500    합계:  3,310,916,800
-------------------------------------------------------------------------------------------------
배당률 단: ⑧1.4        연: ⑧1.1 ③1.7 ②6.3          복: ⑧③3.3       4F:51.5
                                                                         3F:39.3
                        쌍: ⑧③4.3       
     복연: ⑧③1.8 ⑧②7.2 ③②12.0
     삼복: ⑧③②18.7 
     삼쌍: ⑧③②40.7 
-------------------------------------------------------------------------------------------------
펄 롱:13.5 10.9 11.5   12.2   12.6   13.0   13.7   
통과M:  200  400  600    800    1000   1200   1400
통과T:13.5 24.4 35.9 0:48.1 1:00.7 1:13.7 1:27.4 
-------------------------------------------------------------------------------------------------
통과순위 S-1F : 10,(3,4,5,7,11),9,(2,6,8,13),1-12       
           C1 :                                         
           C2 :                                         
           C3 : (^10,3),(4,5),(6,8,11,9),7-2,(1,13)=12  
           C4 : (10,3)-5,(4,8,11),(6,9)-(2,7),1,13-12   
         G-1F : 3-8,5,10,(6,2),11,9,7,1,4-12-13         
-------------------------------------------------------------------------------------------------
구분 출전번호  대상명            처분종류     처분내용                     세부내용
-------------------------------------------------------------------------------------------------
말     13      맥스런            주행심사                                  경주능력부진(1위마와 31.2마신차)                  
말      4      스프링킹          출발심사                                  출발자세불량                                      
-------------------------------------------------------------------------------------------------


제목 : 22년02월27일(일)  제10경주

(서울) 제14일 1700M 국4등급    핸디캡      경주명 : 일반                        
경주조건:      R1~50  연령오픈                   날씨:맑음 주로:건조  (5%)
순위상금: 33,000천원  13,200천원   8,400천원   3,000천원   2,400천원
부가상금:      0천원       0천원       0천원
-------------------------------------------------------------------------------------------------
순위 마번    마    명         산지   성별 연령 부담중량  기수명   조교사   마주명           레이팅
-------------------------------------------------------------------------------------------------
  1    5  드림패션             한     수     5    55.0   김정준   박병일   드림커뮤니티        44
  2   10  라온샹젤리           한     암     4    55.0   최범현   박종곤   손광섭              48
  3   12  운외창천             한     암     5    55.5   다비드   우창구   장수영              49
  4    1  교룡득수             한     수     5    56.5   송재철   지용철   (주)디알엠씨티      47
  5    6  조이브라더           한     거     5    56.5   빅투아르 리카디   이성인              47
  6    9  골든배지             한     암     5    52.0   김용근   강성오   이경희              36
  7    4  이터널메모리         한     거     5    57.5   정정희   박재우   오종택              49
  8    7  보디가드             한     수     4    52.0   이현종   조현수   (주)나스카          36
  9    2  킹칸모르             한     수     5    57.0   문성혁   서인석   이중연              48
 10   11  아침함성             한     암     4    54.0   먼로     박희철   이미경              46
 11    8  스타워즈             한     거     4    52.5   박을운   서홍수   이본희              39
 12    3  와일드킹덤           한(포) 수     5    52.0   김옥성   배휴준   양현모              36
-------------------------------------------------------------------------------------------------
순위 마번    마      명       마 체 중  기 록  도 착 차  S1F-1C-2C-3C-4C-G1F
-------------------------------------------------------------------------------------------------
  1    5  드림패션             496( +0) 1:52.0            6- 6- 6- 7- 7- 2
  2   10  라온샹젤리           478( +3) 1:52.4  2         1- 1- 1- 1- 1- 1
  3   12  운외창천             495( +1) 1:52.5  ½       10-10-10- 8- 8- 5
  4    1  교룡득수             511( -6) 1:52.8  2         2- 2- 2- 3- 3- 4
  5    6  조이브라더           469( -3) 1:53.1  1½       5- 5- 5- 2- 2- 3
  6    9  골든배지             446( -4) 1:53.1  목       11-11-11-12-12-11
  7    4  이터널메모리         468(-10) 1:53.2  ½        4- 4- 4- 5- 6- 6
  8    7  보디가드             497( -5) 1:53.2  코        7- 7- 9- 9-10- 9
  9    2  킹칸모르             507( -2) 1:53.3  ½        9- 9- 7- 6- 4- 7
 10   11  아침함성             427( -7) 1:53.4  ¾       12-12-12-11-11-10
 11    8  스타워즈             456( -1) 1:53.7  1¼       8- 8- 8-10- 9-12
 12    3  와일드킹덤           557( -5) 1:54.0  1½       3- 3- 3- 4- 5- 8
-------------------------------------------------------------------------------------------------
순위 마번    G-3Ｆ   S-1F  １코너  ２코너  ３코너  ４코너    G-1F  단승식 연승식
-------------------------------------------------------------------------------------------------
  1    5   40.0    0:14.5  0:14.5  0:26.8  1:04.0  1:19.4   13.8     10.4    3.1
  2   10   41.0    0:14.1  0:14.1  0:26.0  1:03.2  1:18.8   14.4      6.6    3.0
  3   12   40.4    0:15.1  0:15.1  0:27.6  1:04.2  1:19.5   13.6     14.2    4.4
  4    1   41.2    0:14.2  0:14.2  0:26.3  1:03.6  1:19.2   14.3      5.9    3.0
  5    6   41.6    0:14.4  0:14.4  0:26.7  1:03.5  1:18.9   14.7      4.2    1.6
  6    9   40.3    0:15.1  0:15.1  0:28.0  1:05.0  1:20.3   13.6     21.3    6.1
  7    4   41.5    0:14.2  0:14.2  0:26.7  1:03.8  1:19.4   14.3     14.8    2.9
  8    7   41.1    0:14.8  0:14.8  0:27.4  1:04.2  1:19.8   13.8     21.8    4.1
  9    2   41.7    0:14.9  0:14.9  0:27.2  1:03.8  1:19.2   14.3     32.5    7.2
 10   11   40.9    0:15.1  0:15.1  0:28.2  1:04.7  1:19.9   13.9      5.0    1.9
 11    8   41.6    0:14.8  0:14.8  0:27.3  1:04.2  1:19.7   14.1     27.1    7.6
 12    3   42.1    0:14.2  0:14.2  0:26.5  1:03.8  1:19.4   14.6     11.0    2.8
-------------------------------------------------------------------------------------------------
(복승식 배당률)
  1- 2    86.6  2- 9   252.1  4- 5    54.8  5-15     0.0  8- 9   189.7 11-12    33.3
  1- 3    41.8  2-10    84.0  4- 6    24.3  5-16     0.0  8-10    65.6 11-13     0.0
  1- 4    47.5  2-11   119.8  4- 7   171.5  6- 7    42.0  8-11   104.8 11-14     0.0
  1- 5    29.1  2-12   193.8  4- 8   207.5  6- 8    43.9  8-12   189.4 11-15     0.0
  1- 6    13.0  2-13     0.0  4- 9   139.4  6- 9    46.5  8-13     0.0 11-16     0.0
  1- 7    67.1  2-14     0.0  4-10    38.0  6-10    10.2  8-14     0.0 12-13     0.0
  1- 8    84.5  2-15     0.0  4-11    39.3  6-11    12.8  8-15     0.0 12-14     0.0
  1- 9   109.8  2-16     0.0  4-12    84.3  6-12    29.7  8-16     0.0 12-15     0.0
  1-10    16.5  3- 4    83.5  4-13     0.0  6-13     0.0  9-10    77.1 12-16     0.0
  1-11    22.7  3- 5    48.2  4-14     0.0  6-14     0.0  9-11    71.5 13-14     0.0
  1-12    57.6  3- 6    29.6  4-15     0.0  6-15     0.0  9-12   147.3 13-15     0.0
  1-13     0.0  3- 7   126.2  4-16     0.0  6-16     0.0  9-13     0.0 13-16     0.0
  1-14     0.0  3- 8   147.4  5- 6    17.5  7- 8   173.5  9-14     0.0 14-15     0.0
  1-15     0.0  3- 9   151.4  5- 7    72.6  7- 9   330.0  9-15     0.0 14-16     0.0
  1-16     0.0  3-10    42.2  5- 8   147.4  7-10    61.4  9-16     0.0 15-16     0.0
  2- 3   128.3  3-11    51.7  5- 9   113.5  7-11    66.3 10-11    12.9  0- 0     0.0
  2- 4   161.6  3-12    97.5  5-10    33.7  7-12   137.0 10-12    33.9  0- 0     0.0
  2- 5   118.3  3-13     0.0  5-11    36.4  7-13     0.0 10-13     0.0  0- 0     0.0
  2- 6    76.6  3-14     0.0  5-12    59.9  7-14     0.0 10-14     0.0  0- 0     0.0
  2- 7   353.0  3-15     0.0  5-13     0.0  7-15     0.0 10-15     0.0  0- 0     0.0
  2- 8   350.1  3-16     0.0  5-14     0.0  7-16     0.0 10-16     0.0  0- 0     0.0
-------------------------------------------------------------------------------------------------
매출액 단식:     33,689,100    연식:     69,974,900      복식:  1,397,778,500
       복연:    172,255,400    쌍식:    291,191,200      삼복:  1,146,129,800
       삼쌍:    399,555,300    합계:  3,510,574,200
-------------------------------------------------------------------------------------------------
배당률 단: ⑤10.4       연: ⑤3.1 ⑩3.0 ⑫4.4          복: ⑤⑩33.7      4F:53.9
                                                                         3F:40.6
                        쌍: ⑤⑩71.1      
     복연: ⑤⑩14.1 ⑤⑫17.5 ⑩⑫14.1
     삼복: ⑤⑩⑫171.3 
     삼쌍: ⑤⑩⑫874.6 
-------------------------------------------------------------------------------------------------
펄 롱: 8.3 11.5 12.5   12.8   13.0   13.3   13.6   13.0   14.0   
통과M:  100  300  500    700    900    1100   1300   1500   1700
통과T:08.3 19.8 32.3 0:45.1 0:58.1 1:11.4 1:25.0 1:38.0 1:52.0 
-------------------------------------------------------------------------------------------------
통과순위 S-1F : (1,3,4,^10),(5,6),(2,7,8),(12,9,11)     
           C1 : (1,3,4,^10),(5,6),(2,7,8),(12,9,11)     
           C2 : 10,1,3,(5,4,6)-2,(7,8),12-9,11          
           C3 : 10,(1,6),(3,4,2),5,(12,7,8)-11,9        
           C4 : (^10,6),(1,2),(3,4,12,5),(7,8),11-9     
         G-1F : 10,5,(1,6)-(12,4,2)-(3,11,9,7),8        
-------------------------------------------------------------------------------------------------
구분 출전번호  대상명            처분종류     처분내용                     세부내용
-------------------------------------------------------------------------------------------------
기수    2      문성혁            견책                                      4코너 지점 안으로 진로변경 4,12번 주행방해        
기수    4      정정희            견책                                      4코너 지점 안으로 진로변경 12번 주행방해          
-------------------------------------------------------------------------------------------------


제목 : 22년02월27일(일)  제11경주

(서울) 제14일 2000M 1등급    핸디캡      경주명 : 일반                        
경주조건:     R1~140  연령오픈                   날씨:맑음 주로:건조  (5%)
순위상금: 60,500천원  24,200천원  15,400천원   5,500천원   4,400천원
부가상금:      0천원       0천원       0천원
-------------------------------------------------------------------------------------------------
순위 마번    마    명         산지   성별 연령 부담중량  기수명   조교사   마주명           레이팅
-------------------------------------------------------------------------------------------------
  1    4  심장의고동           한     수     6    52.0   송재철   지용철   오종환             107
  2    2  문학치프             미     수     7    60.0   빅투아르 정호익   권경자             138
  3   10  흑전사               한(포) 수     6    52.0   유승완   김동균   김창희             118
  4    8  위너골드             미     수     7    52.0   먼로     우창구   전영범             118
  5    9  슈퍼삭스             미     거     7    52.0   이현종   리카디   김창식             118
  6    3  브리가디어제너럴     호     수     6    52.0   부민호   서범석   청팅콩             102
  7    5  문학타이거           미     수     6    52.0   다비드   박재우   황봉기              95
  8    1  샴로커               미     수     9    52.5   김용근   송문길   최몽주             123
  9    7  명품축제             한     수     6    52.0   박을운   김점오   백경무              89
 10    6  원더풀이블           한     수     6    52.0   조한별   서범석   지대섭              85
-------------------------------------------------------------------------------------------------
순위 마번    마      명       마 체 중  기 록  도 착 차  S1F-1C-2C-3C-4C-G1F
-------------------------------------------------------------------------------------------------
  1    4  심장의고동           509( -5) 2:10.2            2- 2- 2- 2- 2- 1
  2    2  문학치프             540( +8) 2:10.7  2½       1- 1- 1- 1- 1- 2
  3   10  흑전사               488( -3) 2:10.9  1         3- 4- 5- 5- 5- 3
  4    8  위너골드             488( -6) 2:11.3  2½      10-10- 9- 7- 7- 4
  5    9  슈퍼삭스             505( -3) 2:11.6  2         7- 6- 7- 8- 8- 6
  6    3  브리가디어제너럴     486( -5) 2:11.8  1¼       5- 3- 4- 3- 3- 7
  7    5  문학타이거           498( -7) 2:11.9  목        8- 8- 6- 6- 6- 5
  8    1  샴로커               520( +5) 2:12.7  5         4- 5- 3- 4- 4- 8
  9    7  명품축제             524( -2) 2:14.3  9         6- 7-10- 9-10- 9
 10    6  원더풀이블           483( -7) 2:15.7  8         9- 9- 8-10- 9-10
-------------------------------------------------------------------------------------------------
순위 마번    G-3Ｆ   S-1F  １코너  ２코너  ３코너  ４코너    G-1F  단승식 연승식
-------------------------------------------------------------------------------------------------
  1    4   38.0    0:14.0  0:26.6  0:40.1  1:19.5  1:38.4   13.3      5.2    2.0
  2    2   38.6    0:14.0  0:26.5  0:39.9  1:19.4  1:38.4   13.6      6.4    2.7
  3   10   38.2    0:14.1  0:26.9  0:40.7  1:19.9  1:39.0   13.1      3.4    1.3
  4    8   38.5    0:14.9  0:27.8  0:41.2  1:20.2  1:39.3   13.2      6.2    2.2
  5    9   38.6    0:14.5  0:27.1  0:40.8  1:20.4  1:39.3   13.3     15.3    3.3
  6    3   39.3    0:14.5  0:26.9  0:40.4  1:19.8  1:38.9   13.5      3.6    1.4
  7    5   39.1    0:14.7  0:27.5  0:40.8  1:20.1  1:39.2   13.8    129.2   19.3
  8    1   40.1    0:14.4  0:27.1  0:40.4  1:19.9  1:39.0   14.0     14.2    2.9
  9    7   40.6    0:14.5  0:27.5  0:41.2  1:20.8  1:40.0   15.2     60.8    5.1
 10    6   42.2    0:14.7  0:27.5  0:41.1  1:20.8  1:39.9   13.5    133.3   18.9
-------------------------------------------------------------------------------------------------
(복승식 배당률)
  1- 2    29.9  2- 9    80.7  4- 5   422.7  5-15     0.0  8- 9    64.1 11-12     0.0
  1- 3    16.7  2-10    12.0  4- 6   578.5  5-16     0.0  8-10     8.9 11-13     0.0
  1- 4    36.2  2-11     0.0  4- 7   149.9  6- 7   990.9  8-11     0.0 11-14     0.0
  1- 5   517.6  2-12     0.0  4- 8    23.7  6- 8   578.9  8-12     0.0 11-15     0.0
  1- 6   648.8  2-13     0.0  4- 9    71.3  6- 9   962.8  8-13     0.0 11-16     0.0
  1- 7   233.8  2-14     0.0  4-10     8.4  6-10   272.9  8-14     0.0 12-13     0.0
  1- 8    38.7  2-15     0.0  4-11     0.0  6-11     0.0  8-15     0.0 12-14     0.0
  1- 9   105.4  2-16     0.0  4-12     0.0  6-12     0.0  8-16     0.0 12-15     0.0
  1-10    17.1  3- 4     8.7  4-13     0.0  6-13     0.0  9-10    22.9 12-16     0.0
  1-11     0.0  3- 5   271.6  4-14     0.0  6-14     0.0  9-11     0.0 13-14     0.0
  1-12     0.0  3- 6   312.7  4-15     0.0  6-15     0.0  9-12     0.0 13-15     0.0
  1-13     0.0  3- 7    86.0  4-16     0.0  6-16     0.0  9-13     0.0 13-16     0.0
  1-14     0.0  3- 8    11.0  5- 6  1150.1  7- 8   156.6  9-14     0.0 14-15     0.0
  1-15     0.0  3- 9    36.1  5- 7   899.3  7- 9   248.7  9-15     0.0 14-16     0.0
  1-16     0.0  3-10     4.9  5- 8   417.6  7-10    72.4  9-16     0.0 15-16     0.0
  2- 3    10.5  3-11     0.0  5- 9   861.4  7-11     0.0 10-11     0.0  0- 0     0.0
  2- 4    19.5  3-12     0.0  5-10   213.8  7-12     0.0 10-12     0.0  0- 0     0.0
  2- 5   352.9  3-13     0.0  5-11     0.0  7-13     0.0 10-13     0.0  0- 0     0.0
  2- 6   464.1  3-14     0.0  5-12     0.0  7-14     0.0 10-14     0.0  0- 0     0.0
  2- 7   136.5  3-15     0.0  5-13     0.0  7-15     0.0 10-15     0.0  0- 0     0.0
  2- 8    28.3  3-16     0.0  5-14     0.0  7-16     0.0 10-16     0.0  0- 0     0.0
-------------------------------------------------------------------------------------------------
매출액 단식:     32,374,000    연식:     49,226,500      복식:  1,340,375,800
       복연:    149,107,500    쌍식:    360,794,500      삼복:  1,175,183,000
       삼쌍:    450,349,400    합계:  3,557,410,700
-------------------------------------------------------------------------------------------------
배당률 단: ④5.2        연: ④2.0 ②2.7 ⑩1.3          복: ④②19.5      4F:50.8
                                                                         3F:38.1
                        쌍: ④②48.6      
     복연: ④②6.6 ④⑩3.4 ②⑩5.1
     삼복: ④②⑩17.7 
     삼쌍: ④②⑩141.3 
-------------------------------------------------------------------------------------------------
펄 롱:14.0 12.5 13.4   13.6   13.1   12.8   12.7   12.6   12.2   13.3   
통과M:  200  400  600    800    1000   1200   1400   1600   1800   2000
통과T:14.0 26.5 39.9 0:53.5 1:06.6 1:19.4 1:32.1 1:44.7 1:56.9 2:10.2 
-------------------------------------------------------------------------------------------------
통과순위 S-1F : (2,4,10),(1,3,7,9),(5,6),8              
           C1 : (^2,4),(3,10),(1,9)-(7,5,6),8           
           C2 : 2,4,(1,3),(5,9,10),(8,7,6)              
           C3 : (^2,4),(1,3,10),(8,5),9-(7,6)           
           C4 : (2,4)-(1,3,10),(8,5,9)-(7,6)            
         G-1F : 4,2-10,(8,5),(9,3)-1-7≡6                
-------------------------------------------------------------------------------------------------
구분 출전번호  대상명            처분종류     처분내용                     세부내용
-------------------------------------------------------------------------------------------------
특 
이 
사 
항
-------------------------------------------------------------------------------------------------
