출전마진료및장구사용

경주일: 2021.12.10   1 경주
─────────────────────────────────────────────────────────  
 No  마명                보조장구               폐출혈            진료사항                  
─────────────────────────────────────────────────────────  
  1  애니카걸             망사눈가면                        2021.12.08운동기인성 피로회복(수액처치)
                          Triabit러깅재갈                   2021.11.10인푸렌자예방접종,선역예방접종
  2  코코윈               반가지큰고리재갈   2020.11.20 1회 2021.11.15인푸렌자예방접종,선역예방접종
                          망사가면                          2021.09.28우각막찰과상        
  3  윈드하이             망사가면                          2021.12.08운동기인성 피로회복(수액처치)
                          반가지큰고리재갈                  2021.11.30우전지 근육통       
  4  성실소녀             망사가면                          2021.11.15운동기인성 피로회복 
                                                            2021.11.13인푸렌자예방접종,선역예방접종
  5  갤럽보이             Triabit러깅재갈                   2021.11.08좌각막찰과상        
                          망사가면                          2021.11.07인푸렌자예방접종,선역예방접종
  6  텐텐퀸               꼬리받침                          2021.11.20우각막찰과상        
                          계란형큰고리재갈                  2021.11.05인푸렌자예방접종,선역예방접종
  7  뉴루비               망사눈가면                        2021.11.29인푸렌자예방접종,선역예방접종
                          귀가면(예시&출장                  2021.11.28식이성 식욕부진,진정(장제)
  8  픽처재스퍼           망사가면                          2021.11.28좌각막찰과상        
                                                            2021.11.26운동기인성 피로회복(수액처치)
  9  바람공주             망사가면                          2021.11.14좌각막찰과상        
                          혀보정끈                          2021.11.01인푸렌자예방접종,선역예방접종

경주일: 2021.12.10   2 경주
─────────────────────────────────────────────────────────  
 No  마명                보조장구               폐출혈            진료사항                  
─────────────────────────────────────────────────────────  
  1  에이스로드           반가지큰고리재갈                  2021.11.08인푸렌자예방접종,선역예방접종
                          망사눈가면                                                      
  2  히트러너             망사눈가면                        2021.11.14좌전지교돌상        
                          반가지큰고리재갈                  2021.10.31인푸렌자예방접종,선역예방접종
  3  월드플라워           반가지큰고리재갈                  2021.11.30식이성 식욕부진     
                          망사가면                          2021.11.14인푸렌자예방접종,선역예방접종
  4  언브라이들퀸         망사눈가면                        2021.11.20정치                
                                                            2021.11.12좌각막찰과상        
  5  골든브룸             몰이 ROPE                         2021.12.08운동기인성 피로회복(수액처치)
                          귀가면(예시&출장                  2021.11.14양제3중수골골막염   
  6  뉴프레시             계란형큰고리재갈                  2021.11.10인푸렌자예방접종,선역예방접종
                          망사가면                          2021.11.09우각막찰과상        
  7  배다리강호           반가지큰고리재갈                  2021.11.21좌전지교돌상        
                          BlueBond편자                      2021.11.08우전지교돌상        
  8  오메가걸             망사눈가면                        2021.10.25인푸렌자예방접종,선역예방접종
                          반가지큰고리재갈                                                

경주일: 2021.12.10   3 경주
─────────────────────────────────────────────────────────  
 No  마명                보조장구               폐출혈            진료사항                  
─────────────────────────────────────────────────────────  
  1  천하넘버원           계란형큰고리재갈                  2021.12.08운동기인성 피로회복(수액처치)
                          망사눈가면                        2021.11.26우각막찰과상        
  2  청마황후             망사눈가면         2020.12.20 1회 2021.11.26양전지 근육통       
                          계란형큰고리재갈                  2021.11.17귀진드기감염증      
  3  굿스타               계란형큰고리재갈                  2021.11.14좌각막찰과상        
                          망사눈가면                        2021.11.12인푸렌자예방접종,선역예방접종
  4  베스트해피           반가지큰고리재갈                  2021.11.21인푸렌자예방접종,선역예방접종
                          망사가면                                                        
  5  해브어굿타임         망사눈가면                        2021.10.31우전지교돌상        
                          계란형큰고리재갈                  2021.10.31인푸렌자예방접종,선역예방접종
  6  앨버트킹             망사가면                          2021.10.30좌각막찰과상        
                                                            2021.10.29인푸렌자예방접종,선역예방접종
  7  톱에이스             Triabit러깅재갈                   2021.11.07인푸렌자예방접종,선역예방접종
                          눈가면                            2021.09.12정치                
  8  와일드블루           계란형큰고리재갈                  2021.11.21좌각막찰과상        
                          귀가면(예시&출장                  2021.11.01인푸렌자예방접종,선역예방접종
  9  아델스마트           망사가면                          2021.11.30우중족부찰과상      
                                                            2021.11.15좌각막찰과상        
 10  탐라하늘             반가지큰고리재갈                  2021.11.01인푸렌자예방접종,선역예방접종
                                                                                          

경주일: 2021.12.10   4 경주
─────────────────────────────────────────────────────────  
 No  마명                보조장구               폐출혈            진료사항                  
─────────────────────────────────────────────────────────  
  1  이글스타             눈가리개                          2021.11.12인푸렌자예방접종,선역예방접종
                          반가지큰고리재갈                  2021.11.09우각막찰과상        
  2  라피도퀸             계란형큰고리재갈                  2021.11.26좌전지교돌상        
                                                            2021.11.07우전지교돌상        
  3  투투라임             계란형큰고리재갈                  2021.11.13인푸렌자예방접종,선역예방접종
                          망사가면                          2021.11.13운동기인성 피로회복 
  4  전설의펀치           JR러깅재갈                        2021.12.04정치                
                          혀보정끈                          2021.11.28좌후지교돌상        
  5  모닝선더             망사눈가면                        2021.11.12정치                
                          반가지큰고리재갈                  2021.11.09양각막염            
  6  캐치더빅토리         귀가면(예시&출장                  2021.12.08운동기인성 피로회복(수액처치)
                          반가지큰고리재갈                  2021.11.30운동기인성 피로회복 
  7  뜨거운만남           귀가면(예시&출장                  2021.12.08운동기인성 피로회복(수액처치)
                          망사눈가면                        2021.11.30운동기인성 피로회복 
  8  킹비드               계란형큰고리재갈                  2021.11.09우각막찰과상        
                          망사가면                          2021.11.08인푸렌자예방접종,선역예방접종
  9  테이크인디킹         혀보정끈                          2021.11.01인푸렌자예방접종,선역예방접종
                          계란형큰고리재갈                                                
 10  오르다               계란형큰고리재갈                  2021.10.30인푸렌자예방접종,선역예방접종
                                                            2021.10.18좌전지 부종         
 11  와칸다               계란형큰고리재갈                  2021.11.10인푸렌자예방접종,선역예방접종
                          망사가면                          2021.11.08양각막찰과상        
 12  킹앨리               계란형큰고리재갈                  2021.11.23좌각막찰과상        
                          망사눈가면                        2021.11.16우전지파행          

경주일: 2021.12.10   5 경주
─────────────────────────────────────────────────────────  
 No  마명                보조장구               폐출혈            진료사항                  
─────────────────────────────────────────────────────────  
  1  루카스선             꼬리받침                          2021.11.28좌각막찰과상        
                          눈가면                            2021.11.16우비절부 좌창       
  2  쾌한황금             계란형큰고리재갈                  2021.11.30양후지교돌상        
                          귀가면(예시&출장                  2021.11.29우전지 근육통       
  3  센텀토르             구각자극판         2021.10.10 1회 2021.11.29우각막찰과상        
                          망사눈가면                        2021.11.07인푸렌자예방접종,선역예방접종
  4  성산히어로           망사가면                          2021.12.03정치                
                          계란형큰고리재갈                  2021.11.08우후지교돌상        
  5  스테디위너           망사눈가면                        2021.11.19우후지교돌상        
                          JR러깅재갈                        2021.10.30인푸렌자예방접종,선역예방접종
  6  올드천하             귀가면(예시&출장                  2021.11.19좌전지교돌상        
                          망사가면                          2021.11.01인푸렌자예방접종,선역예방접종
  7  닥터프로             계란형큰고리재갈                  2021.11.27좌각막찰과상        
                          망사눈가면                        2021.11.27인푸렌자예방접종,선역예방접종
  8  에이스포텐           망사가면                          2021.12.04운동기인성 피로회복(수액처치)
                          반가지큰고리재갈                  2021.11.19정치,발치           
  9  프리깃버드           망사눈가면                        2021.11.30좌전지교돌상        
                          계란형큰고리재갈                  2021.11.26인푸렌자예방접종,선역예방접종
 10  온누리강자           계란형큰고리재갈   2019.09.06 1회 2021.11.14우전지교돌상        
                                                            2021.10.27인푸렌자예방접종,선역예방접종
 11  레인킬러             망사가면                          2021.11.20좌후지교돌상        
                          계란형큰고리재갈                  2021.10.31좌전지교돌상        
 12  플라잉킹즈                                             2021.11.05인푸렌자예방접종,선역예방접종
                                                            2021.10.25좌각막찰과상        

경주일: 2021.12.10   6 경주
─────────────────────────────────────────────────────────  
 No  마명                보조장구               폐출혈            진료사항                  
─────────────────────────────────────────────────────────  
  1  영봉산                                                 2021.11.20우전지교돌상        
                                                            2021.10.26양전구절염          
  2  승리토우트           망사눈가면                        2021.11.27요배통              
                                                            2021.11.17인푸렌자예방접종,선역예방접종
  3  뮤직박스             망사가면                          2021.11.19정치                
                          반가지큰고리재갈                  2021.11.16후두염              
  4  불멸의길             눈가리개                          2021.11.18우전구절찰과상      
                          Triabit러깅재갈                   2021.11.02양전구절염          
  5  동반의시작           귀가면(예시&출장                  2021.11.20우전지교돌상        
                          계란형큰고리재갈                  2021.10.25인푸렌자예방접종,선역예방접종
  6  그레이트댄스         망사눈가면                        2021.11.01인푸렌자예방접종,선역예방접종
                          반가지큰고리재갈                                                
  7  닥터테이크           계란형큰고리재갈                  2021.12.08운동기인성 피로회복(수액처치)
                          망사눈가면                        2021.11.15인푸렌자예방접종,선역예방접종
  8  장한질주             계란형큰고리재갈                  2021.11.19좌후지교돌상        
                          망사가면                          2021.10.31인푸렌자예방접종,선역예방접종

경주일: 2021.12.10   7 경주
─────────────────────────────────────────────────────────  
 No  마명                보조장구               폐출혈            진료사항                  
─────────────────────────────────────────────────────────  
  1  소머치고             망사가면                          2021.12.08운동기인성 피로회복(수액처치)
                          귀가면(예시&출장                  2021.11.30양후지 근육통       
  2  느닷                 귀가면(예시&출장                  2021.11.27운동기인성 피로회복 
                          망사가면                          2021.11.08인푸렌자예방접종,선역예방접종
  3  천년의질주           망사눈가면                        2021.11.23좌후지교돌상        
                          계란형큰고리재갈                  2021.11.02좌각막찰과상        
  4  금아사이킥           계란형큰고리재갈                  2021.11.14좌전지교돌상        
                          귀가면(예시&출장                  2021.10.25인푸렌자예방접종,선역예방접종
  5  바벨히트             망사눈가면                        2021.11.01인푸렌자예방접종,선역예방접종
                          계란형큰고리재갈                  2021.10.09우전구절찰과상      
  6  라온더파워           망사눈가면                        2021.11.29좌각막찰과상        
                          Triabit러깅재갈                   2021.11.22인푸렌자예방접종,선역예방접종
  7  최강쏜살             망사눈가면                        2021.11.15좌각막찰과상        
                          Triabit러깅재갈                   2021.10.25인푸렌자예방접종,선역예방접종
  8  원더풀피스           반가지큰고리재갈                  2021.11.28좌각막찰과상        
                          망사가면                          2021.10.31인푸렌자예방접종,선역예방접종
  9  아모르파티           계란형큰고리재갈                  2021.11.08인푸렌자예방접종,선역예방접종
                          망사가면                          2021.11.06운동기인성 피로회복 
 10  로키스카이           망사가면                          2021.11.15좌후지교돌상        
                          혀보정끈                          2021.10.31인푸렌자예방접종,선역예방접종
 11  스파이스캔디         망사가면                          2021.12.08운동기인성 피로회복(수액처치)
                                                            2021.11.24진정(보정)          

경주일: 2021.12.12   1 경주
─────────────────────────────────────────────────────────  
 No  마명                보조장구               폐출혈            진료사항                  
─────────────────────────────────────────────────────────  
  1  대호전설             계란형큰고리재갈                  2021.11.11좌중수부 찰과상     
                          망사가면                          2021.11.08양전지 근육통       
  2  나이스데이           Triabit러깅재갈                   2021.11.21좌전지교돌상        
                          귀가면(예시&출장                  2021.10.31인푸렌자예방접종,선역예방접종
  3  최강포스             망사눈가면                        2021.11.25우각막찰과상        
                          반가지큰고리재갈                  2021.11.10인푸렌자예방접종,선역예방접종
  4  원더풀큐티           망사눈가면                        2021.11.23우각막찰과상        
                          반가지큰고리재갈                  2021.10.31인푸렌자예방접종,선역예방접종
  5  대지플라이           귀가면(예시&출장                  2021.11.24우전지 근육통       
                          망사가면                          2021.10.25인푸렌자예방접종,선역예방접종
  6  운주불패             귀가면(예시&출장                  2021.11.01인푸렌자예방접종,선역예방접종
                          망사가면                          2021.09.19우각막찰과상        
  7  라온더굳센           Triabit러깅재갈                   2021.12.02좌후지 근육통       
                          망사가면                          2021.11.30양후지 근육통       
  8  비케이하운드         Triabit러깅재갈                   2021.11.13좌각막찰과상        
                          망사가면                          2021.10.29양각막찰과상        
  9  구름속산책           혀보정끈                          2021.11.20인푸렌자예방접종,선역예방접종
                          계란형큰고리재갈                  2021.09.25우중족부찰과상      
 10  와이즈보이           BlueBond편자                      2021.11.30양후지 근육통       
                          귀가면(예시&출장                  2021.11.27양후지 근육통,요배통
 11  선더클라우드         망사가면                          2021.11.15인푸렌자예방접종,선역예방접종
                                                            2021.11.13운동기인성 피로회복 
 12  킹새터데이           반가지큰고리재갈                  2021.11.30양후지 근육통       
                          귀가면(예시&출장                  2021.11.09양제3중수골골막염   

경주일: 2021.12.12   2 경주
─────────────────────────────────────────────────────────  
 No  마명                보조장구               폐출혈            진료사항                  
─────────────────────────────────────────────────────────  
  1  와일드아델           계란형큰고리재갈                  2021.11.15인푸렌자예방접종,선역예방접종
                          망사가면                          2021.11.13좌각막찰과상        
  2  스텔루나             망사가면                          2021.12.05운동기인성 피로회복(수액처치)
                          반가지큰고리재갈                  2021.11.28진정(장제)          
  3  더프린세스           Triabit러깅재갈                   2021.11.15양각막염            
                          망사가면                          2021.10.25인푸렌자예방접종,선역예방접종
  4  달이뜨니             망사가면                          2021.11.28양후지교돌상        
                                                            2021.11.24운동기인성 피로회복(수액처치)
  5  바벨라일락           계란형큰고리재갈                  2021.11.06인푸렌자예방접종,선역예방접종
                                                                                          
  6  전설의타임           Triabit러깅재갈                   2021.11.21인푸렌자예방접종,선역예방접종
                          망사가면                                                        
  7  하바나제인                                             2021.11.16우완완관절 퇴행성관절염
                                                            2021.11.12좌각막찰과상        
  8  판타스틱러브         망사가면                          2021.11.28좌각막찰과상        
                          반가지큰고리재갈                  2021.10.30인푸렌자예방접종,선역예방접종
  9  위시럭               혀보정끈                          2021.11.26운동기인성 피로회복(수액처치)
                          BlueBond편자                      2021.10.27인푸렌자예방접종,선역예방접종
 10  최강두드림           계란형큰고리재갈                  2021.09.18우각막찰과상        
                          망사가면                                                        

경주일: 2021.12.12   3 경주
─────────────────────────────────────────────────────────  
 No  마명                보조장구               폐출혈            진료사항                  
─────────────────────────────────────────────────────────  
  1  수소파워             망사가면                          2021.11.21우후 구절부 찰과상  
                          계란형큰고리재갈                  2021.11.11정치                
  2  룰루                 망사가면                          2021.11.22우후지교돌상        
                          반가지큰고리재갈                  2021.11.19운동기인성 피로회복(수액처치)
  3  에이원스             망사눈가면                        2021.11.08인푸렌자예방접종,선역예방접종
                          반가지큰고리재갈                  2021.09.28좌각막찰과상        
  4  스타티세             망사가면                          2021.11.28우전지교돌상        
                          계란형큰고리재갈                  2021.11.20정치                
  5  호랭이               계란형큰고리재갈                  2021.11.07인푸렌자예방접종,선역예방접종
                          망사가면                          2021.11.06양전구절염          
  6  전설의파티           망사가면           2021.11.07 1회 2021.11.27좌각막찰과상        
                          반가지큰고리재갈                  2021.11.10인푸렌자예방접종,선역예방접종
  7  승리의불길           반가지큰고리재갈                  2021.11.26좌각막찰과상        
                          망사가면                          2021.11.07우각막찰과상        
  8  베스트윈드           망사가면                          2021.12.06정치                
                          반가지큰고리재갈                  2021.11.17인푸렌자예방접종,선역예방접종
  9  퍼스트파크           Triabit러깅재갈                   2021.10.26인푸렌자예방접종,선역예방접종
                          귀가면(예시&출장                  2021.09.30우중족부찰과상      

경주일: 2021.12.12   4 경주
─────────────────────────────────────────────────────────  
 No  마명                보조장구               폐출혈            진료사항                  
─────────────────────────────────────────────────────────  
  1  베스트함성           귀가면(예시&출장                  2021.11.22좌후지교돌상        
                          망사가면                          2021.11.19운동기인성 피로회복(수액처치)
  2  장산프라이드         혀보정끈                          2021.11.22좌각막찰과상        
                          망사눈가면                        2021.11.07인푸렌자예방접종,선역예방접종
  3  노던라이츠           계란형큰고리재갈   2021.05.02 1회 2021.11.12정치                
                          귀가면(예시&출장                  2021.10.25인푸렌자예방접종,선역예방접종
  4  광대승천             눈가리개                          2021.11.25정치                
                          망사눈가면                        2021.11.16우각막찰과상        
  5  수소엔진             망사가면                          2021.11.25운동기인성 피로회복 
                          귀가면(예시&출장                  2021.11.11정치                
  6  팀스카이             Triabit러깅재갈                   2021.11.01인푸렌자예방접종,선역예방접종
                          망사가면                          2021.10.29우각막찰과상        
  7  선마운틴             망사가면                          2021.11.14좌각막찰과상        
                                                            2021.10.30인푸렌자예방접종,선역예방접종
  8  골드럭               망사눈가면                        2021.12.07정치                
                          JR러깅재갈                        2021.11.19좌후지교돌상        
  9  메니글로리           계란형큰고리재갈                  2021.11.15인푸렌자예방접종,선역예방접종
                          귀가면(예시&출장                  2021.11.08우후지교돌상        
 10  대지초이스           계란형큰고리재갈                  2021.11.22양각막찰과상        
                                                            2021.11.15인푸렌자예방접종,선역예방접종

경주일: 2021.12.12   5 경주
─────────────────────────────────────────────────────────  
 No  마명                보조장구               폐출혈            진료사항                  
─────────────────────────────────────────────────────────  
  1  마크원               계란형큰고리재갈                  2021.11.27진정(장제)          
                          망사눈가면                        2021.11.26양전구절염          
  2  퀸마블이지           망사눈가면                        2021.11.21좌전지파행          
                          계란형큰고리재갈                  2021.11.16양전지파행          
  3  해피우먼             망사가면                          2021.12.05운동기인성 피로회복(수액처치)
                          반가지큰고리재갈                  2021.11.15근육통,우전지교돌상 
  4  타핏원더풀           꼬리받침                          2021.11.01인푸렌자예방접종,선역예방접종
                          귀가면(예시&출장                  2021.10.30양요완골골연골증,우전지파행
  5  퓨어킹               망사가면                          2021.11.18좌전지파행          
                          계란형큰고리재갈                  2021.11.14좌전지교돌상        
  6  에이스데이           망사가면                          2021.10.29인푸렌자예방접종,선역예방접종
                                                            2021.10.28정치                
  7  허니드래건           망사눈가면                        2021.10.30인푸렌자예방접종,선역예방접종
                          계란형큰고리재갈                                                
  8  볼라벤               망사눈가면                        2021.11.22인푸렌자예방접종,선역예방접종
                          귀가면(예시&출장                  2021.11.01양후지 근육통       
  9  인피니티파워         귀가면(예시&출장                  2021.12.06운동기인성 피로회복(수액처치)
                          계란형큰고리재갈                  2021.12.01양후지 근육통       
 10  블루챔프             귀가면(예시&출장   2021.05.01 1회 2021.11.15인푸렌자예방접종,선역예방접종
                          반가지큰고리재갈                  2021.11.13양전지 근육통       
 11  갤럭시오브           망사눈가면                        2021.12.04정치                
                          혀보정끈                          2021.11.28우후지교돌상        

경주일: 2021.12.12   6 경주
─────────────────────────────────────────────────────────  
 No  마명                보조장구               폐출혈            진료사항                  
─────────────────────────────────────────────────────────  
  1  파워게이트           Triabit러깅재갈                   2021.11.26좌각막찰과상        
                          망사가면                          2021.11.07인푸렌자예방접종,선역예방접종
  2  그레이트굿           망사가면                          2021.11.13좌후지교돌상        
                          반가지큰고리재갈                  2021.10.31인푸렌자예방접종,선역예방접종
  3  엔들리스러닝         계란형큰고리재갈                  2021.11.23양전지교돌상        
                          혀보정끈                          2021.11.21물리치료(쇽웨이브)  
  4  캡틴스텔스           망사눈가면                        2021.11.15우상안검 좌상       
                                                            2021.10.29인푸렌자예방접종,선역예방접종
  5  미녀봉               귀가면(예시&출장                  2021.11.24좌중수부 찰과상     
                          망사가면                          2021.11.21우각막찰과상        
  6  남도퀸               반가지큰고리재갈                  2021.12.02진정(장제)          
                                                            2021.11.28우각막찰과상        
  7  퀸오브캡틴           계란형큰고리재갈                  2021.11.22좌전지교돌상        
                          망사눈가면                        2021.11.19운동기인성 피로회복(수액처치)
  8  영도갈매기           반가지큰고리재갈                  2021.11.30좌각막찰과상        
                          귀가면(예시&출장                  2021.11.14인푸렌자예방접종,선역예방접종
  9  내가새강자           계란형큰고리재갈                  2021.11.19우전지교돌상        
                          망사가면                          2021.11.17운동기인성 피로회복(수액처치)
 10  대동기상             망사가면                          2021.11.28좌전지교돌상        
                          반가지큰고리재갈                  2021.11.08인푸렌자예방접종,선역예방접종

경주일: 2021.12.12   7 경주
─────────────────────────────────────────────────────────  
 No  마명                보조장구               폐출혈            진료사항                  
─────────────────────────────────────────────────────────  
  1  미스터스캣           망사눈가면                        2021.11.30좌전지 근육통       
                                                            2021.11.28양각막찰과상        
  2  파샤                 Triabit러깅재갈    2019.12.08 1회 2021.12.01양후지 근육통       
                          망사가면                          2021.10.25인푸렌자예방접종,선역예방접종
  3  굿캐스팅             귀가면(예시&출장                  2021.12.07운동기인성 피로회복(수액처치)
                          망사가면                          2021.11.24양후지 근육통       
  4  신라의전설           JR러깅재갈                        2021.11.14인푸렌자예방접종,선역예방접종
                          망사눈가면                        2021.11.13좌각막찰과상        
  5  킹오브글로리         계란형큰고리재갈                  2021.11.21우전지교돌상        
                                                            2021.11.21인푸렌자예방접종,선역예방접종
  6  알파킹이지           망사가면                          2021.12.04운동기인성 피로회복(수액처치)
                          반가지큰고리재갈                  2021.11.24정치                
  7  더세이버             Triabit러깅재갈                   2021.12.04정치                
                          망사가면                          2021.11.20운동기인성 피로회복(수액처치)
  8  그레이트킹           망사가면                          2021.12.04운동기인성 피로회복(수액처치)
                          반가지큰고리재갈                  2021.11.13좌전지교돌상        
  9  무한열정             눈가리개                          2021.11.04인푸렌자예방접종,선역예방접종
                          반가지큰고리재갈                  2021.10.31좌각막찰과상        
 10  크레이지콘티         계란형큰고리재갈                  2021.12.06운동기인성 피로회복(수액처치)
                          망사눈가면                        2021.11.28우전지교돌상        
 11  스마트프린스         망사눈가면                        2021.12.02좌후지파행          
                          반가지큰고리재갈                  2021.11.25좌각막찰과상        
 12  블루파워             망사눈가면                        2021.11.28양후지 근육통       
                          반가지큰고리재갈                  2021.10.31인푸렌자예방접종,선역예방접종

